10-10 15:39:45.882 17804 17881 W cr_OAuth2TokenService: Failed to perform auth task: Ih2: Error while getting token for scope 'oauth2:https://www.googleapis.com/auth/chromesync'
10-10 15:39:45.882 17804 17881 W cr_OAuth2TokenService: Caused by: ir: User intervention required. Notification has been pushed.
10-10 15:39:47.611  3962  4086 D InputReader: Input event(3): value=1 when=42764750246000
10-10 15:39:47.611  3962  4086 D InputReader: Input event(3): value=1 when=42764750246000
10-10 15:39:47.612  3962  4086 I InputReader: Touch event's action is 0x0 (deviceType=0) [pCnt=1, s=0.566 ] when=42764750246000
10-10 15:39:47.612  3962  4085 I InputDispatcher: Delivering touch to (4347): action: 0x4, toolType: 1
10-10 15:39:47.612  3962  4085 I InputDispatcher: Delivering touch to (17804): action: 0x0, toolType: 1
10-10 15:39:47.615 17804 17804 D ViewRootImpl@246774e[Main]: ViewPostIme pointer 0
10-10 15:39:48.132  3962  4085 D PowerManagerService: [api] userActivityFromNative : 560 (event: 2 flags: 0) eventTime = 42765270
10-10 15:39:48.663  3962  4086 D InputReader: Input event(3): value=0 when=42765802317000
10-10 15:39:48.663  3962  4086 D InputReader: Input event(3): value=0 when=42765802317000
10-10 15:39:48.663  3962  4086 I InputReader: Touch event's action is 0x1 (deviceType=0) [pCnt=1, s=] when=42765802317000
10-10 15:39:48.664  3962  4085 I InputDispatcher: Delivering touch to (17804): action: 0x1, toolType: 1
10-10 15:39:48.665 17804 17804 D ViewRootImpl@246774e[Main]: ViewPostIme pointer 1
10-10 15:39:49.475  4940  4940 D io_stats: !@ 179,0 r 231201 8450132 w 227408 3432080 d 20413 20198892 f 76609 79021 iot 237440 200321 th 51200 0 0 pt 0 inp 0 0 42766.613
10-10 15:39:49.716  3962  6349 D SSRM:k  : SIOP:: AP = 310, PST = 302 (W:28), BAT = 288, USB = 0, CHG = 0
10-10 15:39:52.642  3962  4548 D ConnectivityService: filterNetworkStateForUid() uid: 10095 networkInfo: [type: WIFI[] - WIFI, state: CONNECTED/CONNECTED, reason: (unspecified), extra: "Superman", failover: false, available: true, roaming: false, metered: false]
10-10 15:39:52.652 17804 17804 D ConnectivityManager: requestNetwork; CallingUid : 10095, CallingPid : 17804
10-10 15:39:52.656  3962  4548 D ConnectivityService: listenForNetwork for uid/pid:10095/17804 NetworkRequest [ LISTEN id=186, [ Capabilities: INTERNET&NOT_RESTRICTED&TRUSTED&FOREGROUND] ]
10-10 15:39:52.658  3962  4161 D ConnectivityService: rematching NetworkAgentInfo [WIFI () - 503]
10-10 15:39:52.658  3962  4161 D ConnectivityService:  network has: [ Transports: WIFI Capabilities: NOT_METERED&INTERNET&NOT_RESTRICTED&TRUSTED&NOT_VPN&VALIDATED&FOREGROUND LinkUpBandwidth>=1048576Kbps LinkDnBandwidth>=1048576Kbps SignalStrength: -48]
10-10 15:39:52.658  3962  4161 D ConnectivityService: Network NetworkAgentInfo [WIFI () - 503] was already satisfying request 1. No change.
10-10 15:39:52.658  3962  4161 D ConnectivityService: Network NetworkAgentInfo [WIFI () - 503] was already satisfying request 3. No change.
10-10 15:39:52.659  3962  4161 D ConnectivityService: Network NetworkAgentInfo [WIFI () - 503] was already satisfying request 129. No change.
10-10 15:39:52.659  3962  4161 D ConnectivityService: sending notification AVAILABLE for NetworkRequest [ LISTEN id=186, [ Capabilities: INTERNET&NOT_RESTRICTED&TRUSTED&FOREGROUND] ]
10-10 15:39:52.660  3962  4161 D ConnectivityService: sending notification CAP_CHANGED for NetworkRequest [ LISTEN id=186, [ Capabilities: INTERNET&NOT_RESTRICTED&TRUSTED&FOREGROUND] ]
10-10 15:39:52.661  3962  4548 D ConnectivityService: filterNetworkStateForUid() uid: 10095 networkInfo: [type: WIFI[] - WIFI, state: CONNECTED/CONNECTED, reason: (unspecified), extra: "Superman", failover: false, available: true, roaming: false, metered: false]
10-10 15:39:52.661  3962  4161 D ConnectivityService: sending notification IP_CHANGED for NetworkRequest [ LISTEN id=186, [ Capabilities: INTERNET&NOT_RESTRICTED&TRUSTED&FOREGROUND] ]
10-10 15:39:52.670  3962  4637 D ConnectivityService: filterNetworkStateForUid() uid: 10095 networkInfo: [type: WIFI[] - WIFI, state: CONNECTED/CONNECTED, reason: (unspecified), extra: "Superman", failover: false, available: true, roaming: false, metered: false]
10-10 15:39:52.672  3962  4637 D ConnectivityService: filterNetworkStateForUid() uid: 10095 networkInfo: [type: WIFI[] - WIFI, state: CONNECTED/CONNECTED, reason: (unspecified), extra: "Superman", failover: false, available: true, roaming: false, metered: false]
10-10 15:39:53.134  4781  8467 E Auth    : [GoogleAccountDataServiceImpl] getToken() -> BAD_AUTHENTICATION. Account: <ELLIDED:-421322798>, App: com.android.chrome, Service: oauth2:https://www.googleapis.com/auth/chromesync
10-10 15:39:53.134  4781  8467 E Auth    : slg: Long live credential not available.
10-10 15:39:53.134  4781  8467 E Auth    : 	at hde.a(:com.google.android.gms@20104019@20.1.04 (040400-288960190):133)
10-10 15:39:53.134  4781  8467 E Auth    : 	at gzm.a(:com.google.android.gms@20104019@20.1.04 (040400-288960190):38)
10-10 15:39:53.134  4781  8467 E Auth    : 	at gzm.a(:com.google.android.gms@20104019@20.1.04 (040400-288960190):129)
10-10 15:39:53.134  4781  8467 E Auth    : 	at dty.a(:com.google.android.gms@20104019@20.1.04 (040400-288960190):4)
10-10 15:39:53.134  4781  8467 E Auth    : 	at abbq.a(:com.google.android.gms@20104019@20.1.04 (040400-288960190):3)
10-10 15:39:53.134  4781  8467 E Auth    : 	at cmv.onTransact(:com.google.android.gms@20104019@20.1.04 (040400-288960190):4)
10-10 15:39:53.134  4781  8467 E Auth    : 	at android.os.Binder.transact(Binder.java:612)
10-10 15:39:53.134  4781  8467 E Auth    : 	at dvt.onTransact(:com.google.android.gms@20104019@20.1.04 (040400-288960190):2)
10-10 15:39:53.134  4781  8467 E Auth    : 	at android.os.Binder.transact(Binder.java:612)
10-10 15:39:53.134  4781  8467 E Auth    : 	at abch.onTransact(:com.google.android.gms@20104019@20.1.04 (040400-288960190):26)
10-10 15:39:53.134  4781  8467 E Auth    : 	at android.os.Binder.execTransact(Binder.java:682)
10-10 15:39:53.135  4781  8467 W Auth    : [GetToken] GetToken failed with status code: BadAuthentication
10-10 15:39:53.181 17804 17881 W Auth    : [GoogleAuthUtil] GoogleAuthUtil
10-10 15:39:53.182 17804 17881 W GoogleAuthUtil: Error when getting token
10-10 15:39:53.182 17804 17881 W GoogleAuthUtil: hr: BadAuthentication
10-10 15:39:53.182 17804 17881 W GoogleAuthUtil: 	at Hr.a(PG:40)
10-10 15:39:53.182 17804 17881 W GoogleAuthUtil: 	at fr.a(PG:32)
10-10 15:39:53.182 17804 17881 W GoogleAuthUtil: 	at fr.a(PG:12)
10-10 15:39:53.182 17804 17881 W GoogleAuthUtil: 	at dr.b(PG:3)
10-10 15:39:53.182 17804 17881 W GoogleAuthUtil: 	at hi2.a(PG:2)
10-10 15:39:53.182 17804 17881 W GoogleAuthUtil: 	at Ah2.a(PG:23)
10-10 15:39:53.182 17804 17881 W GoogleAuthUtil: 	at Rh2.run(PG:1)
10-10 15:39:53.182 17804 17881 W GoogleAuthUtil: 	at Vh2.a(PG:3)
10-10 15:39:53.182 17804 17881 W GoogleAuthUtil: 	at ZI0.call(PG:4)
10-10 15:39:53.182 17804 17881 W GoogleAuthUtil: 	at java.util.concurrent.FutureTask.run(FutureTask.java:266)
10-10 15:39:53.183 17804 17881 W cr_OAuth2TokenService: Failed to perform auth task: Ih2: Error while getting token for scope 'oauth2:https://www.googleapis.com/auth/chromesync'
10-10 15:39:53.183 17804 17881 W cr_OAuth2TokenService: Caused by: ir: User intervention required. Notification has been pushed.
10-10 15:39:54.366  3962  4637 D BatteryService: !@BatteryListener : batteryPropertiesChanged!
10-10 15:39:54.481  4940  4940 D io_stats: !@ 179,0 r 231201 8450132 w 227423 3432188 d 20413 20198892 f 76611 79023 iot 237448 200326 th 51200 0 0 pt 0 inp 0 0 42771.618
10-10 15:39:59.487  4940  4940 D io_stats: !@ 179,0 r 231201 8450132 w 227430 3432308 d 20418 20198916 f 76612 79024 iot 237456 200334 th 51200 0 0 pt 0 inp 0 0 42776.624
10-10 15:39:59.744  3962  6349 D SSRM:k  : SIOP:: AP = 310, PST = 302 (W:30), BAT = 288, USB = 0, CHG = 0
10-10 15:40:00.000  3962  4048 D SamsungAlarmManager: Expired : 8
10-10 15:40:00.001  3962  4048 V SamsungAlarmManager: Sending to uid : 1000 action=android.intent.action.TIME_TICK alarm=Alarm{ad6abfe type 3 when 1114362159 android}
10-10 15:40:00.003  3962  4048 V SamsungAlarmManager: Sending to uid : 10074 action=com.samsung.action.EVERY_MINUTE_CLOCK_UPDATE alarm=Alarm{c1b6dac type 1 when 1633873200000 com.sec.android.app.launcher}
10-10 15:40:00.008  3962  3962 D SamsungAlarmManager: setExact Intent (T:3/F:1/AC:false) 20211010T154100 - CU:1000/CP:3962
10-10 15:40:00.012  4347  4347 D KeyguardUpdateMonitor: received broadcast android.intent.action.TIME_TICK
10-10 15:40:00.015  5199  5199 I Launcher: onReceive: com.samsung.action.EVERY_MINUTE_CLOCK_UPDATE
10-10 15:40:00.016  4347  4347 D KeyguardServiceBoxContainer: refreshTime() 1
10-10 15:40:00.025  3962  4548 D SamsungAlarmManager: setInexact Intent (T:1/F:0/AC:false) 20211010T154100 - CU:10074/CP:5199
10-10 15:40:00.026  3962  4548 I SamsungAlarmManager: setLocked to kernel - T:2 / 20211010T154100, SetElapsed=1114422160, nowELAPSED=1114362185
10-10 15:40:00.027  5199  5199 I IconView: applyFromShortcutInfo - start GetLive : com.samsung.android.calendar
10-10 15:40:00.027  5199  5199 I IconView: applyFromShortcutInfo - end GetLive : com.samsung.android.calendar
10-10 15:40:00.029  5199  5199 I IconView: applyFromApplicationInfo - start GetLive : com.sec.android.app.clockpackage
10-10 15:40:00.040  5199  5199 D ApplicationPackageManager: we has com.sec.android.app.clockpackage class. reuse it 
10-10 15:40:00.040  5199  5199 D LiveIconLoader: getLiveIcon was called in ClockPackage
10-10 15:40:00.043  5199  5199 D LiveIconLoader: getLiveIcon res = com.sec.android.app.clockpackage
10-10 15:40:00.046  4347  4347 D KeyguardUpdateMonitor: handleStatusBarState( false )
10-10 15:40:00.046  5199  5199 D LiveIconLoader: stdIconSize : 84 , targetIconSize : 94
10-10 15:40:00.046  5199  5199 D LiveIconLoader: mIconDpi : 320 , mTargetIconDpi : 280
10-10 15:40:00.067  5199  5199 I ApplicationPackageManager: load= live icon for com.sec.android.app.clockpackage, from overlay = false
10-10 15:40:00.069  5199  5199 I LiveIconManager: getLiveIcon: complete(sync_created)
10-10 15:40:00.069  5199  5199 I IconView: applyFromApplicationInfo - end GetLive : com.sec.android.app.clockpackage
10-10 15:40:00.070  5199  5199 I IconView: applyFromApplicationInfo - start GetLive : com.samsung.android.calendar
10-10 15:40:00.071  5199  5199 I IconView: applyFromApplicationInfo - end GetLive : com.samsung.android.calendar
10-10 15:40:00.074  4347  4347 D KeyguardUpdateMonitor: handleStatusBarState( false )
10-10 15:40:02.856  5077  6800 I Icing   : IndexChimeraService.getServiceInterface callingPackage=com.android.chrome componentName=null serviceId=36
10-10 15:40:02.860  5077  7068 I Icing   : IndexChimeraService.getServiceInterface callingPackage=com.google.android.gms componentName=null serviceId=36
10-10 15:40:02.921  5077 11127 I Icing   : Usage reports ok 0, Failed Usage reports 0, indexed 0, rejected 0
10-10 15:40:02.934  5077  7068 I Icing   : IndexChimeraService.getServiceInterface callingPackage=com.google.android.gms componentName=null serviceId=30
10-10 15:40:02.954  5077 11127 I Icing   : Usage reports ok 0, Failed Usage reports 0, indexed 0, rejected 0
10-10 15:40:02.980  5077 11127 I Icing   : Usage reports ok 0, Failed Usage reports 0, indexed 0, rejected 0
10-10 15:40:02.984  5077 11127 I Icing   : Indexing com.android.chrome-omnibox from com.android.chrome
10-10 15:40:03.060  5077 11127 I Icing   : Indexing done com.android.chrome-omnibox
10-10 15:40:04.493  4940  4940 D io_stats: !@ 179,0 r 231201 8450132 w 227561 3433880 d 20436 20199160 f 76635 79047 iot 237548 200398 th 51200 0 0 pt 0 inp 0 0 42781.630
10-10 15:40:07.246  4781  8467 E Auth    : [GoogleAccountDataServiceImpl] getToken() -> BAD_AUTHENTICATION. Account: <ELLIDED:-421322798>, App: com.android.chrome, Service: oauth2:https://www.googleapis.com/auth/chromesync
10-10 15:40:07.246  4781  8467 E Auth    : slg: Long live credential not available.
10-10 15:40:07.246  4781  8467 E Auth    : 	at hde.a(:com.google.android.gms@20104019@20.1.04 (040400-288960190):133)
10-10 15:40:07.246  4781  8467 E Auth    : 	at gzm.a(:com.google.android.gms@20104019@20.1.04 (040400-288960190):38)
10-10 15:40:07.246  4781  8467 E Auth    : 	at gzm.a(:com.google.android.gms@20104019@20.1.04 (040400-288960190):129)
10-10 15:40:07.246  4781  8467 E Auth    : 	at dty.a(:com.google.android.gms@20104019@20.1.04 (040400-288960190):4)
10-10 15:40:07.246  4781  8467 E Auth    : 	at abbq.a(:com.google.android.gms@20104019@20.1.04 (040400-288960190):3)
10-10 15:40:07.246  4781  8467 E Auth    : 	at cmv.onTransact(:com.google.android.gms@20104019@20.1.04 (040400-288960190):4)
10-10 15:40:07.246  4781  8467 E Auth    : 	at android.os.Binder.transact(Binder.java:612)
10-10 15:40:07.246  4781  8467 E Auth    : 	at dvt.onTransact(:com.google.android.gms@20104019@20.1.04 (040400-288960190):2)
10-10 15:40:07.246  4781  8467 E Auth    : 	at android.os.Binder.transact(Binder.java:612)
10-10 15:40:07.246  4781  8467 E Auth    : 	at abch.onTransact(:com.google.android.gms@20104019@20.1.04 (040400-288960190):26)
10-10 15:40:07.246  4781  8467 E Auth    : 	at android.os.Binder.execTransact(Binder.java:682)
10-10 15:40:07.246  4781  8467 W Auth    : [GetToken] GetToken failed with status code: BadAuthentication
10-10 15:40:07.270 17804 17881 W Auth    : [GoogleAuthUtil] GoogleAuthUtil
10-10 15:40:07.270 17804 17881 W GoogleAuthUtil: Error when getting token
10-10 15:40:07.270 17804 17881 W GoogleAuthUtil: hr: BadAuthentication
10-10 15:40:07.270 17804 17881 W GoogleAuthUtil: 	at Hr.a(PG:40)
10-10 15:40:07.270 17804 17881 W GoogleAuthUtil: 	at fr.a(PG:32)
10-10 15:40:07.270 17804 17881 W GoogleAuthUtil: 	at fr.a(PG:12)
10-10 15:40:07.270 17804 17881 W GoogleAuthUtil: 	at dr.b(PG:3)
10-10 15:40:07.270 17804 17881 W GoogleAuthUtil: 	at hi2.a(PG:2)
10-10 15:40:07.270 17804 17881 W GoogleAuthUtil: 	at Ah2.a(PG:23)
10-10 15:40:07.270 17804 17881 W GoogleAuthUtil: 	at Rh2.run(PG:1)
10-10 15:40:07.270 17804 17881 W GoogleAuthUtil: 	at Vh2.a(PG:3)
10-10 15:40:07.270 17804 17881 W GoogleAuthUtil: 	at ZI0.call(PG:4)
10-10 15:40:07.270 17804 17881 W GoogleAuthUtil: 	at java.util.concurrent.FutureTask.run(FutureTask.java:266)
10-10 15:40:07.271 17804 17881 W cr_OAuth2TokenService: Failed to perform auth task: Ih2: Error while getting token for scope 'oauth2:https://www.googleapis.com/auth/chromesync'
10-10 15:40:07.271 17804 17881 W cr_OAuth2TokenService: Caused by: ir: User intervention required. Notification has been pushed.
10-10 15:40:07.432  3962  4443 E Watchdog: !@Sync 1425 [2021-10-10 15:40:07.432]
10-10 15:40:09.776  3962  6349 D SSRM:k  : SIOP:: AP = 300, PST = 303 (W:30), BAT = 288, USB = 0, CHG = 0
10-10 15:40:14.505  4940  4940 D io_stats: !@ 179,0 r 231201 8450132 w 227563 3433936 d 20436 20199160 f 76636 79048 iot 237548 200400 th 51200 0 0 pt 0 inp 0 0 42791.642
10-10 15:40:19.511  4940  4940 D io_stats: !@ 179,0 r 231201 8450132 w 227573 3433984 d 20436 20199160 f 76636 79048 iot 237548 200401 th 51200 0 0 pt 0 inp 0 0 42796.648
10-10 15:40:19.809  3962  6349 D SSRM:k  : SIOP:: AP = 300, PST = 303 (W:30), BAT = 288, USB = 0, CHG = 0
10-10 15:40:20.853  3962  4309 D WifiConnectivityMonitor:  [|220] []
10-10 15:40:24.628  3962  9029 D BatteryService: !@BatteryListener : batteryPropertiesChanged!
10-10 15:40:27.394 17804 17804 I cr_media: Create MediaDrmBridge with level L3 and origin E4918BF4323BD00759F97D05DDE5CC4A
10-10 15:40:27.411  3605  3672 I DrmHal  : makeDrmFactories: factory instance default is Remote
10-10 15:40:27.416  3605  3672 I DrmHal  : makeDrmFactories: factory instance widevine is Remote
10-10 15:40:27.428  3605  3672 I DrmHal  : makeDrmFactories: factory instance default is Remote
10-10 15:40:27.432  3605  3672 I DrmHal  : makeDrmFactories: factory instance widevine is Remote
10-10 15:40:27.435  3424  3098 D WVCdm   : Instantiating CDM.
10-10 15:40:27.439  3425  3233 D WVCdm   : Instantiating CDM.
10-10 15:40:27.447  3425  3233 I WVCdm   : CdmEngine::QueryStatus
10-10 15:40:27.448  3425  3233 I WVCdm   : Level3 Library 4445 May 19 2017 17:17:20
10-10 15:40:27.463  3425  3233 E wv_dash : No saved usage table. Creating new table.
10-10 15:40:27.505  3425  3233 I TeeSysClient: open mode set to: 0 [hardware/samsung_slsi/exynos7885/mobicore/ClientLib/src/common.cpp:343]
10-10 15:40:27.505  3425  3233 I TeeSysClient: driver version: v6.3 [hardware/samsung_slsi/exynos7885/mobicore/ClientLib/src/driver.cpp:71]
10-10 15:40:27.505  3425  3233 I TeeSysClient: driver open [hardware/samsung_slsi/exynos7885/mobicore/ClientLib/src/driver.cpp:84]
10-10 15:40:27.505  3425  3233 I TeeSysClient: Kinibi access granted by the driver [hardware/samsung_slsi/exynos7885/mobicore/ClientLib/src/common.cpp:217]
10-10 15:40:27.518  3425  3233 D WVCdm   : OEMCrypto_Initialize Level 1 success. I will use level 1.
10-10 15:40:27.524  3425  3233 I TeeSysClient: driver closed [hardware/samsung_slsi/exynos7885/mobicore/ClientLib/src/driver.cpp:95]
10-10 15:40:27.525 17804 17804 I cr_media: Security level: current L1, new L3
10-10 15:40:27.526 17804 17804 I cr_media: Set origin: E4918BF4323BD00759F97D05DDE5CC4A
10-10 15:40:27.527  3425  3233 I WVCdm   : CdmEngine::QueryStatus
10-10 15:40:27.527  3425  3233 I WVCdm   : Level3 Library 4445 May 19 2017 17:17:20
10-10 15:40:27.534  3425  3233 E wv_dash : No saved usage table. Creating new table.
10-10 15:40:27.551  3425  3233 I TeeSysClient: open mode set to: 0 [hardware/samsung_slsi/exynos7885/mobicore/ClientLib/src/common.cpp:343]
10-10 15:40:27.551  3425  3233 I TeeSysClient: driver version: v6.3 [hardware/samsung_slsi/exynos7885/mobicore/ClientLib/src/driver.cpp:71]
10-10 15:40:27.551  3425  3233 I TeeSysClient: driver open [hardware/samsung_slsi/exynos7885/mobicore/ClientLib/src/driver.cpp:84]
10-10 15:40:27.551  3425  3233 I TeeSysClient: Kinibi access granted by the driver [hardware/samsung_slsi/exynos7885/mobicore/ClientLib/src/common.cpp:217]
10-10 15:40:27.564  3425  3233 D WVCdm   : OEMCrypto_Initialize Level 1 success. I will use level 1.
10-10 15:40:27.565  3425  3233 D WVCdm   : CryptoSession::Open: Lock: requested_security_level: L3
10-10 15:40:27.578  3425  3233 I TeeSysClient: driver closed [hardware/samsung_slsi/exynos7885/mobicore/ClientLib/src/driver.cpp:95]
10-10 15:40:27.579  3425  3233 I WVCdm   : CdmEngine::OpenSession
10-10 15:40:27.579  3425  3233 I WVCdm   : Level3 Library 4445 May 19 2017 17:17:20
10-10 15:40:27.584  3425  3233 E wv_dash : No saved usage table. Creating new table.
10-10 15:40:27.597  3425  3233 I TeeSysClient: open mode set to: 0 [hardware/samsung_slsi/exynos7885/mobicore/ClientLib/src/common.cpp:343]
10-10 15:40:27.597  3425  3233 I TeeSysClient: driver version: v6.3 [hardware/samsung_slsi/exynos7885/mobicore/ClientLib/src/driver.cpp:71]
10-10 15:40:27.597  3425  3233 I TeeSysClient: driver open [hardware/samsung_slsi/exynos7885/mobicore/ClientLib/src/driver.cpp:84]
10-10 15:40:27.597  3425  3233 I TeeSysClient: Kinibi access granted by the driver [hardware/samsung_slsi/exynos7885/mobicore/ClientLib/src/common.cpp:217]
10-10 15:40:27.611  3425  3233 D WVCdm   : OEMCrypto_Initialize Level 1 success. I will use level 1.
10-10 15:40:27.611  3425  3233 D WVCdm   : CryptoSession::Open: Lock: requested_security_level: L3
10-10 15:40:27.614  3425  3233 W WVCdm   : DeviceFiles::RetrieveHashedFile: /data/mediadrm/IDM1013/L3/cert.bin does not exist
10-10 15:40:27.623  3425  3233 I TeeSysClient: driver closed [hardware/samsung_slsi/exynos7885/mobicore/ClientLib/src/driver.cpp:95]
10-10 15:40:27.625  3425  3233 I WVCdm   : Level3 Library 4445 May 19 2017 17:17:20
10-10 15:40:27.631  3425  3233 E wv_dash : No saved usage table. Creating new table.
10-10 15:40:27.646  3425  3233 I TeeSysClient: open mode set to: 0 [hardware/samsung_slsi/exynos7885/mobicore/ClientLib/src/common.cpp:343]
10-10 15:40:27.646  3425  3233 I TeeSysClient: driver version: v6.3 [hardware/samsung_slsi/exynos7885/mobicore/ClientLib/src/driver.cpp:71]
10-10 15:40:27.646  3425  3233 I TeeSysClient: driver open [hardware/samsung_slsi/exynos7885/mobicore/ClientLib/src/driver.cpp:84]
10-10 15:40:27.646  3425  3233 I TeeSysClient: Kinibi access granted by the driver [hardware/samsung_slsi/exynos7885/mobicore/ClientLib/src/common.cpp:217]
10-10 15:40:27.658  3425  3233 D WVCdm   : OEMCrypto_Initialize Level 1 success. I will use level 1.
10-10 15:40:27.658  3425  3233 D WVCdm   : CryptoSession::Open: Lock: requested_security_level: L3
10-10 15:40:27.668 17804 17804 I MediaDrm: Drm event (1,0)
10-10 15:40:27.669 17804 17804 E cr_media: EventListener: No session for event 1.
10-10 15:40:27.735  3425  3233 I TeeSysClient: driver closed [hardware/samsung_slsi/exynos7885/mobicore/ClientLib/src/driver.cpp:95]
10-10 15:40:27.737 17804 17804 I cr_media: Create MediaDrmBridge with level L1 and origin E4918BF4323BD00759F97D05DDE5CC4A
10-10 15:40:27.745  3605  3672 I DrmHal  : makeDrmFactories: factory instance default is Remote
10-10 15:40:27.750  3605  3672 I DrmHal  : makeDrmFactories: factory instance widevine is Remote
10-10 15:40:27.760  3605  3672 I DrmHal  : makeDrmFactories: factory instance default is Remote
10-10 15:40:27.765  3605  3672 I DrmHal  : makeDrmFactories: factory instance widevine is Remote
10-10 15:40:27.766  3424  3105 D WVCdm   : Instantiating CDM.
10-10 15:40:27.768  3425  3233 I WVCdm   : CdmEngine::QueryStatus
10-10 15:40:27.769  3425  3233 I WVCdm   : Level3 Library 4445 May 19 2017 17:17:20
10-10 15:40:27.774  3425  3233 E wv_dash : No saved usage table. Creating new table.
10-10 15:40:27.784  3425  3233 I TeeSysClient: open mode set to: 0 [hardware/samsung_slsi/exynos7885/mobicore/ClientLib/src/common.cpp:343]
10-10 15:40:27.785  3425  3233 I TeeSysClient: driver version: v6.3 [hardware/samsung_slsi/exynos7885/mobicore/ClientLib/src/driver.cpp:71]
10-10 15:40:27.785  3425  3233 I TeeSysClient: driver open [hardware/samsung_slsi/exynos7885/mobicore/ClientLib/src/driver.cpp:84]
10-10 15:40:27.785  3425  3233 I TeeSysClient: Kinibi access granted by the driver [hardware/samsung_slsi/exynos7885/mobicore/ClientLib/src/common.cpp:217]
10-10 15:40:27.794  3425  3233 D WVCdm   : OEMCrypto_Initialize Level 1 success. I will use level 1.
10-10 15:40:27.800  3425  3233 I TeeSysClient: driver closed [hardware/samsung_slsi/exynos7885/mobicore/ClientLib/src/driver.cpp:95]
10-10 15:40:27.801 17804 17804 I cr_media: Security level: current L1, new L1
10-10 15:40:27.801 17804 17804 I cr_media: Set origin: E4918BF4323BD00759F97D05DDE5CC4A
10-10 15:40:27.802  3425  3100 I WVCdm   : CdmEngine::QueryStatus
10-10 15:40:27.803  3425  3100 I WVCdm   : Level3 Library 4445 May 19 2017 17:17:20
10-10 15:40:27.808  3425  3100 E wv_dash : No saved usage table. Creating new table.
10-10 15:40:27.818  3425  3100 I TeeSysClient: open mode set to: 0 [hardware/samsung_slsi/exynos7885/mobicore/ClientLib/src/common.cpp:343]
10-10 15:40:27.818  3425  3100 I TeeSysClient: driver version: v6.3 [hardware/samsung_slsi/exynos7885/mobicore/ClientLib/src/driver.cpp:71]
10-10 15:40:27.818  3425  3100 I TeeSysClient: driver open [hardware/samsung_slsi/exynos7885/mobicore/ClientLib/src/driver.cpp:84]
10-10 15:40:27.818  3425  3100 I TeeSysClient: Kinibi access granted by the driver [hardware/samsung_slsi/exynos7885/mobicore/ClientLib/src/common.cpp:217]
10-10 15:40:27.828  3425  3100 D WVCdm   : OEMCrypto_Initialize Level 1 success. I will use level 1.
10-10 15:40:27.834  3425  3100 I TeeSysClient: driver closed [hardware/samsung_slsi/exynos7885/mobicore/ClientLib/src/driver.cpp:95]
10-10 15:40:27.835  3425  3100 I WVCdm   : CdmEngine::OpenSession
10-10 15:40:27.836  3425  3100 I WVCdm   : Level3 Library 4445 May 19 2017 17:17:20
10-10 15:40:27.842  3425  3100 E wv_dash : No saved usage table. Creating new table.
10-10 15:40:27.852  3425  3100 I TeeSysClient: open mode set to: 0 [hardware/samsung_slsi/exynos7885/mobicore/ClientLib/src/common.cpp:343]
10-10 15:40:27.852  3425  3100 I TeeSysClient: driver version: v6.3 [hardware/samsung_slsi/exynos7885/mobicore/ClientLib/src/driver.cpp:71]
10-10 15:40:27.852  3425  3100 I TeeSysClient: driver open [hardware/samsung_slsi/exynos7885/mobicore/ClientLib/src/driver.cpp:84]
10-10 15:40:27.852  3425  3100 I TeeSysClient: Kinibi access granted by the driver [hardware/samsung_slsi/exynos7885/mobicore/ClientLib/src/common.cpp:217]
10-10 15:40:27.862  3425  3100 D WVCdm   : OEMCrypto_Initialize Level 1 success. I will use level 1.
10-10 15:40:27.862  3425  3100 D WVCdm   : CryptoSession::Open: Lock: requested_security_level: Default
10-10 15:40:27.863  3425  3100 W WVCdm   : DeviceFiles::RetrieveHashedFile: /data/mediadrm/IDM1013/L1/cert.bin does not exist
10-10 15:40:27.870  3425  3100 I TeeSysClient: driver closed [hardware/samsung_slsi/exynos7885/mobicore/ClientLib/src/driver.cpp:95]
10-10 15:40:27.872  3425  3100 I WVCdm   : Level3 Library 4445 May 19 2017 17:17:20
10-10 15:40:27.879  3425  3100 E wv_dash : No saved usage table. Creating new table.
10-10 15:40:27.893  3425  3100 I TeeSysClient: open mode set to: 0 [hardware/samsung_slsi/exynos7885/mobicore/ClientLib/src/common.cpp:343]
10-10 15:40:27.893  3425  3100 I TeeSysClient: driver version: v6.3 [hardware/samsung_slsi/exynos7885/mobicore/ClientLib/src/driver.cpp:71]
10-10 15:40:27.893  3425  3100 I TeeSysClient: driver open [hardware/samsung_slsi/exynos7885/mobicore/ClientLib/src/driver.cpp:84]
10-10 15:40:27.893  3425  3100 I TeeSysClient: Kinibi access granted by the driver [hardware/samsung_slsi/exynos7885/mobicore/ClientLib/src/common.cpp:217]
10-10 15:40:27.906  3425  3100 D WVCdm   : OEMCrypto_Initialize Level 1 success. I will use level 1.
10-10 15:40:27.906  3425  3100 D WVCdm   : CryptoSession::Open: Lock: requested_security_level: Default
10-10 15:40:27.917 17804 17804 I MediaDrm: Drm event (1,0)
10-10 15:40:27.917 17804 17804 E cr_media: EventListener: No session for event 1.
10-10 15:40:27.961  3425  3100 I TeeSysClient: driver closed [hardware/samsung_slsi/exynos7885/mobicore/ClientLib/src/driver.cpp:95]
10-10 15:40:27.963 17804 17804 I cr_media: Create MediaDrmBridge with level L3 and origin D8AD6DCE20B28B3EA89C168E97E898D8
10-10 15:40:27.966  3605  3605 I DrmHal  : makeDrmFactories: factory instance default is Remote
10-10 15:40:27.968  3605  3605 I DrmHal  : makeDrmFactories: factory instance widevine is Remote
10-10 15:40:27.971  3605  3605 I DrmHal  : makeDrmFactories: factory instance default is Remote
10-10 15:40:27.973  3605  3605 I DrmHal  : makeDrmFactories: factory instance widevine is Remote
10-10 15:40:27.973  3424  3105 D WVCdm   : Instantiating CDM.
10-10 15:40:27.974  3425  3100 D WVCdm   : Instantiating CDM.
10-10 15:40:27.976  3425  3100 I WVCdm   : CdmEngine::QueryStatus
10-10 15:40:27.976  3425  3100 I WVCdm   : Level3 Library 4445 May 19 2017 17:17:20
10-10 15:40:27.982  3425  3100 E wv_dash : No saved usage table. Creating new table.
10-10 15:40:27.994  3425  3100 I TeeSysClient: open mode set to: 0 [hardware/samsung_slsi/exynos7885/mobicore/ClientLib/src/common.cpp:343]
10-10 15:40:27.994  3425  3100 I TeeSysClient: driver version: v6.3 [hardware/samsung_slsi/exynos7885/mobicore/ClientLib/src/driver.cpp:71]
10-10 15:40:27.994  3425  3100 I TeeSysClient: driver open [hardware/samsung_slsi/exynos7885/mobicore/ClientLib/src/driver.cpp:84]
10-10 15:40:27.994  3425  3100 I TeeSysClient: Kinibi access granted by the driver [hardware/samsung_slsi/exynos7885/mobicore/ClientLib/src/common.cpp:217]
10-10 15:40:28.004  3425  3100 D WVCdm   : OEMCrypto_Initialize Level 1 success. I will use level 1.
10-10 15:40:28.010  3425  3100 I TeeSysClient: driver closed [hardware/samsung_slsi/exynos7885/mobicore/ClientLib/src/driver.cpp:95]
10-10 15:40:28.012 17804 17804 I cr_media: Security level: current L1, new L3
10-10 15:40:28.012 17804 17804 I cr_media: Set origin: D8AD6DCE20B28B3EA89C168E97E898D8
10-10 15:40:28.013  3425  3100 I WVCdm   : CdmEngine::QueryStatus
10-10 15:40:28.013  3425  3100 I WVCdm   : Level3 Library 4445 May 19 2017 17:17:20
10-10 15:40:28.019  3425  3100 E wv_dash : No saved usage table. Creating new table.
10-10 15:40:28.032  3425  3100 I TeeSysClient: open mode set to: 0 [hardware/samsung_slsi/exynos7885/mobicore/ClientLib/src/common.cpp:343]
10-10 15:40:28.032  3425  3100 I TeeSysClient: driver version: v6.3 [hardware/samsung_slsi/exynos7885/mobicore/ClientLib/src/driver.cpp:71]
10-10 15:40:28.032  3425  3100 I TeeSysClient: driver open [hardware/samsung_slsi/exynos7885/mobicore/ClientLib/src/driver.cpp:84]
10-10 15:40:28.032  3425  3100 I TeeSysClient: Kinibi access granted by the driver [hardware/samsung_slsi/exynos7885/mobicore/ClientLib/src/common.cpp:217]
10-10 15:40:28.044  3425  3100 D WVCdm   : OEMCrypto_Initialize Level 1 success. I will use level 1.
10-10 15:40:28.044  3425  3100 D WVCdm   : CryptoSession::Open: Lock: requested_security_level: L3
10-10 15:40:28.055  3425  3100 I TeeSysClient: driver closed [hardware/samsung_slsi/exynos7885/mobicore/ClientLib/src/driver.cpp:95]
10-10 15:40:28.056  3425  3100 I WVCdm   : CdmEngine::OpenSession
10-10 15:40:28.057  3425  3100 I WVCdm   : Level3 Library 4445 May 19 2017 17:17:20
10-10 15:40:28.062  3425  3100 E wv_dash : No saved usage table. Creating new table.
10-10 15:40:28.075  3425  3100 I TeeSysClient: open mode set to: 0 [hardware/samsung_slsi/exynos7885/mobicore/ClientLib/src/common.cpp:343]
10-10 15:40:28.075  3425  3100 I TeeSysClient: driver version: v6.3 [hardware/samsung_slsi/exynos7885/mobicore/ClientLib/src/driver.cpp:71]
10-10 15:40:28.075  3425  3100 I TeeSysClient: driver open [hardware/samsung_slsi/exynos7885/mobicore/ClientLib/src/driver.cpp:84]
10-10 15:40:28.075  3425  3100 I TeeSysClient: Kinibi access granted by the driver [hardware/samsung_slsi/exynos7885/mobicore/ClientLib/src/common.cpp:217]
10-10 15:40:28.084  5245  5384 D ContactsProvider_EventLog: contents_sample_state: [CONTACT contacts(0) data(0) accounts({}) accounts deleted({}) calls([]) countryIso(GB) userId(0)  ]
10-10 15:40:28.084  5245  5384 D ContactsProvider_EventLog: contents_sample_state: [ agr({})  ]
10-10 15:40:28.084  5245  5384 D ContactsProvider_EventLog: contents_sample_state: [ actCnt({android.process.acore(5245)=1})  ]
10-10 15:40:28.084  5245  5384 D ContactsProvider_EventLog: contents_sample_state: [PROFILE contacts(0) data(0) accounts({})  ]
10-10 15:40:28.084  5245  5384 D ContactsProvider_EventLog: contents_sample_state: [SAPROFILE contacts(1) data(2) accounts({vnd.sec.contact.phone (1)=1})  ]
10-10 15:40:28.087  5245  5384 E ContactsProvider_EventLog: Flush buffer to file cnt : 1 size : 0Kb duration : 1ms lastUpdatedAfter : 60103 ms mFlush_time_threasold : 2000 mCurrentSize : 437
10-10 15:40:28.097  3425  3100 D WVCdm   : OEMCrypto_Initialize Level 1 success. I will use level 1.
10-10 15:40:28.097  3425  3100 D WVCdm   : CryptoSession::Open: Lock: requested_security_level: L3
10-10 15:40:28.101  3425  3100 W WVCdm   : DeviceFiles::RetrieveHashedFile: /data/mediadrm/IDM1013/L3/cert.bin does not exist
10-10 15:40:28.108  3425  3100 I TeeSysClient: driver closed [hardware/samsung_slsi/exynos7885/mobicore/ClientLib/src/driver.cpp:95]
10-10 15:40:28.111  3425  3100 I WVCdm   : Level3 Library 4445 May 19 2017 17:17:20
10-10 15:40:28.115  3425  3100 E wv_dash : No saved usage table. Creating new table.
10-10 15:40:28.128  3425  3100 I TeeSysClient: open mode set to: 0 [hardware/samsung_slsi/exynos7885/mobicore/ClientLib/src/common.cpp:343]
10-10 15:40:28.128  3425  3100 I TeeSysClient: driver version: v6.3 [hardware/samsung_slsi/exynos7885/mobicore/ClientLib/src/driver.cpp:71]
10-10 15:40:28.128  3425  3100 I TeeSysClient: driver open [hardware/samsung_slsi/exynos7885/mobicore/ClientLib/src/driver.cpp:84]
10-10 15:40:28.128  3425  3100 I TeeSysClient: Kinibi access granted by the driver [hardware/samsung_slsi/exynos7885/mobicore/ClientLib/src/common.cpp:217]
10-10 15:40:28.152  3425  3100 D WVCdm   : OEMCrypto_Initialize Level 1 success. I will use level 1.
10-10 15:40:28.152  3425  3100 D WVCdm   : CryptoSession::Open: Lock: requested_security_level: L3
10-10 15:40:28.160 17804 17804 I MediaDrm: Drm event (1,0)
10-10 15:40:28.160 17804 17804 E cr_media: EventListener: No session for event 1.
10-10 15:40:28.203  3425  3100 I TeeSysClient: driver closed [hardware/samsung_slsi/exynos7885/mobicore/ClientLib/src/driver.cpp:95]
10-10 15:40:28.205 17804 17804 I cr_media: Create MediaDrmBridge with level L1 and origin D8AD6DCE20B28B3EA89C168E97E898D8
10-10 15:40:28.212  3605  3605 I DrmHal  : makeDrmFactories: factory instance default is Remote
10-10 15:40:28.217  3605  3605 I DrmHal  : makeDrmFactories: factory instance widevine is Remote
10-10 15:40:28.226  3605  3605 I DrmHal  : makeDrmFactories: factory instance default is Remote
10-10 15:40:28.231  3605  3605 I DrmHal  : makeDrmFactories: factory instance widevine is Remote
10-10 15:40:28.232  3424  3098 D WVCdm   : Instantiating CDM.
10-10 15:40:28.237  3425  3100 I WVCdm   : CdmEngine::QueryStatus
10-10 15:40:28.238  3425  3100 I WVCdm   : Level3 Library 4445 May 19 2017 17:17:20
10-10 15:40:28.246  3425  3100 E wv_dash : No saved usage table. Creating new table.
10-10 15:40:28.258  3425  3100 I TeeSysClient: open mode set to: 0 [hardware/samsung_slsi/exynos7885/mobicore/ClientLib/src/common.cpp:343]
10-10 15:40:28.258  3425  3100 I TeeSysClient: driver version: v6.3 [hardware/samsung_slsi/exynos7885/mobicore/ClientLib/src/driver.cpp:71]
10-10 15:40:28.258  3425  3100 I TeeSysClient: driver open [hardware/samsung_slsi/exynos7885/mobicore/ClientLib/src/driver.cpp:84]
10-10 15:40:28.258  3425  3100 I TeeSysClient: Kinibi access granted by the driver [hardware/samsung_slsi/exynos7885/mobicore/ClientLib/src/common.cpp:217]
10-10 15:40:28.271  3425  3100 D WVCdm   : OEMCrypto_Initialize Level 1 success. I will use level 1.
10-10 15:40:28.278  3425  3100 I TeeSysClient: driver closed [hardware/samsung_slsi/exynos7885/mobicore/ClientLib/src/driver.cpp:95]
10-10 15:40:28.279 17804 17804 I cr_media: Security level: current L1, new L1
10-10 15:40:28.279 17804 17804 I cr_media: Set origin: D8AD6DCE20B28B3EA89C168E97E898D8
10-10 15:40:28.280  3425  3233 I WVCdm   : CdmEngine::QueryStatus
10-10 15:40:28.281  3425  3233 I WVCdm   : Level3 Library 4445 May 19 2017 17:17:20
10-10 15:40:28.288  3425  3233 E wv_dash : No saved usage table. Creating new table.
10-10 15:40:28.300  3425  3233 I TeeSysClient: open mode set to: 0 [hardware/samsung_slsi/exynos7885/mobicore/ClientLib/src/common.cpp:343]
10-10 15:40:28.300  3425  3233 I TeeSysClient: driver version: v6.3 [hardware/samsung_slsi/exynos7885/mobicore/ClientLib/src/driver.cpp:71]
10-10 15:40:28.300  3425  3233 I TeeSysClient: driver open [hardware/samsung_slsi/exynos7885/mobicore/ClientLib/src/driver.cpp:84]
10-10 15:40:28.300  3425  3233 I TeeSysClient: Kinibi access granted by the driver [hardware/samsung_slsi/exynos7885/mobicore/ClientLib/src/common.cpp:217]
10-10 15:40:28.311  3425  3233 D WVCdm   : OEMCrypto_Initialize Level 1 success. I will use level 1.
10-10 15:40:28.318  3425  3233 I TeeSysClient: driver closed [hardware/samsung_slsi/exynos7885/mobicore/ClientLib/src/driver.cpp:95]
10-10 15:40:28.319  3425  3233 I WVCdm   : CdmEngine::OpenSession
10-10 15:40:28.320  3425  3233 I WVCdm   : Level3 Library 4445 May 19 2017 17:17:20
10-10 15:40:28.327  3425  3233 E wv_dash : No saved usage table. Creating new table.
10-10 15:40:28.340  3425  3233 I TeeSysClient: open mode set to: 0 [hardware/samsung_slsi/exynos7885/mobicore/ClientLib/src/common.cpp:343]
10-10 15:40:28.340  3425  3233 I TeeSysClient: driver version: v6.3 [hardware/samsung_slsi/exynos7885/mobicore/ClientLib/src/driver.cpp:71]
10-10 15:40:28.340  3425  3233 I TeeSysClient: driver open [hardware/samsung_slsi/exynos7885/mobicore/ClientLib/src/driver.cpp:84]
10-10 15:40:28.340  3425  3233 I TeeSysClient: Kinibi access granted by the driver [hardware/samsung_slsi/exynos7885/mobicore/ClientLib/src/common.cpp:217]
10-10 15:40:28.353  3425  3233 D WVCdm   : OEMCrypto_Initialize Level 1 success. I will use level 1.
10-10 15:40:28.353  3425  3233 D WVCdm   : CryptoSession::Open: Lock: requested_security_level: Default
10-10 15:40:28.355  3425  3233 W WVCdm   : DeviceFiles::RetrieveHashedFile: /data/mediadrm/IDM1013/L1/cert.bin does not exist
10-10 15:40:28.362  3425  3233 I TeeSysClient: driver closed [hardware/samsung_slsi/exynos7885/mobicore/ClientLib/src/driver.cpp:95]
10-10 15:40:28.365  3425  3233 I WVCdm   : Level3 Library 4445 May 19 2017 17:17:20
10-10 15:40:28.372  3425  3233 E wv_dash : No saved usage table. Creating new table.
10-10 15:40:28.384  3425  3233 I TeeSysClient: open mode set to: 0 [hardware/samsung_slsi/exynos7885/mobicore/ClientLib/src/common.cpp:343]
10-10 15:40:28.384  3425  3233 I TeeSysClient: driver version: v6.3 [hardware/samsung_slsi/exynos7885/mobicore/ClientLib/src/driver.cpp:71]
10-10 15:40:28.384  3425  3233 I TeeSysClient: driver open [hardware/samsung_slsi/exynos7885/mobicore/ClientLib/src/driver.cpp:84]
10-10 15:40:28.384  3425  3233 I TeeSysClient: Kinibi access granted by the driver [hardware/samsung_slsi/exynos7885/mobicore/ClientLib/src/common.cpp:217]
10-10 15:40:28.395  3425  3233 D WVCdm   : OEMCrypto_Initialize Level 1 success. I will use level 1.
10-10 15:40:28.396  3425  3233 D WVCdm   : CryptoSession::Open: Lock: requested_security_level: Default
10-10 15:40:28.407 17804 17804 I MediaDrm: Drm event (1,0)
10-10 15:40:28.407 17804 17804 E cr_media: EventListener: No session for event 1.
10-10 15:40:28.466  3425  3233 I TeeSysClient: driver closed [hardware/samsung_slsi/exynos7885/mobicore/ClientLib/src/driver.cpp:95]
10-10 15:40:29.519  4940  4940 D io_stats: !@ 179,0 r 231202 8450136 w 227589 3434264 d 20438 20199168 f 76646 79060 iot 237556 200414 th 51200 0 0 pt 0 inp 0 0 42806.655
10-10 15:40:29.840  3962  6349 D SSRM:k  : SIOP:: AP = 300, PST = 303 (W:30), BAT = 288, USB = 0, CHG = 0
10-10 15:40:33.285  3962  4086 D InputReader: Input event(3): value=1 when=42810423563000
10-10 15:40:33.285  3962  4086 D InputReader: Input event(3): value=1 when=42810423563000
10-10 15:40:33.285  3962  4086 I InputReader: Touch event's action is 0x0 (deviceType=0) [pCnt=1, s=0.567 ] when=42810423563000
10-10 15:40:33.286  3962  4085 I InputDispatcher: Delivering touch to (4347): action: 0x4, toolType: 1
10-10 15:40:33.286  3962  4085 I InputDispatcher: Delivering touch to (17804): action: 0x0, toolType: 1
10-10 15:40:33.286 17804 17804 D ViewRootImpl@246774e[Main]: ViewPostIme pointer 0
10-10 15:40:33.342  4781  8467 E Auth    : [GoogleAccountDataServiceImpl] getToken() -> BAD_AUTHENTICATION. Account: <ELLIDED:-421322798>, App: com.android.chrome, Service: oauth2:https://www.googleapis.com/auth/chromesync
10-10 15:40:33.342  4781  8467 E Auth    : slg: Long live credential not available.
10-10 15:40:33.342  4781  8467 E Auth    : 	at hde.a(:com.google.android.gms@20104019@20.1.04 (040400-288960190):133)
10-10 15:40:33.342  4781  8467 E Auth    : 	at gzm.a(:com.google.android.gms@20104019@20.1.04 (040400-288960190):38)
10-10 15:40:33.342  4781  8467 E Auth    : 	at gzm.a(:com.google.android.gms@20104019@20.1.04 (040400-288960190):129)
10-10 15:40:33.342  4781  8467 E Auth    : 	at dty.a(:com.google.android.gms@20104019@20.1.04 (040400-288960190):4)
10-10 15:40:33.342  4781  8467 E Auth    : 	at abbq.a(:com.google.android.gms@20104019@20.1.04 (040400-288960190):3)
10-10 15:40:33.342  4781  8467 E Auth    : 	at cmv.onTransact(:com.google.android.gms@20104019@20.1.04 (040400-288960190):4)
10-10 15:40:33.342  4781  8467 E Auth    : 	at android.os.Binder.transact(Binder.java:612)
10-10 15:40:33.342  4781  8467 E Auth    : 	at dvt.onTransact(:com.google.android.gms@20104019@20.1.04 (040400-288960190):2)
10-10 15:40:33.342  4781  8467 E Auth    : 	at android.os.Binder.transact(Binder.java:612)
10-10 15:40:33.342  4781  8467 E Auth    : 	at abch.onTransact(:com.google.android.gms@20104019@20.1.04 (040400-288960190):26)
10-10 15:40:33.342  4781  8467 E Auth    : 	at android.os.Binder.execTransact(Binder.java:682)
10-10 15:40:33.342  4781  8467 W Auth    : [GetToken] GetToken failed with status code: BadAuthentication
10-10 15:40:33.355  3962  4086 D InputReader: Input event(3): value=0 when=42810494321000
10-10 15:40:33.355  3962  4086 D InputReader: Input event(3): value=0 when=42810494321000
10-10 15:40:33.355  3962  4086 I InputReader: Touch event's action is 0x1 (deviceType=0) [pCnt=1, s=] when=42810494321000
10-10 15:40:33.355  3962  4085 I InputDispatcher: Delivering touch to (17804): action: 0x1, toolType: 1
10-10 15:40:33.356 17804 17804 D ViewRootImpl@246774e[Main]: ViewPostIme pointer 1
10-10 15:40:33.357  3962  6349 D GameManagerService: identifyGamePackage. com.android.chrome
10-10 15:40:33.357  3962  6349 D GamePkgDataHelper: getGamePkgData(). com.android.chrome
10-10 15:40:33.357  3962  6349 D CustomFrequencyManagerService: acquireDVFSLockLocked : type : DVFS_MIN_LIMIT  frequency : 936000  uid : 1000  pid : 3962  pkgName : GESTURE_DETECTED@CPU_MIN@48
10-10 15:40:33.366 17804 17881 W Auth    : [GoogleAuthUtil] GoogleAuthUtil
10-10 15:40:33.367 17804 17881 W GoogleAuthUtil: Error when getting token
10-10 15:40:33.367 17804 17881 W GoogleAuthUtil: hr: BadAuthentication
10-10 15:40:33.367 17804 17881 W GoogleAuthUtil: 	at Hr.a(PG:40)
10-10 15:40:33.367 17804 17881 W GoogleAuthUtil: 	at fr.a(PG:32)
10-10 15:40:33.367 17804 17881 W GoogleAuthUtil: 	at fr.a(PG:12)
10-10 15:40:33.367 17804 17881 W GoogleAuthUtil: 	at dr.b(PG:3)
10-10 15:40:33.367 17804 17881 W GoogleAuthUtil: 	at hi2.a(PG:2)
10-10 15:40:33.367 17804 17881 W GoogleAuthUtil: 	at Ah2.a(PG:23)
10-10 15:40:33.367 17804 17881 W GoogleAuthUtil: 	at Rh2.run(PG:1)
10-10 15:40:33.367 17804 17881 W GoogleAuthUtil: 	at Vh2.a(PG:3)
10-10 15:40:33.367 17804 17881 W GoogleAuthUtil: 	at ZI0.call(PG:4)
10-10 15:40:33.367 17804 17881 W GoogleAuthUtil: 	at java.util.concurrent.FutureTask.run(FutureTask.java:266)
10-10 15:40:33.368 17804 17881 W cr_OAuth2TokenService: Failed to perform auth task: Ih2: Error while getting token for scope 'oauth2:https://www.googleapis.com/auth/chromesync'
10-10 15:40:33.368 17804 17881 W cr_OAuth2TokenService: Caused by: ir: User intervention required. Notification has been pushed.
10-10 15:40:34.523  4940  4940 D io_stats: !@ 179,0 r 231202 8450136 w 227609 3434380 d 20438 20199168 f 76646 79060 iot 237556 200416 th 51200 0 0 pt 0 inp 0 0 42811.661
10-10 15:40:35.016  3962  3962 D CustomFrequencyManagerService: releaseDVFSLockLocked : Getting Lock type frm List : DVFS_MIN_LIMIT  frequency : 936000  uid : 1000  pid : 3962  tag : GESTURE_DETECTED@CPU_MIN@48
10-10 15:40:35.069  3962  4086 D InputReader: Input event(3): value=1 when=42812208448000
10-10 15:40:35.070  3962  4086 D InputReader: Input event(3): value=1 when=42812208448000
10-10 15:40:35.070  3962  4086 I InputReader: Touch event's action is 0x0 (deviceType=0) [pCnt=1, s=0.568 ] when=42812208448000
10-10 15:40:35.071  3962  4085 I InputDispatcher: Delivering touch to (4347): action: 0x4, toolType: 1
10-10 15:40:35.071  3962  4085 I InputDispatcher: Delivering touch to (17804): action: 0x0, toolType: 1
10-10 15:40:35.071 17804 17804 D ViewRootImpl@246774e[Main]: ViewPostIme pointer 0
10-10 15:40:35.114  3962  9029 D BatteryService: !@BatteryListener : batteryPropertiesChanged!
10-10 15:40:35.143  3962  4086 D InputReader: Input event(3): value=0 when=42812282282000
10-10 15:40:35.143  3962  4086 D InputReader: Input event(3): value=0 when=42812282282000
10-10 15:40:35.143  3962  4086 I InputReader: Touch event's action is 0x1 (deviceType=0) [pCnt=1, s=] when=42812282282000
10-10 15:40:35.143  3962  4085 I InputDispatcher: Delivering touch to (17804): action: 0x1, toolType: 1
10-10 15:40:35.144 17804 17804 D ViewRootImpl@246774e[Main]: ViewPostIme pointer 1
10-10 15:40:35.178 17804 17804 D InputMethodManager: HSIFW - flag : 0 Pid : 17804
10-10 15:40:35.179  3962  4548 V InputMethodManagerService: Client requesting input be hidden, flags : 0
10-10 15:40:35.179  3962  4548 V InputMethodManagerService: hideCurrentInputLocked : shouldHideSoftInput is false
10-10 15:40:35.182 17804 17804 D InputMethodManager: HSIFW - flag : 0 Pid : 17804
10-10 15:40:35.183  3962  4548 V InputMethodManagerService: Client requesting input be hidden, flags : 0
10-10 15:40:35.183  3962  4548 V InputMethodManagerService: hideCurrentInputLocked : shouldHideSoftInput is false
10-10 15:40:37.314  3962  4086 D InputReader: Input event(3): value=1 when=42814452800000
10-10 15:40:37.314  3962  4086 D InputReader: Input event(3): value=1 when=42814452800000
10-10 15:40:37.314  3962  4086 I InputReader: Touch event's action is 0x0 (deviceType=0) [pCnt=1, s=0.569 ] when=42814452800000
10-10 15:40:37.315  3962  4085 I InputDispatcher: Delivering touch to (4347): action: 0x4, toolType: 1
10-10 15:40:37.315  3962  4085 I InputDispatcher: Delivering touch to (17804): action: 0x0, toolType: 1
10-10 15:40:37.315 17804 17804 D ViewRootImpl@246774e[Main]: ViewPostIme pointer 0
10-10 15:40:37.376  3962  4086 D InputReader: Input event(3): value=0 when=42814515056000
10-10 15:40:37.376  3962  4086 D InputReader: Input event(3): value=0 when=42814515056000
10-10 15:40:37.376  3962  4086 I InputReader: Touch event's action is 0x1 (deviceType=0) [pCnt=1, s=] when=42814515056000
10-10 15:40:37.376  3962  4085 I InputDispatcher: Delivering touch to (17804): action: 0x1, toolType: 1
10-10 15:40:37.377 17804 17804 D ViewRootImpl@246774e[Main]: ViewPostIme pointer 1
10-10 15:40:37.388 17804 17804 D InputMethodManager: HSIFW - flag : 0 Pid : 17804
10-10 15:40:37.389  3962  4548 V InputMethodManagerService: Client requesting input be hidden, flags : 0
10-10 15:40:37.389  3962  4548 V InputMethodManagerService: hideCurrentInputLocked : shouldHideSoftInput is false
10-10 15:40:37.395 17804 17804 D InputMethodManager: HSIFW - flag : 0 Pid : 17804
10-10 15:40:37.395  3962  4548 V InputMethodManagerService: Client requesting input be hidden, flags : 0
10-10 15:40:37.396  3962  4548 V InputMethodManagerService: hideCurrentInputLocked : shouldHideSoftInput is false
10-10 15:40:37.397 17804 17804 V InputMethodManager: Starting input: tba=android.view.inputmethod.EditorInfo@c140c2c nm : com.android.chrome ic=null
10-10 15:40:37.397 17804 17804 I InputMethodManager: startInputInner - mService.startInputOrWindowGainedFocus
10-10 15:40:37.397  3962  4548 D InputMethodManagerService: startInputOrWindowGainedFocus : startInput 
10-10 15:40:37.398  3962  4548 D InputMethodManagerService: setCurrentInputInfo - inputContext : null eidtorInfo : android.view.inputmethod.EditorInfo@46fb6a4 missingMethods : 0
10-10 15:40:37.398  4337  4337 I InputMethodWrapper:  call dispatchStartInputWithToken
10-10 15:40:37.398  4337  4337 I InputMethodService: dispatchStartInputWithToken
10-10 15:40:37.399  4337  4337 I SKBD    : SamsungKeypad [IMI] onStartInput - caller pid : 17804, caller uid : 10095
10-10 15:40:37.433  3962  9029 V WindowManager: Relayout Window{6d1706e u0 com.android.chrome/com.google.android.apps.chrome.Main}: viewVisibility=0 req=720x1280 WM.LayoutParams{(0,0)(fillxfill) sim=#13 ty=1 fl=#81810100 pfl=0x20000 fmt=-3 wanim=0x10302fd vsysui=0x2600 sysuil=true needsMenuKey=2 colorMode=0 naviIconColor=0}
10-10 15:40:37.438 17804 17804 D ViewRootImpl@246774e[Main]: Relayout returned: old=[0,0][720,1280] new=[0,0][720,1280] result=0x1 surface={valid=true 3158036480} changed=false
10-10 15:40:37.442  3962  4443 E Watchdog: !@Sync 1426 [2021-10-10 15:40:37.442]
10-10 15:40:37.904  1160  1160 E adbd    : recv: OPEN 0000099e 00000000 0042:73 68 65 6C 6C 2C 76 32 2C 54 45 52 4D 3D 78 74 65 72 6D 2D 32 35 36 63 6F 6C 6F 72 2C 72 61 77 3A 67 65 74 70 72 6F 70 20 72 6F 2E 62 75 69 6C 64 2E 76 65 72 73 69 6F 6E 2E 72 65 6C 65 61 73 65 00 
10-10 15:40:37.904  1160  1160 E adbd    : service_to_fd: shell,v2,TERM=xterm-256color,raw:getprop ro.build.version.release
10-10 15:40:37.991  1160  1160 E adbd    : recv: OPEN 000009a2 00000000 003e:73 68 65 6C 6C 2C 76 32 2C 54 45 52 4D 3D 78 74 65 72 6D 2D 32 35 36 63 6F 6C 6F 72 2C 72 61 77 3A 67 65 74 70 72 6F 70 20 72 6F 2E 62 75 69 6C 64 2E 76 65 72 73 69 6F 6E 2E 73 64 6B 00 
10-10 15:40:37.991  1160  1160 E adbd    : service_to_fd: shell,v2,TERM=xterm-256color,raw:getprop ro.build.version.sdk
10-10 15:40:38.074  1160  1160 E adbd    : recv: OPEN 000009a6 00000000 0076:73 68 65 6C 6C 2C 76 32 2C 54 45 52 4D 3D 78 74 65 72 6D 2D 32 35 36 63 6F 6C 6F 72 2C 72 61 77 3A 64 75 6D 70 73 79 73 20 61 63 74 69 76 69 74 79 20 72 65 63 65 6E 74 73 20 7C 20 67 72 65 70 20 22 52 65 63 65 6E 74 20 23 30 22 20 7C 20 63 75 74 20 2D 64 20 22 3D 22 20 2D 66 32 20 7C 20 67 72 65 70 20 2D 6F 20 2D 70 20 22 5B 61 2D 7A 7C 2E 5D 2A 22 00 
10-10 15:40:38.074  1160  1160 E adbd    : service_to_fd: shell,v2,TERM=xterm-256color,raw:dumpsys activity recents | grep "Recent #0" | cut -d "=" -f2 | grep -o -p "[a-z|.]*"
10-10 15:40:38.164  1160  1160 E adbd    : recv: OPEN 000009aa 00000000 0042:73 68 65 6C 6C 2C 76 32 2C 54 45 52 4D 3D 78 74 65 72 6D 2D 32 35 36 63 6F 6C 6F 72 2C 72 61 77 3A 67 65 74 70 72 6F 70 20 72 6F 2E 62 75 69 6C 64 2E 76 65 72 73 69 6F 6E 2E 72 65 6C 65 61 73 65 00 
10-10 15:40:38.164  1160  1160 E adbd    : service_to_fd: shell,v2,TERM=xterm-256color,raw:getprop ro.build.version.release
10-10 15:40:38.240  1160  1160 E adbd    : recv: OPEN 000009ae 00000000 003e:73 68 65 6C 6C 2C 76 32 2C 54 45 52 4D 3D 78 74 65 72 6D 2D 32 35 36 63 6F 6C 6F 72 2C 72 61 77 3A 67 65 74 70 72 6F 70 20 72 6F 2E 62 75 69 6C 64 2E 76 65 72 73 69 6F 6E 2E 73 64 6B 00 
10-10 15:40:38.240  1160  1160 E adbd    : service_to_fd: shell,v2,TERM=xterm-256color,raw:getprop ro.build.version.sdk
