10-10 15:40:39.656 15471 18160 I zygote64:   at java.lang.Object com.google.android.apps.gsa.staticplugins.ai.p.call() ((null):4)
10-10 15:40:39.656 15471 18160 I zygote64:   at void java.util.concurrent.FutureTask.run() (FutureTask.java:266)
10-10 15:40:39.656 15471 18160 I zygote64:   at void com.google.android.apps.gsa.shared.util.c.a.g.run() (SourceFile:9)
10-10 15:40:39.656 15471 18160 I zygote64:   at void java.util.concurrent.ThreadPoolExecutor.runWorker(java.util.concurrent.ThreadPoolExecutor$Worker) (ThreadPoolExecutor.java:1162)
10-10 15:40:39.656 15471 18160 I zygote64:   at void java.util.concurrent.ThreadPoolExecutor$Worker.run() (ThreadPoolExecutor.java:636)
10-10 15:40:39.656 15471 18160 I zygote64:   at void java.lang.Thread.run() (Thread.java:764)
10-10 15:40:39.656 15471 18160 I zygote64:   at void com.google.android.apps.gsa.shared.util.c.a.l.run() (SourceFile:6)
10-10 15:40:39.656 15471 18160 I zygote64: Caused by: java.lang.ClassNotFoundException: Didn't find class "android.webkit.TracingController" on path: DexPathList[[zip file "/data/app/com.android.chrome-QAhTS9e_NkWqu-uErs6t6g==/base.apk", zip file "/data/app/com.android.chrome-QAhTS9e_NkWqu-uErs6t6g==/split_config.en.apk"],nativeLibraryDirectories=[/data/app/com.android.chrome-QAhTS9e_NkWqu-uErs6t6g==/lib/arm64, /data/app/com.android.chrome-QAhTS9e_NkWqu-uErs6t6g==/base.apk!/lib/arm64-v8a, /data/app/com.android.chrome-QAhTS9e_NkWqu-uErs6t6g==/split_config.en.apk!/lib/arm64-v8a, /system/lib64, /vendor/lib64]]
10-10 15:40:39.656 15471 18160 I zygote64:   at java.lang.Class dalvik.system.BaseDexClassLoader.findClass(java.lang.String) (BaseDexClassLoader.java:93)
10-10 15:40:39.656 15471 18160 I zygote64:   at java.lang.Class java.lang.ClassLoader.loadClass(java.lang.String, boolean) (ClassLoader.java:379)
10-10 15:40:39.656 15471 18160 I zygote64:   at java.lang.Class java.lang.ClassLoader.loadClass(java.lang.String) (ClassLoader.java:312)
10-10 15:40:39.656 15471 18160 I zygote64:   at java.lang.Class java.lang.Class.classForName(java.lang.String, boolean, java.lang.ClassLoader) (Class.java:-2)
10-10 15:40:39.656 15471 18160 I zygote64:   at java.lang.Class java.lang.Class.forName(java.lang.String, boolean, java.lang.ClassLoader) (Class.java:453)
10-10 15:40:39.656 15471 18160 I zygote64:   at java.lang.Class android.webkit.WebViewFactory.getWebViewProviderClass(java.lang.ClassLoader) (WebViewFactory.java:150)
10-10 15:40:39.656 15471 18160 I zygote64:   at java.lang.Class android.webkit.WebViewFactory.getProviderClass() (WebViewFactory.java:417)
10-10 15:40:39.656 15471 18160 I zygote64:   at android.webkit.WebViewFactoryProvider android.webkit.WebViewFactory.getProvider() (WebViewFactory.java:211)
10-10 15:40:39.656 15471 18160 I zygote64:   at android.webkit.CookieManager android.webkit.CookieManager.getInstance() (CookieManager.java:39)
10-10 15:40:39.656 15471 18160 I zygote64:   at java.lang.Object com.google.android.apps.gsa.staticplugins.ai.i.call() ((null):4)
10-10 15:40:39.656 15471 18160 I zygote64:   at java.lang.Object com.google.android.apps.gsa.staticplugins.ai.p.call() ((null):4)
10-10 15:40:39.656 15471 18160 I zygote64:   at void java.util.concurrent.FutureTask.run() (FutureTask.java:266)
10-10 15:40:39.656 15471 18160 I zygote64:   at void com.google.android.apps.gsa.shared.util.c.a.g.run() (SourceFile:9)
10-10 15:40:39.656 15471 18160 I zygote64:   at void java.util.concurrent.ThreadPoolExecutor.runWorker(java.util.concurrent.ThreadPoolExecutor$Worker) (ThreadPoolExecutor.java:1162)
10-10 15:40:39.656 15471 18160 I zygote64:   at void java.util.concurrent.ThreadPoolExecutor$Worker.run() (ThreadPoolExecutor.java:636)
10-10 15:40:39.656 15471 18160 I zygote64:   at void java.lang.Thread.run() (Thread.java:764)
10-10 15:40:39.656 15471 18160 I zygote64:   at void com.google.android.apps.gsa.shared.util.c.a.l.run() (SourceFile:6)
10-10 15:40:39.656 15471 18160 I zygote64: 
10-10 15:40:39.657 15471 18160 I zygote64: Rejecting re-init on previously-failed class java.lang.Class<Mk>: java.lang.NoClassDefFoundError: Failed resolution of: Landroid/webkit/TracingController;
10-10 15:40:39.657 15471 18160 I zygote64:   at java.lang.Class java.lang.Class.classForName(java.lang.String, boolean, java.lang.ClassLoader) (Class.java:-2)
10-10 15:40:39.657 15471 18160 I zygote64:   at java.lang.Class java.lang.Class.forName(java.lang.String, boolean, java.lang.ClassLoader) (Class.java:453)
10-10 15:40:39.657 15471 18160 I zygote64:   at java.lang.Class android.webkit.WebViewFactory.getWebViewProviderClass(java.lang.ClassLoader) (WebViewFactory.java:150)
10-10 15:40:39.657 15471 18160 I zygote64:   at java.lang.Class android.webkit.WebViewFactory.getProviderClass() (WebViewFactory.java:417)
10-10 15:40:39.657 15471 18160 I zygote64:   at android.webkit.WebViewFactoryProvider android.webkit.WebViewFactory.getProvider() (WebViewFactory.java:211)
10-10 15:40:39.657 15471 18160 I zygote64:   at android.webkit.CookieManager android.webkit.CookieManager.getInstance() (CookieManager.java:39)
10-10 15:40:39.657 15471 18160 I zygote64:   at java.lang.Object com.google.android.apps.gsa.staticplugins.ai.i.call() ((null):4)
10-10 15:40:39.657 15471 18160 I zygote64:   at java.lang.Object com.google.android.apps.gsa.staticplugins.ai.p.call() ((null):4)
10-10 15:40:39.657 15471 18160 I zygote64:   at void java.util.concurrent.FutureTask.run() (FutureTask.java:266)
10-10 15:40:39.657 15471 18160 I zygote64:   at void com.google.android.apps.gsa.shared.util.c.a.g.run() (SourceFile:9)
10-10 15:40:39.657 15471 18160 I zygote64:   at void java.util.concurrent.ThreadPoolExecutor.runWorker(java.util.concurrent.ThreadPoolExecutor$Worker) (ThreadPoolExecutor.java:1162)
10-10 15:40:39.657 15471 18160 I zygote64:   at void java.util.concurrent.ThreadPoolExecutor$Worker.run() (ThreadPoolExecutor.java:636)
10-10 15:40:39.657 15471 18160 I zygote64:   at void java.lang.Thread.run() (Thread.java:764)
10-10 15:40:39.657 15471 18160 I zygote64:   at void com.google.android.apps.gsa.shared.util.c.a.l.run() (SourceFile:6)
10-10 15:40:39.657 15471 18160 I zygote64: Caused by: java.lang.ClassNotFoundException: Didn't find class "android.webkit.TracingController" on path: DexPathList[[zip file "/data/app/com.android.chrome-QAhTS9e_NkWqu-uErs6t6g==/base.apk", zip file "/data/app/com.android.chrome-QAhTS9e_NkWqu-uErs6t6g==/split_config.en.apk"],nativeLibraryDirectories=[/data/app/com.android.chrome-QAhTS9e_NkWqu-uErs6t6g==/lib/arm64, /data/app/com.android.chrome-QAhTS9e_NkWqu-uErs6t6g==/base.apk!/lib/arm64-v8a, /data/app/com.android.chrome-QAhTS9e_NkWqu-uErs6t6g==/split_config.en.apk!/lib/arm64-v8a, /system/lib64, /vendor/lib64]]
10-10 15:40:39.657 15471 18160 I zygote64:   at java.lang.Class dalvik.system.BaseDexClassLoader.findClass(java.lang.String) (BaseDexClassLoader.java:93)
10-10 15:40:39.657 15471 18160 I zygote64:   at java.lang.Class java.lang.ClassLoader.loadClass(java.lang.String, boolean) (ClassLoader.java:379)
10-10 15:40:39.657 15471 18160 I zygote64:   at java.lang.Class java.lang.ClassLoader.loadClass(java.lang.String) (ClassLoader.java:312)
10-10 15:40:39.657 15471 18160 I zygote64:   at java.lang.Class java.lang.Class.classForName(java.lang.String, boolean, java.lang.ClassLoader) (Class.java:-2)
10-10 15:40:39.657 15471 18160 I zygote64:   at java.lang.Class java.lang.Class.forName(java.lang.String, boolean, java.lang.ClassLoader) (Class.java:453)
10-10 15:40:39.657 15471 18160 I zygote64:   at java.lang.Class android.webkit.WebViewFactory.getWebViewProviderClass(java.lang.ClassLoader) (WebViewFactory.java:150)
10-10 15:40:39.657 15471 18160 I zygote64:   at java.lang.Class android.webkit.WebViewFactory.getProviderClass() (WebViewFactory.java:417)
10-10 15:40:39.657 15471 18160 I zygote64:   at android.webkit.WebViewFactoryProvider android.webkit.WebViewFactory.getProvider() (WebViewFactory.java:211)
10-10 15:40:39.657 15471 18160 I zygote64:   at android.webkit.CookieManager android.webkit.CookieManager.getInstance() (CookieManager.java:39)
10-10 15:40:39.657 15471 18160 I zygote64:   at java.lang.Object com.google.android.apps.gsa.staticplugins.ai.i.call() ((null):4)
10-10 15:40:39.657 15471 18160 I zygote64:   at java.lang.Object com.google.android.apps.gsa.staticplugins.ai.p.call() ((null):4)
10-10 15:40:39.657 15471 18160 I zygote64:   at void java.util.concurrent.FutureTask.run() (FutureTask.java:266)
10-10 15:40:39.657 15471 18160 I zygote64:   at void com.google.android.apps.gsa.shared.util.c.a.g.run() (SourceFile:9)
10-10 15:40:39.657 15471 18160 I zygote64:   at void java.util.concurrent.ThreadPoolExecutor.runWorker(java.util.concurrent.ThreadPoolExecutor$Worker) (ThreadPoolExecutor.java:1162)
10-10 15:40:39.657 15471 18160 I zygote64:   at void java.util.concurrent.ThreadPoolExecutor$Worker.run() (ThreadPoolExecutor.java:636)
10-10 15:40:39.657 15471 18160 I zygote64:   at void java.lang.Thread.run() (Thread.java:764)
10-10 15:40:39.657 15471 18160 I zygote64:   at void com.google.android.apps.gsa.shared.util.c.a.l.run() (SourceFile:6)
10-10 15:40:39.657 15471 18160 I zygote64: 
10-10 15:40:39.658 15471 18160 I zygote64: Rejecting re-init on previously-failed class java.lang.Class<Mk>: java.lang.NoClassDefFoundError: Failed resolution of: Landroid/webkit/TracingController;
10-10 15:40:39.658 15471 18160 I zygote64:   at java.lang.Class java.lang.Class.classForName(java.lang.String, boolean, java.lang.ClassLoader) (Class.java:-2)
10-10 15:40:39.658 15471 18160 I zygote64:   at java.lang.Class java.lang.Class.forName(java.lang.String, boolean, java.lang.ClassLoader) (Class.java:453)
10-10 15:40:39.658 15471 18160 I zygote64:   at java.lang.Class android.webkit.WebViewFactory.getWebViewProviderClass(java.lang.ClassLoader) (WebViewFactory.java:150)
10-10 15:40:39.658 15471 18160 I zygote64:   at java.lang.Class android.webkit.WebViewFactory.getProviderClass() (WebViewFactory.java:417)
10-10 15:40:39.658 15471 18160 I zygote64:   at android.webkit.WebViewFactoryProvider android.webkit.WebViewFactory.getProvider() (WebViewFactory.java:211)
10-10 15:40:39.658 15471 18160 I zygote64:   at android.webkit.CookieManager android.webkit.CookieManager.getInstance() (CookieManager.java:39)
10-10 15:40:39.658 15471 18160 I zygote64:   at java.lang.Object com.google.android.apps.gsa.staticplugins.ai.i.call() ((null):4)
10-10 15:40:39.658 15471 18160 I zygote64:   at java.lang.Object com.google.android.apps.gsa.staticplugins.ai.p.call() ((null):4)
10-10 15:40:39.658 15471 18160 I zygote64:   at void java.util.concurrent.FutureTask.run() (FutureTask.java:266)
10-10 15:40:39.658 15471 18160 I zygote64:   at void com.google.android.apps.gsa.shared.util.c.a.g.run() (SourceFile:9)
10-10 15:40:39.658 15471 18160 I zygote64:   at void java.util.concurrent.ThreadPoolExecutor.runWorker(java.util.concurrent.ThreadPoolExecutor$Worker) (ThreadPoolExecutor.java:1162)
10-10 15:40:39.658 15471 18160 I zygote64:   at void java.util.concurrent.ThreadPoolExecutor$Worker.run() (ThreadPoolExecutor.java:636)
10-10 15:40:39.658 15471 18160 I zygote64:   at void java.lang.Thread.run() (Thread.java:764)
10-10 15:40:39.658 15471 18160 I zygote64:   at void com.google.android.apps.gsa.shared.util.c.a.l.run() (SourceFile:6)
10-10 15:40:39.658 15471 18160 I zygote64: Caused by: java.lang.ClassNotFoundException: Didn't find class "android.webkit.TracingController" on path: DexPathList[[zip file "/data/app/com.android.chrome-QAhTS9e_NkWqu-uErs6t6g==/base.apk", zip file "/data/app/com.android.chrome-QAhTS9e_NkWqu-uErs6t6g==/split_config.en.apk"],nativeLibraryDirectories=[/data/app/com.android.chrome-QAhTS9e_NkWqu-uErs6t6g==/lib/arm64, /data/app/com.android.chrome-QAhTS9e_NkWqu-uErs6t6g==/base.apk!/lib/arm64-v8a, /data/app/com.android.chrome-QAhTS9e_NkWqu-uErs6t6g==/split_config.en.apk!/lib/arm64-v8a, /system/lib64, /vendor/lib64]]
10-10 15:40:39.658 15471 18160 I zygote64:   at java.lang.Class dalvik.system.BaseDexClassLoader.findClass(java.lang.String) (BaseDexClassLoader.java:93)
10-10 15:40:39.658 15471 18160 I zygote64:   at java.lang.Class java.lang.ClassLoader.loadClass(java.lang.String, boolean) (ClassLoader.java:379)
10-10 15:40:39.658 15471 18160 I zygote64:   at java.lang.Class java.lang.ClassLoader.loadClass(java.lang.String) (ClassLoader.java:312)
10-10 15:40:39.658 15471 18160 I zygote64:   at java.lang.Class java.lang.Class.classForName(java.lang.String, boolean, java.lang.ClassLoader) (Class.java:-2)
10-10 15:40:39.658 15471 18160 I zygote64:   at java.lang.Class java.lang.Class.forName(java.lang.String, boolean, java.lang.ClassLoader) (Class.java:453)
10-10 15:40:39.658 15471 18160 I zygote64:   at java.lang.Class android.webkit.WebViewFactory.getWebViewProviderClass(java.lang.ClassLoader) (WebViewFactory.java:150)
10-10 15:40:39.658 15471 18160 I zygote64:   at java.lang.Class android.webkit.WebViewFactory.getProviderClass() (WebViewFactory.java:417)
10-10 15:40:39.658 15471 18160 I zygote64:   at android.webkit.WebViewFactoryProvider android.webkit.WebViewFactory.getProvider() (WebViewFactory.java:211)
10-10 15:40:39.658 15471 18160 I zygote64:   at android.webkit.CookieManager android.webkit.CookieManager.getInstance() (CookieManager.java:39)
10-10 15:40:39.658 15471 18160 I zygote64:   at java.lang.Object com.google.android.apps.gsa.staticplugins.ai.i.call() ((null):4)
10-10 15:40:39.658 15471 18160 I zygote64:   at java.lang.Object com.google.android.apps.gsa.staticplugins.ai.p.call() ((null):4)
10-10 15:40:39.658 15471 18160 I zygote64:   at void java.util.concurrent.FutureTask.run() (FutureTask.java:266)
10-10 15:40:39.658 15471 18160 I zygote64:   at void com.google.android.apps.gsa.shared.util.c.a.g.run() (SourceFile:9)
10-10 15:40:39.658 15471 18160 I zygote64:   at void java.util.concurrent.ThreadPoolExecutor.runWorker(java.util.concurrent.ThreadPoolExecutor$Worker) (ThreadPoolExecutor.java:1162)
10-10 15:40:39.658 15471 18160 I zygote64:   at void java.util.concurrent.ThreadPoolExecutor$Worker.run() (ThreadPoolExecutor.java:636)
10-10 15:40:39.658 15471 18160 I zygote64:   at void java.lang.Thread.run() (Thread.java:764)
10-10 15:40:39.658 15471 18160 I zygote64:   at void com.google.android.apps.gsa.shared.util.c.a.l.run() (SourceFile:6)
10-10 15:40:39.658 15471 18160 I zygote64: 
10-10 15:40:39.670  3962  3962 D AppWidgetServiceImpl: handleNotifyUpdateAppWidget, appWidgetId = 3
10-10 15:40:39.670 15471 15698 I WorkerManager: Releasing worker: [searchwidget]/[59]/[com.google.android.apps.gsa.staticplugins.eb.aa]
10-10 15:40:39.671  5199  5199 I LauncherAppWidgetHostView: updateLastOrientation, orientation: 1, activityOrientation: 1, fromRemoteViews: true, widget: ComponentInfo{com.google.android.googlequicksearchbox/com.google.android.googlequicksearchbox.SearchWidgetProvider}
10-10 15:40:39.679 15471 18160 I cr_LibraryLoader: Time to load native libraries: 4 ms (timestamps 6814-6818)
10-10 15:40:39.688 15471 18160 I chromium: [INFO:library_loader_hooks.cc(51)] Chromium logging enabled: level = 0, default verbosity = 0
10-10 15:40:39.688 15471 18160 I cr_LibraryLoader: Expected native library version number "77.0.3865.92", actual native library version number "77.0.3865.92"
10-10 15:40:39.725  4781  4795 E Auth    : [GoogleAccountDataServiceImpl] getToken() -> BAD_AUTHENTICATION. Account: <ELLIDED:-421322798>, App: com.google.android.googlequicksearchbox, Service: oauth2:https://www.google.com/accounts/OAuthLogin
10-10 15:40:39.725  4781  4795 E Auth    : slg: Long live credential not available.
10-10 15:40:39.725  4781  4795 E Auth    : 	at hde.a(:com.google.android.gms@20104019@20.1.04 (040400-288960190):133)
10-10 15:40:39.725  4781  4795 E Auth    : 	at gzm.a(:com.google.android.gms@20104019@20.1.04 (040400-288960190):38)
10-10 15:40:39.725  4781  4795 E Auth    : 	at gzm.a(:com.google.android.gms@20104019@20.1.04 (040400-288960190):129)
10-10 15:40:39.725  4781  4795 E Auth    : 	at dty.a(:com.google.android.gms@20104019@20.1.04 (040400-288960190):4)
10-10 15:40:39.725  4781  4795 E Auth    : 	at abbq.a(:com.google.android.gms@20104019@20.1.04 (040400-288960190):3)
10-10 15:40:39.725  4781  4795 E Auth    : 	at cmv.onTransact(:com.google.android.gms@20104019@20.1.04 (040400-288960190):4)
10-10 15:40:39.725  4781  4795 E Auth    : 	at android.os.Binder.transact(Binder.java:612)
10-10 15:40:39.725  4781  4795 E Auth    : 	at dvt.onTransact(:com.google.android.gms@20104019@20.1.04 (040400-288960190):2)
10-10 15:40:39.725  4781  4795 E Auth    : 	at android.os.Binder.transact(Binder.java:612)
10-10 15:40:39.725  4781  4795 E Auth    : 	at abch.onTransact(:com.google.android.gms@20104019@20.1.04 (040400-288960190):26)
10-10 15:40:39.725  4781  4795 E Auth    : 	at android.os.Binder.execTransact(Binder.java:682)
10-10 15:40:39.726  4781  4795 W Auth    : [GetToken] GetToken failed with status code: BadAuthentication
10-10 15:40:39.746 15471 18167 W Auth    : [GoogleAuthUtil] GoogleAuthUtil
10-10 15:40:39.747 15471 18167 W GoogleAuthUtil: Error when getting token
10-10 15:40:39.747 15471 18167 W GoogleAuthUtil: com.google.android.gms.auth.i: BadAuthentication
10-10 15:40:39.747 15471 18167 W GoogleAuthUtil: 	at com.google.android.gms.auth.e.a(SourceFile:41)
10-10 15:40:39.747 15471 18167 W GoogleAuthUtil: 	at com.google.android.gms.auth.b.a(SourceFile:43)
10-10 15:40:39.747 15471 18167 W GoogleAuthUtil: 	at com.google.android.gms.auth.b.a(SourceFile:17)
10-10 15:40:39.747 15471 18167 W GoogleAuthUtil: 	at com.google.android.libraries.gcoreclient.e.a.c.a(SourceFile:18)
10-10 15:40:39.747 15471 18167 W GoogleAuthUtil: 	at com.google.android.apps.gsa.search.core.google.gaia.k.b(SourceFile:11)
10-10 15:40:39.747 15471 18167 W GoogleAuthUtil: 	at com.google.android.apps.gsa.search.core.google.gaia.g.b(SourceFile:35)
10-10 15:40:39.747 15471 18167 W GoogleAuthUtil: 	at com.google.android.apps.gsa.search.core.google.gaia.b.a(SourceFile:24)
10-10 15:40:39.747 15471 18167 W GoogleAuthUtil: 	at com.google.android.apps.gsa.search.core.google.gaia.b.b(SourceFile:6)
10-10 15:40:39.747 15471 18167 W GoogleAuthUtil: 	at com.google.android.apps.gsa.search.core.google.gaia.af.call(SourceFile:6)
10-10 15:40:39.747 15471 18167 W GoogleAuthUtil: 	at java.util.concurrent.FutureTask.run(FutureTask.java:266)
10-10 15:40:39.747 15471 18167 W GoogleAuthUtil: 	at com.google.android.apps.gsa.shared.util.c.a.i.run(Unknown Source:3)
10-10 15:40:39.747 15471 18167 W GoogleAuthUtil: 	at com.google.android.apps.gsa.shared.util.c.a.bm.run(SourceFile:3)
10-10 15:40:39.747 15471 18167 W GoogleAuthUtil: 	at com.google.android.apps.gsa.shared.util.c.a.bm.run(SourceFile:3)
10-10 15:40:39.747 15471 18167 W GoogleAuthUtil: 	at java.util.concurrent.ThreadPoolExecutor.runWorker(ThreadPoolExecutor.java:1162)
10-10 15:40:39.747 15471 18167 W GoogleAuthUtil: 	at java.util.concurrent.ThreadPoolExecutor$Worker.run(ThreadPoolExecutor.java:636)
10-10 15:40:39.747 15471 18167 W GoogleAuthUtil: 	at java.lang.Thread.run(Thread.java:764)
10-10 15:40:39.747 15471 18167 W GoogleAuthUtil: 	at com.google.android.apps.gsa.shared.util.c.a.l.run(SourceFile:6)
10-10 15:40:39.748 15471 18167 W Search.LoginHelperImpl: User recoverable exception for scope: oauth2:https://www.google.com/accounts/OAuthLogin
10-10 15:40:39.748 15471 18167 W Search.LoginHelperImpl: com.google.android.libraries.gcoreclient.e.g: User intervention required. Notification has been pushed.
10-10 15:40:39.748 15471 18167 W Search.LoginHelperImpl: 	at com.google.android.libraries.gcoreclient.e.a.c.a(SourceFile:21)
10-10 15:40:39.748 15471 18167 W Search.LoginHelperImpl: 	at com.google.android.apps.gsa.search.core.google.gaia.k.b(SourceFile:11)
10-10 15:40:39.748 15471 18167 W Search.LoginHelperImpl: 	at com.google.android.apps.gsa.search.core.google.gaia.g.b(SourceFile:35)
10-10 15:40:39.748 15471 18167 W Search.LoginHelperImpl: 	at com.google.android.apps.gsa.search.core.google.gaia.b.a(SourceFile:24)
10-10 15:40:39.748 15471 18167 W Search.LoginHelperImpl: 	at com.google.android.apps.gsa.search.core.google.gaia.b.b(SourceFile:6)
10-10 15:40:39.748 15471 18167 W Search.LoginHelperImpl: 	at com.google.android.apps.gsa.search.core.google.gaia.af.call(SourceFile:6)
10-10 15:40:39.748 15471 18167 W Search.LoginHelperImpl: 	at java.util.concurrent.FutureTask.run(FutureTask.java:266)
10-10 15:40:39.748 15471 18167 W Search.LoginHelperImpl: 	at com.google.android.apps.gsa.shared.util.c.a.i.run(Unknown Source:3)
10-10 15:40:39.748 15471 18167 W Search.LoginHelperImpl: 	at com.google.android.apps.gsa.shared.util.c.a.bm.run(SourceFile:3)
10-10 15:40:39.748 15471 18167 W Search.LoginHelperImpl: 	at com.google.android.apps.gsa.shared.util.c.a.bm.run(SourceFile:3)
10-10 15:40:39.748 15471 18167 W Search.LoginHelperImpl: 	at java.util.concurrent.ThreadPoolExecutor.runWorker(ThreadPoolExecutor.java:1162)
10-10 15:40:39.748 15471 18167 W Search.LoginHelperImpl: 	at java.util.concurrent.ThreadPoolExecutor$Worker.run(ThreadPoolExecutor.java:636)
10-10 15:40:39.748 15471 18167 W Search.LoginHelperImpl: 	at java.lang.Thread.run(Thread.java:764)
10-10 15:40:39.748 15471 18167 W Search.LoginHelperImpl: 	at com.google.android.apps.gsa.shared.util.c.a.l.run(SourceFile:6)
10-10 15:40:39.748 15471 18167 W Search.LoginHelperImpl: Caused by: com.google.android.gms.auth.k: User intervention required. Notification has been pushed.
10-10 15:40:39.748 15471 18167 W Search.LoginHelperImpl: 	at com.google.android.libraries.gcoreclient.e.a.c.a(SourceFile:33)
10-10 15:40:39.748 15471 18167 W Search.LoginHelperImpl: 	... 13 more
10-10 15:40:39.749 15471 15519 W ErrorReporter: reportError [type: 477, code: 1441801, bug: 0]: null
10-10 15:40:39.749 15471 15519 W OAuthCookieFetcher: Failed to retrieve OAuth token
10-10 15:40:39.750 15471 18167 W Search.LoginHelperImpl: User recoverable exception for scope: oauth2:https://www.google.com/accounts/OAuthLogin
10-10 15:40:39.750 15471 18167 W Search.LoginHelperImpl: com.google.android.libraries.gcoreclient.e.g: Cached recoverable exception
10-10 15:40:39.750 15471 18167 W Search.LoginHelperImpl: 	at com.google.android.apps.gsa.search.core.google.gaia.b.a(SourceFile:47)
10-10 15:40:39.750 15471 18167 W Search.LoginHelperImpl: 	at com.google.android.apps.gsa.search.core.google.gaia.b.b(SourceFile:6)
10-10 15:40:39.750 15471 18167 W Search.LoginHelperImpl: 	at com.google.android.apps.gsa.search.core.google.gaia.af.call(SourceFile:6)
10-10 15:40:39.750 15471 18167 W Search.LoginHelperImpl: 	at java.util.concurrent.FutureTask.run(FutureTask.java:266)
10-10 15:40:39.750 15471 18167 W Search.LoginHelperImpl: 	at com.google.android.apps.gsa.shared.util.c.a.i.run(Unknown Source:3)
10-10 15:40:39.750 15471 18167 W Search.LoginHelperImpl: 	at com.google.android.apps.gsa.shared.util.c.a.bm.run(SourceFile:3)
10-10 15:40:39.750 15471 18167 W Search.LoginHelperImpl: 	at com.google.android.apps.gsa.shared.util.c.a.bm.run(SourceFile:3)
10-10 15:40:39.750 15471 18167 W Search.LoginHelperImpl: 	at java.util.concurrent.ThreadPoolExecutor.runWorker(ThreadPoolExecutor.java:1162)
10-10 15:40:39.750 15471 18167 W Search.LoginHelperImpl: 	at java.util.concurrent.ThreadPoolExecutor$Worker.run(ThreadPoolExecutor.java:636)
10-10 15:40:39.750 15471 18167 W Search.LoginHelperImpl: 	at java.lang.Thread.run(Thread.java:764)
10-10 15:40:39.750 15471 18167 W Search.LoginHelperImpl: 	at com.google.android.apps.gsa.shared.util.c.a.l.run(SourceFile:6)
10-10 15:40:39.750 15471 18167 W Search.LoginHelperImpl: Caused by: com.google.android.libraries.gcoreclient.e.g: User intervention required. Notification has been pushed.
10-10 15:40:39.750 15471 18167 W Search.LoginHelperImpl: 	at com.google.android.libraries.gcoreclient.e.a.c.a(SourceFile:21)
10-10 15:40:39.750 15471 18167 W Search.LoginHelperImpl: 	at com.google.android.apps.gsa.search.core.google.gaia.k.b(SourceFile:11)
10-10 15:40:39.750 15471 18167 W Search.LoginHelperImpl: 	at com.google.android.apps.gsa.search.core.google.gaia.g.b(SourceFile:35)
10-10 15:40:39.750 15471 18167 W Search.LoginHelperImpl: 	at com.google.android.apps.gsa.search.core.google.gaia.b.a(SourceFile:24)
10-10 15:40:39.750 15471 18167 W Search.LoginHelperImpl: 	... 10 more
10-10 15:40:39.750 15471 18167 W Search.LoginHelperImpl: Caused by: com.google.android.gms.auth.k: User intervention required. Notification has been pushed.
10-10 15:40:39.750 15471 18167 W Search.LoginHelperImpl: 	at com.google.android.libraries.gcoreclient.e.a.c.a(SourceFile:33)
10-10 15:40:39.750 15471 18167 W Search.LoginHelperImpl: 	... 13 more
10-10 15:40:39.751 15471 15519 W ErrorReporter: reportError [type: 477, code: 1441801, bug: 0]: null
10-10 15:40:39.751 15471 15519 W OAuthCookieFetcher: Failed to retrieve OAuth token
10-10 15:40:39.755  3962  8810 D ConnectivityService: filterNetworkStateForUid() uid: 10075 networkInfo: [type: WIFI[] - WIFI, state: CONNECTED/CONNECTED, reason: (unspecified), extra: "Superman", failover: false, available: true, roaming: false, metered: false]
10-10 15:40:39.761  3962  8810 D ConnectivityService: filterNetworkStateForUid() uid: 10075 networkInfo: [type: WIFI[] - WIFI, state: CONNECTED/CONNECTED, reason: (unspecified), extra: "Superman", failover: false, available: true, roaming: false, metered: false]
10-10 15:40:39.795 15471 15703 D NetworkSecurityConfig: Using Network Security Config from resource network_security_config debugBuild: false
10-10 15:40:39.866  3962  6349 D SSRM:k  : SIOP:: AP = 310, PST = 303 (W:30), BAT = 288, USB = 0, CHG = 0
10-10 15:40:39.984 15471 15508 I WorkerManager: Releasing worker: [refreshzeroprefixsuggestions]/[380]/[com.google.android.apps.gsa.staticplugins.dn.a]
10-10 15:40:39.996 15471 15513 I WorkerManager: Releasing worker: [searchboxroot]/[24]/[com.google.android.apps.gsa.staticplugins.searchboxroot.k]
10-10 15:40:39.997 15471 15513 I WorkerManager: Releasing worker: [searchboxroot]/[24]/[com.google.android.apps.gsa.staticplugins.searchboxroot.k]
10-10 15:40:40.006  3962 15424 I SamsungAlarmManager: setLocked to kernel - T:2 / 20211010T154635, SetElapsed=1114758110, nowELAPSED=1114402165
10-10 15:40:40.007  3962 15424 D SamsungAlarmManager: setInexact Listener (T:2/F:0/AC:false) 20211010T155635 - CU:1000/CP:3962
10-10 15:40:40.007  3962 15424 I SamsungAlarmManager: setLocked to kernel - T:2 / 20211010T154734, SetElapsed=1114816198, nowELAPSED=1114402166
10-10 15:40:40.010  3962 15424 I SamsungAlarmManager: setLocked to kernel - T:3 / 20211010T154100, SetElapsed=1114422160, nowELAPSED=1114402169
10-10 15:40:40.010  3962 15424 D SamsungAlarmManager: setInexact Listener (T:2/F:0/AC:false) 20211010T161600 - CU:1000/CP:3962
10-10 15:40:40.011  3962 15424 D ConnectivityService: filterNetworkStateForUid() uid: 10075 networkInfo: [type: WIFI[] - WIFI, state: CONNECTED/CONNECTED, reason: (unspecified), extra: "Superman", failover: false, available: true, roaming: false, metered: false]
10-10 15:40:40.015 15471 15513 I WorkerManager: Releasing worker: [searchwidget]/[59]/[com.google.android.apps.gsa.staticplugins.eb.aa]
10-10 15:40:40.031 15471 15697 I WorkerManager: Releasing worker: [searchwidget]/[59]/[com.google.android.apps.gsa.staticplugins.eb.aa]
10-10 15:40:40.031  3962  3962 D AppWidgetServiceImpl: handleNotifyUpdateAppWidget, appWidgetId = 3
10-10 15:40:40.033  5199  5199 I LauncherAppWidgetHostView: updateLastOrientation, orientation: 1, activityOrientation: 1, fromRemoteViews: true, widget: ComponentInfo{com.google.android.googlequicksearchbox/com.google.android.googlequicksearchbox.SearchWidgetProvider}
10-10 15:40:40.451  3962  3962 D PreBindingService: handleMessage : 1
10-10 15:40:41.550  1160  1160 E adbd    : recv: OPEN 000009b6 00000000 0042:73 68 65 6C 6C 2C 76 32 2C 54 45 52 4D 3D 78 74 65 72 6D 2D 32 35 36 63 6F 6C 6F 72 2C 72 61 77 3A 67 65 74 70 72 6F 70 20 72 6F 2E 62 75 69 6C 64 2E 76 65 72 73 69 6F 6E 2E 72 65 6C 65 61 73 65 00 
10-10 15:40:41.551  1160  1160 E adbd    : service_to_fd: shell,v2,TERM=xterm-256color,raw:getprop ro.build.version.release
10-10 15:40:41.647  1160  1160 E adbd    : recv: OPEN 000009ba 00000000 003e:73 68 65 6C 6C 2C 76 32 2C 54 45 52 4D 3D 78 74 65 72 6D 2D 32 35 36 63 6F 6C 6F 72 2C 72 61 77 3A 67 65 74 70 72 6F 70 20 72 6F 2E 62 75 69 6C 64 2E 76 65 72 73 69 6F 6E 2E 73 64 6B 00 
10-10 15:40:41.647  1160  1160 E adbd    : service_to_fd: shell,v2,TERM=xterm-256color,raw:getprop ro.build.version.sdk
10-10 15:40:41.750  1160  1160 E adbd    : recv: OPEN 000009be 00000000 0034:73 68 65 6C 6C 2C 76 32 2C 54 45 52 4D 3D 78 74 65 72 6D 2D 32 35 36 63 6F 6C 6F 72 2C 72 61 77 3A 69 6E 70 75 74 20 74 61 70 20 36 30 30 20 31 30 30 30 00 
10-10 15:40:41.750  1160  1160 E adbd    : service_to_fd: shell,v2,TERM=xterm-256color,raw:input tap 600 1000
10-10 15:40:42.238 18176 18176 W ADebug  : Failed to get property persist.sys.media.traces
10-10 15:40:42.241 18176 18176 E appproc : Enhanced Zygote ASLR: ro.knox.enhance.zygote.aslr != 1. Enhanced Zygote ASLR is DISABLED!
10-10 15:40:42.241 18176 18176 D AndroidRuntime: >>>>>> START com.android.internal.os.RuntimeInit uid 2000 <<<<<<
10-10 15:40:42.244 18176 18176 D SecNativeFeatureCppIf: encoded
10-10 15:40:42.244 18176 18176 D SecNativeFeatureCppIf: decoding and unzip finish
10-10 15:40:42.244 18176 18176 D SecNativeFeatureCppIf: use unCompDataBuff. encoded
10-10 15:40:42.245 18176 18176 D SecNativeFeatureCppIf: Free unCompDataBuff
10-10 15:40:42.245 18176 18176 D SecNativeFeatureCppIf: encoded
10-10 15:40:42.245 18176 18176 D SecNativeFeatureCppIf: decoding and unzip finish
10-10 15:40:42.245 18176 18176 D SecNativeFeatureCppIf: use unCompDataBuff. encoded
10-10 15:40:42.245 18176 18176 D SecNativeFeatureCppIf: Free unCompDataBuff
10-10 15:40:42.245 18176 18176 D SecNativeFeatureCppIf: encoded
10-10 15:40:42.245 18176 18176 D SecNativeFeatureCppIf: decoding and unzip finish
10-10 15:40:42.245 18176 18176 D SecNativeFeatureCppIf: use unCompDataBuff. encoded
10-10 15:40:42.245 18176 18176 D SecNativeFeatureCppIf: Free unCompDataBuff
10-10 15:40:42.245 18176 18176 D SecNativeFeatureCppIf: encoded
10-10 15:40:42.245 18176 18176 D SecNativeFeatureCppIf: decoding and unzip finish
10-10 15:40:42.245 18176 18176 D SecNativeFeatureCppIf: use unCompDataBuff. encoded
10-10 15:40:42.245 18176 18176 D SecNativeFeatureCppIf: Free unCompDataBuff
10-10 15:40:42.346 18176 18176 D ICU     : Timezone override file found: /data/misc/zoneinfo/current/icu/icu_tzdata.dat
10-10 15:40:42.362 18176 18176 I app_process: find the special shared library, skip check
10-10 15:40:42.391 18176 18176 D SemCscFeature: Encoded
10-10 15:40:42.393 18176 18176 I chatty  : uid=2000(shell) identical 2 lines
10-10 15:40:42.395 18176 18176 D SemCscFeature: Encoded
10-10 15:40:42.396 18176 18176 E SemAffinityControl: SemAffinityControl: registerfunction enter
10-10 15:40:42.402 18176 18176 D AndroidRuntime: Calling main entry com.android.commands.input.Input
10-10 15:40:42.410 18176 18176 I Input   : injectMotionEvent: MotionEvent { action=ACTION_DOWN, actionButton=0, id[0]=0, x[0]=600.0, y[0]=1000.0, toolType[0]=TOOL_TYPE_UNKNOWN, buttonState=0, metaState=0, flags=0x0, edgeFlags=0x0, pointerCount=1, historySize=0, eventTime=42819541, downTime=42819541, deviceId=3, source=0x1002 }
10-10 15:40:42.410  3962 15424 D InputDispatcher: Inject motion (18176): action=0x0, eventTime=42819541000000, displayId=0
10-10 15:40:42.411  3962  4085 I InputDispatcher: Delivering touch to (4347): action: 0x4, toolType: 0
10-10 15:40:42.411  3962  4085 I InputDispatcher: Delivering touch to (5199): action: 0x0, toolType: 0
10-10 15:40:42.412  3962  4085 I InputDispatcher: Delivering touch to (4347): action: 0x0, toolType: 0
10-10 15:40:42.412  5199  5199 D ViewRootImpl@f25705b[LauncherActivity]: ViewPostIme pointer 0
10-10 15:40:42.414  5199  5199 D PagedView: reset touch state case 1
10-10 15:40:42.415 18176 18176 I Input   : injectMotionEvent: MotionEvent { action=ACTION_UP, actionButton=0, id[0]=0, x[0]=600.0, y[0]=1000.0, toolType[0]=TOOL_TYPE_UNKNOWN, buttonState=0, metaState=0, flags=0x0, edgeFlags=0x0, pointerCount=1, historySize=0, eventTime=42819541, downTime=42819541, deviceId=3, source=0x1002 }
10-10 15:40:42.416  3962 18153 D InputDispatcher: Inject motion (18176): action=0x1, eventTime=42819541000000, displayId=0
10-10 15:40:42.417  3962  4085 I InputDispatcher: Delivering touch to (5199): action: 0x1, toolType: 0
10-10 15:40:42.417  3962  4085 I InputDispatcher: Delivering touch to (4347): action: 0x1, toolType: 0
10-10 15:40:42.417  5199  5199 D ViewRootImpl@f25705b[LauncherActivity]: ViewPostIme pointer 1
10-10 15:40:42.419  5199  5199 W         : invalid onClick : com.android.launcher3.folder.view.FolderPagedView{551b79d V.ED..... ........ 0,0-720,800 #7f110084 app:id/folder_content}
10-10 15:40:42.419  5199  5199 D PagedView: resetTouchState()
10-10 15:40:42.420 18176 18176 D AndroidRuntime: Shutting down VM
10-10 15:40:42.505  1160  1160 E adbd    : recv: OPEN 000009c2 00000000 0042:73 68 65 6C 6C 2C 76 32 2C 54 45 52 4D 3D 78 74 65 72 6D 2D 32 35 36 63 6F 6C 6F 72 2C 72 61 77 3A 67 65 74 70 72 6F 70 20 72 6F 2E 62 75 69 6C 64 2E 76 65 72 73 69 6F 6E 2E 72 65 6C 65 61 73 65 00 
10-10 15:40:42.505  1160  1160 E adbd    : service_to_fd: shell,v2,TERM=xterm-256color,raw:getprop ro.build.version.release
10-10 15:40:42.600  1160  1160 E adbd    : recv: OPEN 000009c6 00000000 003e:73 68 65 6C 6C 2C 76 32 2C 54 45 52 4D 3D 78 74 65 72 6D 2D 32 35 36 63 6F 6C 6F 72 2C 72 61 77 3A 67 65 74 70 72 6F 70 20 72 6F 2E 62 75 69 6C 64 2E 76 65 72 73 69 6F 6E 2E 73 64 6B 00 
10-10 15:40:42.600  1160  1160 E adbd    : service_to_fd: shell,v2,TERM=xterm-256color,raw:getprop ro.build.version.sdk
10-10 15:40:42.674  1160  1160 E adbd    : recv: OPEN 000009ca 00000000 003e:73 68 65 6C 6C 2C 76 32 2C 54 45 52 4D 3D 78 74 65 72 6D 2D 32 35 36 63 6F 6C 6F 72 2C 72 61 77 3A 67 65 74 70 72 6F 70 20 72 6F 2E 62 75 69 6C 64 2E 76 65 72 73 69 6F 6E 2E 73 64 6B 00 
10-10 15:40:42.674  1160  1160 E adbd    : service_to_fd: shell,v2,TERM=xterm-256color,raw:getprop ro.build.version.sdk
10-10 15:40:42.755  1160  1160 E adbd    : recv: OPEN 000009ce 00000000 0045:73 68 65 6C 6C 2C 76 32 2C 54 45 52 4D 3D 78 74 65 72 6D 2D 32 35 36 63 6F 6C 6F 72 2C 72 61 77 3A 6C 6F 67 63 61 74 20 2D 66 20 2F 6D 6E 74 2F 73 64 63 61 72 64 2F 6C 6F 67 63 61 74 2E 74 78 74 20 2D 64 00 
10-10 15:40:42.755  1160  1160 E adbd    : service_to_fd: shell,v2,TERM=xterm-256color,raw:logcat -f /mnt/sdcard/logcat.txt -d
10-10 15:40:42.869  3962  3985 W StorageManager: getStorageFullBytes DEFAULT_FULL_THRESHOLD_BYTES : 20971520, threadhold : 20971520
10-10 15:40:42.869  3962  3985 W StorageManager: getStorageLowBytes lowPercent : 5, lowBytes : 1260145254, maxLowBytes : 524288000
10-10 15:40:42.871  3962  3985 W DeviceStorageMonitorService: updateBroadcasts(/data) oldLevel:0, newLevel:0, seq:1
10-10 15:40:42.872  3962  3985 W DeviceStorageMonitorService: updateBroadcasts_filenode(/data) fn_oldLevel:0, fn_newLevel:0, seq:1
