10-10 15:40:38.342  1160  1160 E adbd    : recv: OPEN 000009b2 00000000 0042:73 68 65 6C 6C 2C 76 32 2C 54 45 52 4D 3D 78 74 65 72 6D 2D 32 35 36 63 6F 6C 6F 72 2C 72 61 77 3A 61 6D 20 66 6F 72 63 65 2D 73 74 6F 70 20 63 6F 6D 2E 61 6E 64 72 6F 69 64 2E 63 68 72 6F 6D 65 00 
10-10 15:40:38.342  1160  1160 E adbd    : service_to_fd: shell,v2,TERM=xterm-256color,raw:am force-stop com.android.chrome
10-10 15:40:38.427  3962  9029 I ActivityManager: Force stopping com.android.chrome appid=10095 user=0: from pid 18152
10-10 15:40:38.428  3962  9029 I ActivityManager: Killing 17887:com.android.chrome:privileged_process0/u0a95 (adj 0): stop com.android.chrome,from pid 18152
10-10 15:40:38.430  3962  9029 W ActivityManager: Scheduling restart of crashed service com.android.chrome/org.chromium.content.app.PrivilegedProcessService0 in 1000ms
10-10 15:40:38.436  3962  9029 I ActivityManager: Killing 17804:com.android.chrome/u0a95 (adj 0): stop com.android.chrome,from pid 18152
10-10 15:40:38.446 17858 17858 I cr_ChildProcessService: Destroying ChildProcessService pid=17858
10-10 15:40:38.448 18023 18023 I cr_ChildProcessService: Destroying ChildProcessService pid=18023
10-10 15:40:38.448 17858 17858 I /system/bin/webview_zygote32: System.exit called, status: 0
10-10 15:40:38.449 17858 17858 I AndroidRuntime: VM exiting with result code 0, cleanup skipped.
10-10 15:40:38.449  3962  9029 W ActivityManager: Force removing ActivityRecord{2698c41 u0 com.android.chrome/com.google.android.apps.chrome.Main t4046}: app died, no saved state
10-10 15:40:38.449 18023 18023 I /system/bin/webview_zygote32: System.exit called, status: 0
10-10 15:40:38.449 18023 18023 I AndroidRuntime: VM exiting with result code 0, cleanup skipped.
10-10 15:40:38.456  3962  9029 D InputDispatcher: Focus left window: 17804
10-10 15:40:38.457  3962  9029 I WindowManager: Failed to capture screenshot of Token{af2b5e6 ActivityRecord{2698c41 u0 com.android.chrome/com.google.android.apps.chrome.Main t4046 f}} appWin=Window{6d1706e u0 com.android.chrome/com.google.android.apps.chrome.Main} drawState=4
10-10 15:40:38.458  3962  9029 I WindowManager: Destroying surface Surface(name=com.android.chrome/com.google.android.apps.chrome.Main) called by com.android.server.wm.WindowStateAnimator.destroySurface:2501 com.android.server.wm.WindowStateAnimator.destroySurfaceLocked:985 com.android.server.wm.WindowState.removeImmediately:2403 com.android.server.wm.WindowState.removeIfPossible:2602 com.android.server.wm.WindowState.removeIfPossible:2432 com.android.server.wm.WindowToken.removeAllWindowsIfPossible:143 com.android.server.wm.AppWindowToken.removeIfPossible:606 com.android.server.wm.AppWindowToken.onRemovedFromDisplay:674 
10-10 15:40:38.459  3445  3635 I SurfaceFlinger: id=550 Removed com.android.chrome/com.google.android.apps.chrome.Main#0 (1/6)
10-10 15:40:38.460  3445  3635 I SurfaceFlinger: id=550 Removed com.android.chrome/com.google.android.apps.chrome.Main#0 (-2/6)
10-10 15:40:38.465  3962  9029 D InputDispatcher: Focused application released
10-10 15:40:38.466  3962  9029 W MultiScreenManagerService: moveTaskBackToDisplayIfNeeded(): root activity or app is null, task=TaskRecord{8a7ef18d0 #4046 A=com.android.chrome U=0 StackId=1 sz=0}, rootActivity=null
10-10 15:40:38.466  3962  3962 D MdnieScenarioControlService: Listener Real Multi Window State : true
10-10 15:40:38.468  3445  3445 I Layer   : id=550 onRemoved com.android.chrome/com.google.android.apps.chrome.Main#0 
10-10 15:40:38.470  3445  3445 I Layer   : id=552 onRemoved Background for - SurfaceView - com.android.chrome/com.google.android.apps.chrome.Main@9a13c98@0#0 
10-10 15:40:38.470  3445  3445 I Layer   : id=551 onRemoved SurfaceView - com.android.chrome/com.google.android.apps.chrome.Main@9a13c98@0#0 
10-10 15:40:38.480  3445  3445 I SurfaceFlinger: Display 0 HWC layers:
10-10 15:40:38.480  3445  3445 I SurfaceFlinger:     type    |    handle    | flag |  format   |   source crop (l,t,r,b)    |         frame       | name 
10-10 15:40:38.480  3445  3445 I SurfaceFlinger: ------------+--------------+------+-----------+----------------------------+---------------------+------
10-10 15:40:38.480  3445  3445 I SurfaceFlinger:      Client | 0x7d0a624540 | 0000 | RGBA_8888 |   0.0    0.0  720.0   42.0 |    0    0  720   42 | StatusBar#0
10-10 15:40:38.480  3445  3445 I SurfaceFlinger:      Client | 0x7d0aa75c80 | 0000 | RGBA_8888 |   0.0    0.0  720.0 1280.0 |    0    0  720 1280 | PointerLocation#0
10-10 15:40:38.480  3445  3445 I SurfaceFlinger: 
10-10 15:40:38.485  3962  9029 D CustomFrequencyManagerService: acquireDVFSLockLocked : type : DVFS_MIN_LIMIT  frequency : 1560000  uid : 1000  pid : 3962  pkgName : AMS_APP_HOME@CPU_MIN@8
10-10 15:40:38.487  3962  9029 D ActivityManagerPerformance: AMP_acquire() HOME
10-10 15:40:38.488  3962  9029 D PersonaManagerService: Current focused persona service handled id set to : 0
10-10 15:40:38.489  3962  9029 D InputDispatcher: Focused application set to: xxxx
10-10 15:40:38.491  3962  9029 I ActivityManager: Killing 18023:com.android.chrome:sandboxed_process2/u0a95i54 (adj 0): isolated not needed
10-10 15:40:38.491  3962  9029 I ActivityManager: Killing 17858:com.android.chrome:sandboxed_process0/u0a95i52 (adj 0): isolated not needed
10-10 15:40:38.492  3962  9029 V WindowManager: rotationForOrientationLw(orient=5, last=0); user=0 USER_ROTATION_LOCKED sensorRotation=-1 mLidState=-1 mDockMode=0 mHdmiPlugged=false
10-10 15:40:38.494  3962  9029 D MARsPolicyManager: onPackageResumedFG pkgName = com.sec.android.app.launcher, userId = 0
10-10 15:40:38.494  3962  4224 D GameManagerService: handleForegroundChange(). pkgName: com.sec.android.app.launcher, clsName: com.android.launcher3.Launcher,FgActivityName:com.sec.android.app.launcher/com.android.launcher3.Launcher
10-10 15:40:38.494  3962  4224 D GameManagerService: sem_perfomance_mode: 3
10-10 15:40:38.494  3962  4224 D GameManagerService: notifyResumePause(). pkg: com.sec.android.app.launcher, type: 4, isMinimized: false, isTunableApp: false
10-10 15:40:38.494  3962  4224 D GameManagerService:   notifyResumePause(). unexpected mPrevNotiType: -1
10-10 15:40:38.502  5199  5199 I Launcher: onWindowVisibilityChanged : false
10-10 15:40:38.504  3962  9029 V WindowManager: Relayout Window{d9c97f7 u0 com.sec.android.app.launcher/com.sec.android.app.launcher.activities.LauncherActivity}: viewVisibility=4 req=720x1280 WM.LayoutParams{(0,0)(fillxfill) sim=#120 ty=1 fl=#81910d00 pfl=0x20000 fmt=-2 wanim=0x10302ea vsysui=0x700 needsMenuKey=2 colorMode=0 naviIconColor=0}
10-10 15:40:38.507  5199  5199 D ViewRootImpl@f25705b[LauncherActivity]: Relayout returned: old=[0,0][720,1280] new=[0,0][720,1280] result=0x1 surface={valid=false 0} changed=false
10-10 15:40:38.512  5199  5199 V Launcher: Launcher.onResume()
10-10 15:40:38.513  3962  3962 D SamsungAlarmManager: Remove alarm for next reason : android.intent.action.PACKAGE_RESTARTED : package: com.android.chrome
10-10 15:40:38.514  3962  3980 E KernelUidCpuTimeReader: Malformed cpu data for UID=2000!
10-10 15:40:38.514  3962  3980 E KernelUidCpuTimeReader: Time between reads: +8ms
10-10 15:40:38.514  3962  3980 E KernelUidCpuTimeReader: Previous times: u=+40s816ms s=+34s144ms
10-10 15:40:38.514  3962  3980 E KernelUidCpuTimeReader: Current times: u=+40s796ms s=+34s120ms
10-10 15:40:38.514  3962  3980 E KernelUidCpuTimeReader: Delta: u=-20ms s=-24ms
10-10 15:40:38.515  3962  3977 W BroadcastQueue: Background execution not allowed: receiving Intent { act=android.intent.action.PACKAGE_RESTARTED dat=package:com.android.chrome flg=0x10 (has extras) } to android/com.kddi.android.CpaNotiReceiver
10-10 15:40:38.515  3962  3977 W BroadcastQueue: Background execution not allowed: receiving Intent { act=android.intent.action.PACKAGE_RESTARTED dat=package:com.android.chrome flg=0x10 (has extras) } to com.sec.android.daemonapp/com.samsung.android.weather.daemon.receiver.ClearDataReceiver
10-10 15:40:38.516  4606  4606 D CarrierSvcBindHelper: No carrier app for: 0
10-10 15:40:38.517  4606  4606 D CarrierSvcBindHelper: No carrier app for: 1
10-10 15:40:38.520  3962  3962 I SamsungAlarmManager: setLocked to kernel - T:2 / 20211010T154635, SetElapsed=1114758110, nowELAPSED=1114400679
10-10 15:40:38.520  3962  3962 I SamsungAlarmManager: setLocked to kernel - T:3 / 20211010T154100, SetElapsed=1114422159, nowELAPSED=1114400679
10-10 15:40:38.520  3962  3962 D SamsungAlarmManager: setExact Listener (T:2/F:0/AC:false) 20211010T154039 - CU:1000/CP:3962
10-10 15:40:38.520  3962  3962 I SamsungAlarmManager: setLocked to kernel - T:2 / 20211010T154039, SetElapsed=1114401677, nowELAPSED=1114400679
10-10 15:40:38.523  3962  3962 I SamsungAlarmManager: setLocked to kernel - T:2 / 20211010T154039, SetElapsed=1114401558, nowELAPSED=1114400682
10-10 15:40:38.523  3962  3962 D SamsungAlarmManager: setInexact Listener (T:2/F:0/AC:false) 20211010T161600 - CU:1000/CP:3962
10-10 15:40:38.524  3962  6349 D GamePkgDataHelper: getGamePkgDataIncServer(). com.sec.android.app.launcher
10-10 15:40:38.524  3962  6349 D GameManagerService: identifyGamePackage. com.sec.android.app.launcher
10-10 15:40:38.524  3962  6349 D GamePkgDataHelper: getGamePkgData(). com.sec.android.app.launcher
10-10 15:40:38.525  3962  6349 D GamePkgDataHelper: getSosPolicy(). com.sec.android.app.launcher
10-10 15:40:38.525  3962  6349 D GameManagerService: identifyGamePackage. com.sec.android.app.launcher
10-10 15:40:38.526  3962  6349 D GamePkgDataHelper: getGamePkgData(). com.sec.android.app.launcher
10-10 15:40:38.526  3962  3962 I SamsungAlarmManager: setLocked to kernel - T:2 / 20211010T154635, SetElapsed=1114758110, nowELAPSED=1114400685
10-10 15:40:38.526  3962  3962 D SamsungAlarmManager: setExact Listener (T:2/F:0/AC:false) 20211010T154039 - CU:1000/CP:3962
10-10 15:40:38.526  3962  3962 I SamsungAlarmManager: setLocked to kernel - T:2 / 20211010T154039, SetElapsed=1114401683, nowELAPSED=1114400685
10-10 15:40:38.528  3962  3962 I SamsungAlarmManager: setLocked to kernel - T:2 / 20211010T154039, SetElapsed=1114401558, nowELAPSED=1114400687
10-10 15:40:38.528  3962  3962 D SamsungAlarmManager: setInexact Listener (T:2/F:0/AC:false) 20211010T161600 - CU:1000/CP:3962
10-10 15:40:38.528  3962  6349 D TelephonyManager: getAllCellInfo : Caller (PID / UID / TID): 3962 / 1000 / 6349
10-10 15:40:38.531  5199  5199 D ExternalMethodQueue: Getting and clearing EXTERNAL_METHOD_LIST: null
10-10 15:40:38.531  5199  5199 I BlurUtils: blurByWindowManager with show = true, dest = com.android.internal.policy.PhoneWindow@39d5d81, amount = 0.15, duration = -1, sBlur=false
10-10 15:40:38.532  5199  5199 D Launcher: setHotWordDetection : call requestHotWordDetection true
10-10 15:40:38.532  5199  5199 D Launcher.HomeController: onResume HomeContainer current alpha = 1.0
10-10 15:40:38.532 15471 15471 W SearchServiceClient: Starting with NO_SESSION handoverId is deprecated. Just don't. You will break.
10-10 15:40:38.532 15471 15471 W SearchServiceClient: com.google.android.apps.gsa.shared.util.a.g: SearchServiceClient: Starting with NO_SESSION handoverId is deprecated. Just don't. You will break.
10-10 15:40:38.532 15471 15471 W SearchServiceClient: 	at com.google.android.apps.gsa.shared.util.a.d.a(SourceFile:39)
10-10 15:40:38.532 15471 15471 W SearchServiceClient: 	at com.google.android.apps.gsa.shared.util.a.d.d(SourceFile:6)
10-10 15:40:38.532 15471 15471 W SearchServiceClient: 	at com.google.android.apps.gsa.search.shared.service.z.a(SourceFile:110)
10-10 15:40:38.532 15471 15471 W SearchServiceClient: 	at com.google.android.apps.gsa.search.shared.service.z.d(SourceFile:96)
10-10 15:40:38.532 15471 15471 W SearchServiceClient: 	at com.google.android.apps.gsa.nowoverlayservice.aq.a(SourceFile:15)
10-10 15:40:38.532 15471 15471 W SearchServiceClient: 	at com.google.android.libraries.gsa.f.b.p.a(SourceFile:20)
10-10 15:40:38.532 15471 15471 W SearchServiceClient: 	at com.google.android.libraries.gsa.f.b.p.handleMessage(SourceFile:25)
10-10 15:40:38.532 15471 15471 W SearchServiceClient: 	at android.os.Handler.dispatchMessage(Handler.java:101)
10-10 15:40:38.532 15471 15471 W SearchServiceClient: 	at android.os.Looper.loop(Looper.java:164)
10-10 15:40:38.532 15471 15471 W SearchServiceClient: 	at android.app.ActivityThread.main(ActivityThread.java:6940)
10-10 15:40:38.532 15471 15471 W SearchServiceClient: 	at java.lang.reflect.Method.invoke(Native Method)
10-10 15:40:38.532 15471 15471 W SearchServiceClient: 	at com.android.internal.os.Zygote$MethodAndArgsCaller.run(Zygote.java:327)
10-10 15:40:38.532 15471 15471 W SearchServiceClient: 	at com.android.internal.os.ZygoteInit.main(ZygoteInit.java:1374)
10-10 15:40:38.532  5199  5199 D AppsCustomAdapter: notifyUpdate : com.android.launcher3.Launcher@d95cba
10-10 15:40:38.532  5199  5199 D AppsDragController: needDeferToBind : true , false
10-10 15:40:38.533  5199  5199 D Notification.Badge: App icon badges are disabled
10-10 15:40:38.533  3962  4090 V MdnieScenarioControlService: Calling MdnieManager API(setContentMode(0))
10-10 15:40:38.534  3962  4090 D SemDisplaySolutionManagerService: uid : 1000 , pid : 3962 , name : hdr_effect_off
10-10 15:40:38.534  3962  4090 D SemDisplaySolutionManagerService: where : application what : DEFAULT setScreenBrightnessScaleFactor(-1.0)
10-10 15:40:38.534  3962  4090 D PowerManagerService: [api] setScreenBrightnessScaleFactor: scaleFactor: -1.0 (uid: 1000 pid: 3962)
10-10 15:40:38.534  3962  4090 D SemDisplaySolutionManagerService: setMultipleScreenBrightness , application, DEFAULT, -1.0
10-10 15:40:38.534  3962  4090 V MdnieScenarioControlService: Calling SemDisplaySolutionManager API(setMultipleScreenBrightness(0)
10-10 15:40:38.534 15471 15471 I WorkerManager: New handler created for worker [service] (manager: 4748863, handler: 6be6c60)
10-10 15:40:38.534  3598  3598 V APM_AudioPolicyManager: setAudioPolicyConfig: audioEffectParam;audioHDR=0;packageName=com.sec.android.app.launcher
10-10 15:40:38.535  3962  4637 D Notification: allPendingIntents
10-10 15:40:38.535 15471 15471 I WorkerHandler: New state for worker [service]: c (handler: 6be6c60)
10-10 15:40:38.535  3962  4637 I chatty  : uid=1000(system) Binder:3962_B expire 2 lines
10-10 15:40:38.536  3962  4637 D Notification: allPendingIntents
10-10 15:40:38.536  3962  4090 I AudioService: audioEffectParam;audioHDR=0;packageName=com.sec.android.app.launcher
10-10 15:40:38.536  3962  4090 V MdnieScenarioControlService: setUIMode from UI function
10-10 15:40:38.538  3962 19389 D ActivityManager: post active user change for 0 fullscreen true isHomeActivity() true
10-10 15:40:38.538  3962 19389 I WallpaperManagerService: switchPersonaWallpaper is called for personaId-0
10-10 15:40:38.538  5199  5292 D Notification.Badge: [filtered] shouldBeFilteredOut().mContext[com.android.launcher3.LauncherApplication@9979d0a], or Utilities.NO_BADGE, [sbn : StatusBarNotification(pkg=com.google.android.gms user=UserHandle{0} id=0 tag=com.google.android.gms.auth.TokenNotificationManager:greenlab.vu@gmail.com:com.google key=0|com.google.android.gms|0|com.google.android.gms.auth.TokenNotificationManager:greenlab.vu@gmail.com:com.google|10025: Notification(channel=com.google.android.gms.auth.base.Notifications.AuthGroup.AccountReauth pri=0 contentView=null vibrate=null sound=null tick defaults=0x0 flags=0xa color=0x00000000 number=0 vis=PRIVATE semFlags=0x0 semPriority=0 semMissedCount=0))]
10-10 15:40:38.538  3962  3962 D WallpaperManagerService:  force update = false; persona id = 0; current user =0; current persona = 0
10-10 15:40:38.539  5199  5199 I Launcher: onWindowVisibilityChanged : true
10-10 15:40:38.540  5199  5292 D Notification.Badge: [filtered] shouldBeFilteredOut().mContext[com.android.launcher3.LauncherApplication@9979d0a], or Utilities.NO_BADGE, [sbn : StatusBarNotification(pkg=android user=UserHandle{0} id=40 tag=null key=0|android|40|null|1000: Notification(channel=FOREGROUND_SERVICE pri=0 contentView=null vibrate=null sound=null defaults=0x0 flags=0x2 color=0xff607d8b number=0 vis=PRIVATE semFlags=0x0 semPriority=0 semMissedCount=0))]
10-10 15:40:38.540  3962 19389 V WindowManager: Relayout Window{d9c97f7 u0 com.sec.android.app.launcher/com.sec.android.app.launcher.activities.LauncherActivity}: viewVisibility=0 req=720x1280 WM.LayoutParams{(0,0)(fillxfill) sim=#120 ty=1 fl=#81910d00 pfl=0x20000 fmt=-2 wanim=0x10302ea vsysui=0x700 needsMenuKey=2 colorMode=0 naviIconColor=0}
10-10 15:40:38.541  5199  5292 D Notification.Badge: [filtered] shouldBeFilteredOut().mContext[com.android.launcher3.LauncherApplication@9979d0a], or Utilities.NO_BADGE, [sbn : StatusBarNotification(pkg=com.android.systemui user=UserHandle{-1} id=2131362719 tag=full_battery key=-1|com.android.systemui|2131362719|full_battery|10009: Notification(channel=FBT pri=-2 contentView=null vibrate=null sound=null tick defaults=0x0 flags=0xa color=0xff17c433 category=sys number=0 vis=PUBLIC semFlags=0x0 semPriority=0 semMissedCount=0))]
10-10 15:40:38.541  3445  3445 I SurfaceFlinger: id=553 createSurf (720x1280),1 flag=4, com.sec.android.app.launcher/com.sec.android.app.launcher.activities.LauncherActivity#0
10-10 15:40:38.542  5199  5292 D Notification.Badge: [filtered] shouldBeFilteredOut().mContext[com.android.launcher3.LauncherApplication@9979d0a], or Utilities.NO_BADGE, [sbn : StatusBarNotification(pkg=android user=UserHandle{-1} id=27 tag=null key=-1|android|27|null|1000: Notification(channel=USB pri=0 contentView=null vibrate=null sound=null tick defaults=0x0 flags=0x2 color=0xff607d8b number=0 vis=PUBLIC semFlags=0x0 semPriority=0 semMissedCount=0))]
10-10 15:40:38.542  5199  5292 D Notification.Badge: LauncherModel:onNotificationFullRefresh() : [0], IconType : [-1]
10-10 15:40:38.542 15471 15513 W SessionLifecycleManager: Handover failed. Creating new session controller.
10-10 15:40:38.543  3962 19389 V Surface : sf_framedrop debug : 0x4f4c, game : false, logging : 0
10-10 15:40:38.544  3962  3978 D WindowManager: set systemUiVisibility : systemUiFlags= 0x708 fullscreenStackSysUiFlags= 0x0
10-10 15:40:38.547  3962 19389 D InputDispatcher: Focus entered window: 5199
10-10 15:40:38.548  3962  4548 D WindowManager: adjustSystemUiVisibilityLw : vis= 0x708
10-10 15:40:38.548 15471 15513 E PBSessionCacheImpl: sessionId[68043811445994835] not persisted.
10-10 15:40:38.548  5199  5199 V Surface : sf_framedrop debug : 0x4f4c, game : false, logging : 0
10-10 15:40:38.549  5199  5199 D ViewRootImpl@f25705b[LauncherActivity]: Relayout returned: old=[0,0][720,1280] new=[0,0][720,1280] result=0x7 surface={valid=true 524259540992} changed=true
10-10 15:40:38.549 15471 15513 I WorkerManager: New handler created for worker [optin] (manager: 4748863, handler: c0c1564)
10-10 15:40:38.549 15471 15513 I WorkerHandler: New state for worker [optin]: c (handler: c0c1564)
10-10 15:40:38.550 15471 15513 I WorkerManager: New handler created for worker [searchboxroot] (manager: 4748863, handler: c1d860b)
10-10 15:40:38.550 15471 15519 I PBSessionCacheImpl: Deleted sessionId[68043811445994835] from persistence.
10-10 15:40:38.550 15471 15513 I WorkerHandler: New state for worker [searchboxroot]: c (handler: c1d860b)
10-10 15:40:38.550 15471 15513 I WorkerManager: New handler created for worker [actions] (manager: 4748863, handler: 790af01)
10-10 15:40:38.550 15471 15513 I WorkerHandler: New state for worker [actions]: c (handler: 790af01)
10-10 15:40:38.551  5199  5508 D mali_winsys: EGLint new_window_surface(egl_winsys_display *, void *, EGLSurface, EGLConfig, egl_winsys_surface **, egl_color_buffer_format *, EGLBoolean) returns 0x3000,  [720x1280]-format:1
10-10 15:40:38.551  5199  5508 D OpenGLRenderer: eglCreateWindowSurface = 0x7a27248b00
10-10 15:40:38.551 15471 15513 I WorkerManager: New handler created for worker [legacyui] (manager: 4748863, handler: 3732100)
10-10 15:40:38.552 15471 15513 I WorkerHandler: New state for worker [legacyui]: c (handler: 3732100)
10-10 15:40:38.552 15471 15513 I WorkerManager: New handler created for worker [searchplate] (manager: 4748863, handler: 951358a)
10-10 15:40:38.552 15471 15513 I WorkerHandler: New state for worker [searchplate]: c (handler: 951358a)
10-10 15:40:38.552 15471 15513 I WorkerManager: New handler created for worker [conversation] (manager: 4748863, handler: 5312cad)
10-10 15:40:38.553 15471 15513 I WorkerHandler: New state for worker [conversation]: c (handler: 5312cad)
10-10 15:40:38.553 15471 15513 I WorkerManager: New handler created for worker [message] (manager: 4748863, handler: ce5bcf)
10-10 15:40:38.553 15471 15513 I WorkerHandler: New state for worker [message]: c (handler: ce5bcf)
10-10 15:40:38.553 15471 15697 W ThreadPoolDumper: Queue length for executor EventBus is now 11. Perhaps some tasks are too long, or the pool is too small.
10-10 15:40:38.553 15471 15513 I WorkerManager: New handler created for worker [context] (manager: 4748863, handler: eedc1e1)
10-10 15:40:38.554 15471 15513 I WorkerHandler: New state for worker [context]: c (handler: eedc1e1)
10-10 15:40:38.554 15471 15513 I WorkerManager: New handler created for worker [actionvelogging] (manager: 4748863, handler: 45a1192)
10-10 15:40:38.554 15471 15513 I WorkerHandler: New state for worker [actionvelogging]: c (handler: 45a1192)
10-10 15:40:38.554 15471 15513 I WorkerManager: New handler created for worker [sharedmicrodetection] (manager: 4748863, handler: 5891fdb)
10-10 15:40:38.554 15471 15513 I WorkerHandler: New state for worker [sharedmicrodetection]: c (handler: 5891fdb)
10-10 15:40:38.554 15471 15513 I WorkerManager: New handler created for worker [networkmonitor] (manager: 4748863, handler: 207c624)
10-10 15:40:38.555 15471 15513 I WorkerHandler: New state for worker [networkmonitor]: c (handler: 207c624)
10-10 15:40:38.555 15471 15513 I WorkerManager: New handler created for worker [audio] (manager: 4748863, handler: 1e2ed89)
10-10 15:40:38.555 15471 15513 I WorkerHandler: New state for worker [audio]: c (handler: 1e2ed89)
10-10 15:40:38.555 15471 15513 I WorkerManager: New handler created for worker [progress] (manager: 4748863, handler: 983d945)
10-10 15:40:38.555 15471 15513 I WorkerHandler: New state for worker [progress]: c (handler: 983d945)
10-10 15:40:38.556 15471 15513 I WorkerManager: New handler created for worker [sharebear] (manager: 4748863, handler: b7c71a8)
10-10 15:40:38.556 15471 15513 I WorkerHandler: New state for worker [sharebear]: c (handler: b7c71a8)
10-10 15:40:38.556 15471 15513 I OptInState: There is a new client and it does not support opt-in. Dropping request.
10-10 15:40:38.556 15471 15513 I WorkerManager: New handler created for worker [logo_header] (manager: 4748863, handler: 87fe3a7)
10-10 15:40:38.556 15471 15513 I WorkerHandler: New state for worker [logo_header]: c (handler: 87fe3a7)
10-10 15:40:38.558  3962  6349 D GameManagerService: identifyGamePackage. com.sec.android.app.launcher
10-10 15:40:38.558  3962  6349 D GamePkgDataHelper: getGamePkgData(). com.sec.android.app.launcher
10-10 15:40:38.559  4347 19486 D SystemServicesProxy: updateOverviewLastStackActiveTimeAsync: newTime=1633873170933
10-10 15:40:38.560  3962  6349 D GameManagerService: identifyGamePackage. com.sec.android.app.launcher
10-10 15:40:38.560  3962  4548 D SecContentProvider: query(), uri = 17 selection = isSettingsChangesAllowed
10-10 15:40:38.560  3962  6349 D GamePkgDataHelper: getGamePkgData(). com.sec.android.app.launcher
10-10 15:40:38.561  3962  4548 D SecContentProvider: called from android.uid.systemui:10009
10-10 15:40:38.562  5199  5199 D AppsAdapter: notifyUpdate start : com.android.launcher3.Launcher@d95cba
10-10 15:40:38.562  5199  5199 D AppsCustomAdapter: no change items
10-10 15:40:38.562  5199  5199 D AppsAdapter: notifyUpdate end : com.android.launcher3.Launcher@d95cba
10-10 15:40:38.562  4347  4677 D SystemServicesProxy: updateOverviewLastStackActiveTimeAsync: done.
10-10 15:40:38.562  5199  5199 D ViewRootImpl@f25705b[LauncherActivity]: MSG_WINDOW_FOCUS_CHANGED 1
10-10 15:40:38.565  4347 19486 I ApplicationPackageManager: return adaptive icon for com.android.chrome
10-10 15:40:38.566  5199  5199 I FolderView: suppressFolderNameFocus : 200ms
10-10 15:40:38.566  3962  4548 D ConnectivityService: ConnectivityService NetworkRequestInfo binderDied(NetworkRequest [ LISTEN id=185, [ Capabilities: INTERNET&NOT_RESTRICTED&TRUSTED&FOREGROUND] ], android.os.BinderProxy@2376640)
10-10 15:40:38.567  3962  4637 D ConnectivityService: ConnectivityService NetworkRequestInfo binderDied(NetworkRequest [ LISTEN id=184, [ Capabilities: INTERNET&NOT_RESTRICTED&TRUSTED&FOREGROUND] ], android.os.BinderProxy@83e3979)
10-10 15:40:38.567  3962  4161 D ConnectivityService: releasing NetworkRequest [ LISTEN id=185, [ Capabilities: INTERNET&NOT_RESTRICTED&TRUSTED&FOREGROUND] ] (CALLBACK_RELEASED)
10-10 15:40:38.567  3962  4620 D ConnectivityService: ConnectivityService NetworkRequestInfo binderDied(NetworkRequest [ LISTEN id=186, [ Capabilities: INTERNET&NOT_RESTRICTED&TRUSTED&FOREGROUND] ], android.os.BinderProxy@49786be)
10-10 15:40:38.567  3962  3973 D ConnectivityService: ConnectivityService NetworkRequestInfo binderDied(NetworkRequest [ LISTEN id=182, [ Capabilities: INTERNET&NOT_RESTRICTED&TRUSTED&FOREGROUND] ], android.os.BinderProxy@486731f)
10-10 15:40:38.567  3962  4161 D ConnectivityService: sending notification RELEASED for NetworkRequest [ LISTEN id=185, [ Capabilities: INTERNET&NOT_RESTRICTED&TRUSTED&FOREGROUND] ]
10-10 15:40:38.568  3962  4161 E ConnectivityService: RemoteException caught trying to send a callback msg for NetworkRequest [ LISTEN id=185, [ Capabilities: INTERNET&NOT_RESTRICTED&TRUSTED&FOREGROUND] ]
10-10 15:40:38.568  3962  4161 D ConnectivityService: releasing NetworkRequest [ LISTEN id=184, [ Capabilities: INTERNET&NOT_RESTRICTED&TRUSTED&FOREGROUND] ] (CALLBACK_RELEASED)
10-10 15:40:38.568  3962  4161 D ConnectivityService: sending notification RELEASED for NetworkRequest [ LISTEN id=184, [ Capabilities: INTERNET&NOT_RESTRICTED&TRUSTED&FOREGROUND] ]
10-10 15:40:38.570  3962  4161 E ConnectivityService: RemoteException caught trying to send a callback msg for NetworkRequest [ LISTEN id=184, [ Capabilities: INTERNET&NOT_RESTRICTED&TRUSTED&FOREGROUND] ]
10-10 15:40:38.570  3962  4161 D ConnectivityService: releasing NetworkRequest [ LISTEN id=182, [ Capabilities: INTERNET&NOT_RESTRICTED&TRUSTED&FOREGROUND] ] (CALLBACK_RELEASED)
10-10 15:40:38.571  5199  5199 D InputMethodManager: HSIFW - flag : 0 Pid : 5199
10-10 15:40:38.571  3962  4161 D ConnectivityService: sending notification RELEASED for NetworkRequest [ LISTEN id=182, [ Capabilities: INTERNET&NOT_RESTRICTED&TRUSTED&FOREGROUND] ]
10-10 15:40:38.571  4337  4337 D InputEventReceiver: channel 'ClientState{608b703 uid 10095 pid 17804} (client)' ~ Disposing input event receiver.
10-10 15:40:38.571  3962  4161 E ConnectivityService: RemoteException caught trying to send a callback msg for NetworkRequest [ LISTEN id=182, [ Capabilities: INTERNET&NOT_RESTRICTED&TRUSTED&FOREGROUND] ]
10-10 15:40:38.571  4337  4337 D InputEventReceiver: channel 'ClientState{608b703 uid 10095 pid 17804} (client)' ~NativeInputEventReceiver.
10-10 15:40:38.571  3962  4161 D ConnectivityService: releasing NetworkRequest [ LISTEN id=186, [ Capabilities: INTERNET&NOT_RESTRICTED&TRUSTED&FOREGROUND] ] (CALLBACK_RELEASED)
10-10 15:40:38.572  3962  4161 D ConnectivityService: sending notification RELEASED for NetworkRequest [ LISTEN id=186, [ Capabilities: INTERNET&NOT_RESTRICTED&TRUSTED&FOREGROUND] ]
10-10 15:40:38.572  3962  3986 W ActivityManager: setHasOverlayUi called on unknown pid: 17804
10-10 15:40:38.572  3962 18153 V InputMethodManagerService: Client requesting input be hidden, flags : 0
10-10 15:40:38.572  3962 18153 V InputMethodManagerService: hideCurrentInputLocked : shouldHideSoftInput is false
10-10 15:40:38.573  3962  4161 E ConnectivityService: RemoteException caught trying to send a callback msg for NetworkRequest [ LISTEN id=186, [ Capabilities: INTERNET&NOT_RESTRICTED&TRUSTED&FOREGROUND] ]
10-10 15:40:38.573 15471 15513 I WorkerManager: Releasing worker: [service]/[27]/[com.google.android.apps.gsa.search.core.service.bu]
10-10 15:40:38.574  5199  5199 V InputMethodManager: Starting input: tba=android.view.inputmethod.EditorInfo@202806b nm : com.sec.android.app.launcher ic=null
10-10 15:40:38.574  5199  5199 I InputMethodManager: startInputInner - mService.startInputOrWindowGainedFocus
10-10 15:40:38.574  3962 15424 D InputMethodManagerService: startInputOrWindowGainedFocus : windowGainedFocus 
10-10 15:40:38.574  3962 15424 D InputMethodManagerService: windowGainedFocus: destinationUserId (getCallingUid) = 0
10-10 15:40:38.574  3962 15424 D InputMethodManagerService: windowGainedFocus: currentUserId=0
10-10 15:40:38.574  3962 15424 D InputMethodManagerService: windowGainedFocus: mCurrentFocusedUserId=0
10-10 15:40:38.574  3962 15424 D InputMethodManagerService: windowGainedFocus : lock - currentUserId = 0 destinationUserId = 0
10-10 15:40:38.575  3962 15424 D InputMethodManagerService: windowGainedFocus : mCurrentFocusedUserId - 0 and mSecureKeypadEnabled - false, userSwitched - false
10-10 15:40:38.575 15471 15513 I WorkerManager: Releasing worker: [service]/[27]/[com.google.android.apps.gsa.search.core.service.bu]
10-10 15:40:38.575 15471 15513 I WorkerManager: Releasing worker: [service]/[27]/[com.google.android.apps.gsa.search.core.service.bu]
10-10 15:40:38.575  3962 15424 V InputMethodManagerService: windowGainedFocus : reason=WINDOW_FOCUS_GAIN client=android.os.BinderProxy@c0456b8 inputContext=null missingMethods= attribute=android.view.inputmethod.EditorInfo@d4ca66c nm = com.sec.android.app.launcher controlFlags=#104 softInputMode=#120 windowFlags=#81910d00
10-10 15:40:38.575  3962 15424 V InputMethodManagerService: hideCurrentInputLocked : shouldHideSoftInput is false
10-10 15:40:38.575  3962 15424 D InputMethodManagerService: setCurrentInputInfo - inputContext : null eidtorInfo : android.view.inputmethod.EditorInfo@d4ca66c missingMethods : 0
10-10 15:40:38.575  4337  4337 I InputMethodWrapper:  call dispatchStartInputWithToken
10-10 15:40:38.575 15471 15513 I WorkerManager: Releasing worker: [optin]/[54]/[com.google.android.apps.gsa.staticplugins.ct.f]
10-10 15:40:38.575  4337  4337 I InputMethodService: dispatchStartInputWithToken
10-10 15:40:38.576 15471 15698 I WorkerManager: Releasing worker: [optin]/[54]/[com.google.android.apps.gsa.staticplugins.ct.f]
10-10 15:40:38.576 15471 15513 I WorkerManager: Releasing worker: [searchboxroot]/[24]/[com.google.android.apps.gsa.staticplugins.searchboxroot.k]
10-10 15:40:38.576 15471 15513 I chatty  : uid=10075(u0_a75) EventBus0 identical 2 lines
10-10 15:40:38.576 15471 15513 I WorkerManager: Releasing worker: [searchboxroot]/[24]/[com.google.android.apps.gsa.staticplugins.searchboxroot.k]
10-10 15:40:38.576  3962  3979 W zygote64: failed to open /acct/uid_99054/pid_18023/cgroup.procs: No such file or directory
10-10 15:40:38.576  4337  4337 I SKBD    : SamsungKeypad [IMI] onStartInput - caller pid : 17804, caller uid : 10095
10-10 15:40:38.576 15471 15513 I WorkerManager: Releasing worker: [searchboxroot]/[24]/[com.google.android.apps.gsa.staticplugins.searchboxroot.k]
10-10 15:40:38.576 15471 15513 I WorkerManager: Releasing worker: [searchboxroot]/[24]/[com.google.android.apps.gsa.staticplugins.searchboxroot.k]
10-10 15:40:38.576  3962  3979 W zygote64: failed to open /acct/uid_99052/pid_17858/cgroup.procs: No such file or directory
10-10 15:40:38.576 15471 15513 I WorkerManager: Releasing worker: [actions]/[1]/[com.google.android.apps.gsa.staticplugins.actions.c]
10-10 15:40:38.577 15471 15513 I chatty  : uid=10075(u0_a75) EventBus0 identical 4 lines
10-10 15:40:38.577 15471 15513 I WorkerManager: Releasing worker: [actions]/[1]/[com.google.android.apps.gsa.staticplugins.actions.c]
10-10 15:40:38.577  5199  5199 D DragLayer: DragLayer dispatchDraw, mIsNaviBarPositionChanged = false, mWillOrientationChange = false
10-10 15:40:38.577  3962 15424 D ConnectivityService: filterNetworkStateForUid() uid: 10075 networkInfo: [type: WIFI[] - WIFI, state: CONNECTED/CONNECTED, reason: (unspecified), extra: "Superman", failover: false, available: true, roaming: false, metered: false]
10-10 15:40:38.580 15471 15513 I WorkerManager: Releasing worker: [legacyui]/[63]/[com.google.android.apps.gsa.staticplugins.bw.a]
10-10 15:40:38.581 15471 15513 I WorkerManager: Releasing worker: [legacyui]/[63]/[com.google.android.apps.gsa.staticplugins.bw.a]
10-10 15:40:38.581 15471 15513 I WorkerManager: Releasing worker: [searchplate]/[26]/[com.google.android.apps.gsa.staticplugins.dy.b]
10-10 15:40:38.583 15471 15513 I chatty  : uid=10075(u0_a75) EventBus0 identical 7 lines
10-10 15:40:38.583 15471 15513 I WorkerManager: Releasing worker: [searchplate]/[26]/[com.google.android.apps.gsa.staticplugins.dy.b]
10-10 15:40:38.583 15471 15513 I WorkerManager: Releasing worker: [conversation]/[44]/[com.google.android.apps.gsa.staticplugins.ah.a]
10-10 15:40:38.583 15471 15513 I WorkerManager: Releasing worker: [conversation]/[44]/[com.google.android.apps.gsa.staticplugins.ah.a]
10-10 15:40:38.583 15471 15513 I WorkerManager: Releasing worker: [message]/[68]/[com.google.android.apps.gsa.staticplugins.messages.n]
10-10 15:40:38.584 15471 15513 I WorkerManager: Releasing worker: [message]/[68]/[com.google.android.apps.gsa.staticplugins.messages.n]
10-10 15:40:38.584 15471 15513 I WorkerManager: Releasing worker: [context]/[50]/[com.google.android.apps.gsa.staticplugins.ag.d]
10-10 15:40:38.584 15471 15513 I WorkerManager: Releasing worker: [context]/[50]/[com.google.android.apps.gsa.staticplugins.ag.d]
10-10 15:40:38.584 15471 15513 I WorkerManager: Releasing worker: [actionvelogging]/[2]/[com.google.android.apps.gsa.staticplugins.a.a]
10-10 15:40:38.584 15471 15513 I WorkerManager: Releasing worker: [actionvelogging]/[2]/[com.google.android.apps.gsa.staticplugins.a.a]
10-10 15:40:38.584 15471 15513 I WorkerManager: Releasing worker: [sharedmicrodetection]/[17]/[com.google.android.apps.gsa.staticplugins.microdetection.ag]
10-10 15:40:38.584 15471 15513 I chatty  : uid=10075(u0_a75) EventBus0 identical 3 lines
10-10 15:40:38.584 15471 15513 I WorkerManager: Releasing worker: [sharedmicrodetection]/[17]/[com.google.android.apps.gsa.staticplugins.microdetection.ag]
10-10 15:40:38.585  3962 15424 I chatty  : uid=1000(system) Binder:3962_18 identical 2 lines
10-10 15:40:38.587  3962 15424 D ConnectivityService: filterNetworkStateForUid() uid: 10075 networkInfo: [type: WIFI[] - WIFI, state: CONNECTED/CONNECTED, reason: (unspecified), extra: "Superman", failover: false, available: true, roaming: false, metered: false]
10-10 15:40:38.591  3962 15424 V WindowManager: finishDrawingLocked: mDrawState=COMMIT_DRAW_PENDING Window{d9c97f7 u0 com.sec.android.app.launcher/com.sec.android.app.launcher.activities.LauncherActivity} in Surface(name=com.sec.android.app.launcher/com.sec.android.app.launcher.activities.LauncherActivity)
10-10 15:40:38.591 15471 15513 I WorkerManager: Releasing worker: [networkmonitor]/[39]/[com.google.android.apps.gsa.staticplugins.ck.b]
10-10 15:40:38.591 15471 15513 I WorkerManager: Releasing worker: [networkmonitor]/[39]/[com.google.android.apps.gsa.staticplugins.ck.b]
10-10 15:40:38.591 15471 15513 I WorkerManager: Releasing worker: [audio]/[4]/[com.google.android.apps.gsa.staticplugins.l.f]
10-10 15:40:38.591  4347 19486 D WallpaperService: dispatchAppVisibility onVisibilityChanged(): true
10-10 15:40:38.592 15471 15513 I WorkerManager: Releasing worker: [audio]/[4]/[com.google.android.apps.gsa.staticplugins.l.f]
10-10 15:40:38.592  4347  4347 D ImageWallpaper: onOffsetsChanged: xOffset=0.0, yOffset=0.0, xOffsetStep=0.0, yOffsetStep=0.0, xPixels=0, yPixels=0
10-10 15:40:38.592 15471 15513 I WorkerManager: Releasing worker: [audio]/[4]/[com.google.android.apps.gsa.staticplugins.l.f]
10-10 15:40:38.592 15471 15513 I WorkerManager: Releasing worker: [audio]/[4]/[com.google.android.apps.gsa.staticplugins.l.f]
10-10 15:40:38.592  4347  4347 D ImageWallpaper: newRotation : 0,mLastRotation : 0
10-10 15:40:38.592 15471 15513 I WorkerManager: Releasing worker: [audio]/[4]/[com.google.android.apps.gsa.staticplugins.l.f]
10-10 15:40:38.592  4347  4347 D ImageWallpaper: drawFrame:[frame.width()]1280[frame.height()]1280
10-10 15:40:38.592  4347  4347 D ImageWallpaper: surfaceDimensionsChanged=false mDisplayWidth=720 mDisplayHeight=1280
10-10 15:40:38.592  4347  4347 D ImageWallpaper: redrawNeeded = false, mOffsetsChanged = false
10-10 15:40:38.592  4347  4347 D ImageWallpaper: Suppressed drawFrame since redraw is not needed and offsets have not changed.
10-10 15:40:38.592  4347  4347 D WallpaperService: updateSurface forceRelayout=false redrawNeeded=false myWidth=1280 myHeight=1280 fixedSize=true x = 0 y = 0 mWidth=1280 mHeight=1280 mIsSleepMode=false
10-10 15:40:38.593  4347  4347 D ImageWallpaper: onVisibilityChanged: mVisible, visible=false, true
10-10 15:40:38.593  4347  4347 D ImageWallpaper: Visibility changed to visible=true
10-10 15:40:38.594 15471 15513 I WorkerManager: Releasing worker: [progress]/[379]/[com.google.android.apps.gsa.staticplugins.da.a]
10-10 15:40:38.594 15471 15513 I WorkerManager: Releasing worker: [progress]/[379]/[com.google.android.apps.gsa.staticplugins.da.a]
10-10 15:40:38.594  4347  4347 D ImageWallpaper: newRotation : 0,mLastRotation : 0
10-10 15:40:38.594  4347  4347 D ImageWallpaper: drawFrame:[frame.width()]1280[frame.height()]1280
10-10 15:40:38.594  4347  4347 D ImageWallpaper: surfaceDimensionsChanged=false mDisplayWidth=720 mDisplayHeight=1280
10-10 15:40:38.594 15471 15513 I WorkerManager: Releasing worker: [sharebear]/[124]/[com.google.android.apps.gsa.staticplugins.sharebear.aw]
10-10 15:40:38.594  4347  4347 D ImageWallpaper: redrawNeeded = false, mOffsetsChanged = false
10-10 15:40:38.594  4347  4347 D ImageWallpaper: Suppressed drawFrame since redraw is not needed and offsets have not changed.
10-10 15:40:38.594  4347  4347 D WallpaperService: reportVisibility onVisibilityChanged visible: true
10-10 15:40:38.594 15471 15513 I WorkerManager: Releasing worker: [sharebear]/[124]/[com.google.android.apps.gsa.staticplugins.sharebear.aw]
10-10 15:40:38.594 15471 15513 I WorkerManager: Releasing worker: [sharebear]/[124]/[com.google.android.apps.gsa.staticplugins.sharebear.aw]
10-10 15:40:38.594 15471 15513 I chatty  : uid=10075(u0_a75) EventBus0 identical 1 line
10-10 15:40:38.594 15471 15513 I WorkerManager: Releasing worker: [sharebear]/[124]/[com.google.android.apps.gsa.staticplugins.sharebear.aw]
10-10 15:40:38.594 15471 15513 I WorkerManager: Releasing worker: [logo_header]/[71]/[com.google.android.apps.gsa.staticplugins.bz.a]
10-10 15:40:38.594 15471 15513 I WorkerManager: Releasing worker: [logo_header]/[71]/[com.google.android.apps.gsa.staticplugins.bz.a]
10-10 15:40:38.594  3962  4028 D SamsungAnimationCreator: createAnimation type:LowEnd transit:13 enter:false wallpaperXoffset:-280 split:false fixedOri:false
10-10 15:40:38.594  3962  4028 D SamsungAnimationCreator: createAnimation displayFrame:Rect(0, 0 - 720, 1280) frame:null insets:null
10-10 15:40:38.602 15471 15513 I WorkerManager: Releasing worker: [service]/[27]/[com.google.android.apps.gsa.search.core.service.bu]
10-10 15:40:38.602 15471 15513 I WorkerManager: Releasing worker: [optin]/[54]/[com.google.android.apps.gsa.staticplugins.ct.f]
10-10 15:40:38.602 15471 15513 I WorkerManager: Releasing worker: [actions]/[1]/[com.google.android.apps.gsa.staticplugins.actions.c]
10-10 15:40:38.602 15471 15513 I WorkerManager: Releasing worker: [legacyui]/[63]/[com.google.android.apps.gsa.staticplugins.bw.a]
10-10 15:40:38.602 15471 15513 I WorkerManager: Releasing worker: [searchplate]/[26]/[com.google.android.apps.gsa.staticplugins.dy.b]
10-10 15:40:38.602 15471 15513 I WorkerManager: Releasing worker: [conversation]/[44]/[com.google.android.apps.gsa.staticplugins.ah.a]
10-10 15:40:38.602 15471 15513 I WorkerManager: Releasing worker: [message]/[68]/[com.google.android.apps.gsa.staticplugins.messages.n]
10-10 15:40:38.602 15471 15513 I WorkerManager: Releasing worker: [context]/[50]/[com.google.android.apps.gsa.staticplugins.ag.d]
10-10 15:40:38.602 15471 15513 I WorkerManager: Releasing worker: [actionvelogging]/[2]/[com.google.android.apps.gsa.staticplugins.a.a]
10-10 15:40:38.602 15471 15513 I WorkerManager: Releasing worker: [sharedmicrodetection]/[17]/[com.google.android.apps.gsa.staticplugins.microdetection.ag]
10-10 15:40:38.603 15471 15513 I WorkerManager: Releasing worker: [networkmonitor]/[39]/[com.google.android.apps.gsa.staticplugins.ck.b]
10-10 15:40:38.603 15471 15513 I WorkerManager: Releasing worker: [searchboxroot]/[24]/[com.google.android.apps.gsa.staticplugins.searchboxroot.k]
10-10 15:40:38.603 15471 15513 I WorkerManager: Releasing worker: [audio]/[4]/[com.google.android.apps.gsa.staticplugins.l.f]
10-10 15:40:38.603 15471 15513 I WorkerManager: Releasing worker: [progress]/[379]/[com.google.android.apps.gsa.staticplugins.da.a]
10-10 15:40:38.603 15471 15513 I WorkerManager: Releasing worker: [sharebear]/[124]/[com.google.android.apps.gsa.staticplugins.sharebear.aw]
10-10 15:40:38.603 15471 15513 I WorkerManager: Releasing worker: [logo_header]/[71]/[com.google.android.apps.gsa.staticplugins.bz.a]
10-10 15:40:38.611 15471 15513 I WorkerManager: New handler created for worker [transcription] (manager: 4748863, handler: ecf9f9b)
10-10 15:40:38.611 15471 15513 I WorkerHandler: New state for worker [transcription]: c (handler: ecf9f9b)
10-10 15:40:38.612 15471 15513 I WorkerManager: New handler created for worker [searchwidget] (manager: 4748863, handler: 38236e4)
10-10 15:40:38.612 15471 15513 I WorkerHandler: New state for worker [searchwidget]: c (handler: 38236e4)
10-10 15:40:38.613 15471 15513 I WorkerManager: Releasing worker: [searchplate]/[26]/[com.google.android.apps.gsa.staticplugins.dy.b]
10-10 15:40:38.613 15471 15513 I chatty  : uid=10075(u0_a75) EventBus0 identical 2 lines
10-10 15:40:38.613 15471 15513 I WorkerManager: Releasing worker: [searchplate]/[26]/[com.google.android.apps.gsa.staticplugins.dy.b]
10-10 15:40:38.614  3962 18187 D ConnectivityService: filterNetworkStateForUid() uid: 10075 networkInfo: [type: WIFI[] - WIFI, state: CONNECTED/CONNECTED, reason: (unspecified), extra: "Superman", failover: false, available: true, roaming: false, metered: false]
10-10 15:40:38.614 15471 15513 I WorkerManager: Releasing worker: [transcription]/[30]/[com.google.android.apps.gsa.staticplugins.fa.b]
10-10 15:40:38.614 15471 15513 I WorkerManager: Releasing worker: [transcription]/[30]/[com.google.android.apps.gsa.staticplugins.fa.b]
10-10 15:40:38.614 15471 15513 I MicroDetectionWorker: #startMicroDetector [speakerMode: 0]
10-10 15:40:38.615 15471 15513 W ErrorReporter: reportError [type: 211, code: 393244, bug: 0]: errorCode: 393244, engine: 0
10-10 15:40:38.616 15471 15513 I MicroDetector: Keeping mic open: false
10-10 15:40:38.616 15471 15513 I MicroDetectionWorker: #onError(false)
10-10 15:40:38.616 15471 15501 I DeviceStateChecker: DeviceStateChecker cancelled
10-10 15:40:38.618 15471 15513 I WorkerManager: Releasing worker: [searchwidget]/[59]/[com.google.android.apps.gsa.staticplugins.eb.aa]
10-10 15:40:38.619 15471 15513 I WorkerManager: Releasing worker: [searchwidget]/[59]/[com.google.android.apps.gsa.staticplugins.eb.aa]
10-10 15:40:38.620 15471 15471 I BgTaskExecutorImpl: Starting EXCLUSIVE background task SEARCH_WIDGET_REFRESH_TASK.
10-10 15:40:38.625  3445  3445 I SurfaceFlinger: Display 0 HWC layers:
10-10 15:40:38.625  3445  3445 I SurfaceFlinger:     type    |    handle    | flag |  format   |   source crop (l,t,r,b)    |         frame       | name 
10-10 15:40:38.625  3445  3445 I SurfaceFlinger: ------------+--------------+------+-----------+----------------------------+---------------------+------
10-10 15:40:38.625  3445  3445 I SurfaceFlinger:      Device | 0x7d0a624000 | 0002 | RGBx_8888 | 280.0    0.0 1000.0 1280.0 |    0    0  720 1280 | com.android.systemui.ImageWallpaper#0
10-10 15:40:38.625  3445  3445 I SurfaceFlinger:      Device | 0x7d0a624d80 | 0000 | RGBA_8888 | 120.0  213.0  601.0 1068.0 |    1    1  720 1280 | com.sec.android.app.launcher/com.sec[...]uncher.activities.LauncherActivity#0
10-10 15:40:38.625  3445  3445 I SurfaceFlinger:      Device | 0x7d04272940 | 0000 | RGBA_8888 |   0.0    0.0  720.0   42.0 |    0    0  720   42 | StatusBar#0
10-10 15:40:38.625  3445  3445 I SurfaceFlinger:      Device | 0x7d0aa75c80 | 0000 | RGBA_8888 |   0.0    0.0  720.0 1280.0 |    0    0  720 1280 | PointerLocation#0
10-10 15:40:38.625  3445  3445 I SurfaceFlinger: 
10-10 15:40:38.625 15471 15513 I WorkerManager: Releasing worker: [searchwidget]/[59]/[com.google.android.apps.gsa.staticplugins.eb.aa]
10-10 15:40:38.641 15471 15471 I WorkerManager: Releasing worker: [searchwidget]/[59]/[com.google.android.apps.gsa.staticplugins.eb.aa]
10-10 15:40:38.641  3962  3962 D AppWidgetServiceImpl: handleNotifyUpdateAppWidget, appWidgetId = 3
10-10 15:40:38.642  5199  5199 I LauncherAppWidgetHostView: updateLastOrientation, orientation: 1, activityOrientation: 1, fromRemoteViews: true, widget: ComponentInfo{com.google.android.googlequicksearchbox/com.google.android.googlequicksearchbox.SearchWidgetProvider}
10-10 15:40:38.643  3962 18153 D JobServiceContext: sendStopMessageLocked stop reason: cancel() called by app
10-10 15:40:38.651  3962  4090 D MdnieScenarioControlService:  packageName : com.sec.android.app.launcher    className : com.sec.android.app.launcher.activities.LauncherActivity
10-10 15:40:38.651  3962  4090 V MdnieScenarioControlService: setUIMode from UI function(3)
10-10 15:40:38.780  3962  3971 I zygote64: Background concurrent copying GC freed 180629(8MB) AllocSpace objects, 86(2MB) LOS objects, 39% free, 37MB/61MB, paused 672us total 159.746ms
10-10 15:40:38.987  3962  3962 D CustomFrequencyManagerService: releaseDVFSLockLocked : Getting Lock type frm List : DVFS_MIN_LIMIT  frequency : 1560000  uid : 1000  pid : 3962  tag : AMS_APP_HOME@CPU_MIN@8
10-10 15:40:39.104  5199  5508 W OpenGLRenderer: Incorrectly called buildLayer on View: WorkspaceCellLayoutChildren, destroying layer...
10-10 15:40:39.399  3962  4048 D SamsungAlarmManager: Expired : 4
10-10 15:40:39.400  3962  4048 I SamsungAlarmManager: setLocked to kernel - T:2 / 20211010T154635, SetElapsed=1114758110, nowELAPSED=1114401559
10-10 15:40:39.400  3962  4048 V SamsungAlarmManager: Sending to uid : 1000 listener=android.app.AlarmManager$ListenerWrapper@3189ed1 alarm=Alarm{8335704 type 2 when 1114401558 android}
10-10 15:40:39.406  3962  3962 D SamsungAlarmManager: setInexact Listener (T:2/F:0/AC:false) 20211010T155635 - CU:1000/CP:3962
10-10 15:40:39.406  3962  3962 I SamsungAlarmManager: setLocked to kernel - T:2 / 20211010T154734, SetElapsed=1114816198, nowELAPSED=1114401565
10-10 15:40:39.423 15471 15471 I BgTaskExecutorImpl: Starting PERIODIC background task REFRESH_SEARCH_HISTORY.
10-10 15:40:39.433 15471 15513 I WorkerManager: New handler created for worker [refreshzeroprefixsuggestions] (manager: 4748863, handler: e3cb974)
10-10 15:40:39.434 15471 15513 I WorkerHandler: New state for worker [refreshzeroprefixsuggestions]: c (handler: e3cb974)
10-10 15:40:39.438 15471 15513 I WorkerManager: Releasing worker: [refreshzeroprefixsuggestions]/[380]/[com.google.android.apps.gsa.staticplugins.dn.a]
10-10 15:40:39.439 15471 15508 W LocationOracle: getBestLocation(): no location is available
10-10 15:40:39.457  3962  8810 D ConnectivityService: filterNetworkStateForUid() uid: 10075 networkInfo: [type: WIFI[] - WIFI, state: CONNECTED/CONNECTED, reason: (unspecified), extra: "Superman", failover: false, available: true, roaming: false, metered: false]
10-10 15:40:39.461  3962  8810 D ConnectivityService: filterNetworkStateForUid() uid: 10075 networkInfo: [type: WIFI[] - WIFI, state: CONNECTED/CONNECTED, reason: (unspecified), extra: "Superman", failover: false, available: true, roaming: false, metered: false]
10-10 15:40:39.478 15471 15508 W CDHeaderDataHandler: Invalid integer value "" in experiments IDs.
10-10 15:40:39.526  4940  4940 D io_stats: !@ 179,0 r 231232 8450280 w 227634 3435676 d 20448 20199860 f 76654 79068 iot 237640 200473 th 51200 0 0 pt 0 inp 0 0 42816.664
10-10 15:40:39.540 15471 18160 I WebViewFactory: Loading com.android.chrome version 77.0.3865.92 (code 386509237)
10-10 15:40:39.550 15471 18160 I zygote64: no shared libraies, dex_files: 1
10-10 15:40:39.625 15471 15513 I WorkerManager: Releasing worker: [searchwidget]/[59]/[com.google.android.apps.gsa.staticplugins.eb.aa]
10-10 15:40:39.656 15471 18160 I zygote64: Rejecting re-init on previously-failed class java.lang.Class<Mk>: java.lang.NoClassDefFoundError: Failed resolution of: Landroid/webkit/TracingController;
10-10 15:40:39.656 15471 18160 I zygote64:   at java.lang.Class java.lang.Class.classForName(java.lang.String, boolean, java.lang.ClassLoader) (Class.java:-2)
10-10 15:40:39.656 15471 18160 I zygote64:   at java.lang.Class java.lang.Class.forName(java.lang.String, boolean, java.lang.ClassLoader) (Class.java:453)
10-10 15:40:39.656 15471 18160 I zygote64:   at java.lang.Class android.webkit.WebViewFactory.getWebViewProviderClass(java.lang.ClassLoader) (WebViewFactory.java:150)
10-10 15:40:39.656 15471 18160 I zygote64:   at java.lang.Class android.webkit.WebViewFactory.getProviderClass() (WebViewFactory.java:417)
10-10 15:40:39.656 15471 18160 I zygote64:   at android.webkit.WebViewFactoryProvider android.webkit.WebViewFactory.getProvider() (WebViewFactory.java:211)
10-10 15:40:39.656 15471 18160 I zygote64:   at android.webkit.CookieManager android.webkit.CookieManager.getInstance() (CookieManager.java:39)
10-10 15:40:39.656 15471 18160 I zygote64:   at java.lang.Object com.google.android.apps.gsa.staticplugins.ai.i.call() ((null):4)
