10-10 15:39:27.519  3962  5395 D ConnectivityService: listenForNetwork for uid/pid:10095/17804 NetworkRequest [ LISTEN id=182, [ Capabilities: INTERNET&NOT_RESTRICTED&TRUSTED&FOREGROUND] ]
10-10 15:39:27.520  3962  4161 D ConnectivityService: rematching NetworkAgentInfo [WIFI () - 503]
10-10 15:39:27.520 17858 17858 E WebViewFactory: can't load with relro file; address space not reserved
10-10 15:39:27.520  3962  4161 D ConnectivityService:  network has: [ Transports: WIFI Capabilities: NOT_METERED&INTERNET&NOT_RESTRICTED&TRUSTED&NOT_VPN&VALIDATED&FOREGROUND LinkUpBandwidth>=1048576Kbps LinkDnBandwidth>=1048576Kbps SignalStrength: -48]
10-10 15:39:27.520  3962  4161 D ConnectivityService: Network NetworkAgentInfo [WIFI () - 503] was already satisfying request 1. No change.
10-10 15:39:27.520  3962  4161 D ConnectivityService: Network NetworkAgentInfo [WIFI () - 503] was already satisfying request 3. No change.
10-10 15:39:27.520  3962  4161 D ConnectivityService: Network NetworkAgentInfo [WIFI () - 503] was already satisfying request 129. No change.
10-10 15:39:27.520  3962  4161 D ConnectivityService: sending notification AVAILABLE for NetworkRequest [ LISTEN id=182, [ Capabilities: INTERNET&NOT_RESTRICTED&TRUSTED&FOREGROUND] ]
10-10 15:39:27.520  3962  4161 D ConnectivityService: sending notification CAP_CHANGED for NetworkRequest [ LISTEN id=182, [ Capabilities: INTERNET&NOT_RESTRICTED&TRUSTED&FOREGROUND] ]
10-10 15:39:27.521  3962  4161 D ConnectivityService: sending notification IP_CHANGED for NetworkRequest [ LISTEN id=182, [ Capabilities: INTERNET&NOT_RESTRICTED&TRUSTED&FOREGROUND] ]
10-10 15:39:27.521  3962  5395 D ConnectivityService: filterNetworkStateForUid() uid: 10095 networkInfo: [type: WIFI[] - WIFI, state: CONNECTED/CONNECTED, reason: (unspecified), extra: "Superman", failover: false, available: true, roaming: false, metered: false]
10-10 15:39:27.526 17887 17887 I cr_ChildProcessService: Creating new ChildProcessService pid=17887
10-10 15:39:27.570  3962  9029 D SecContentProvider: query(), uri = 2 selection = isAuditLogEnabled
10-10 15:39:27.571  3962  5395 D ConnectivityService: filterNetworkStateForUid() uid: 10095 networkInfo: [type: WIFI[] - WIFI, state: CONNECTED/CONNECTED, reason: (unspecified), extra: "Superman", failover: false, available: true, roaming: false, metered: false]
10-10 15:39:27.571  3962  9029 D SecContentProvider: called from com.android.chrome
10-10 15:39:27.572  3962  5395 D ConnectivityService: filterNetworkStateForUid() uid: 10095 networkInfo: [type: WIFI[] - WIFI, state: CONNECTED/CONNECTED, reason: (unspecified), extra: "Superman", failover: false, available: true, roaming: false, metered: false]
10-10 15:39:27.574 17887 17903 I cr_LibraryLoader: Time to load native libraries: 6 ms (timestamps 4707-4713)
10-10 15:39:27.577  3962  5395 D SecContentProvider: query(), uri = 5 selection = getAutoFillSetting
10-10 15:39:27.578  3962  5395 D SecContentProvider: called from com.android.chrome
10-10 15:39:27.578  3962  9029 D ConnectivityService: filterNetworkStateForUid() uid: 10095 networkInfo: [type: WIFI[] - WIFI, state: CONNECTED/CONNECTED, reason: (unspecified), extra: "Superman", failover: false, available: true, roaming: false, metered: false]
10-10 15:39:27.579 17887 17903 I chromium: [INFO:library_loader_hooks.cc(51)] Chromium logging enabled: level = 0, default verbosity = 0
10-10 15:39:27.579  3962  5395 D SecContentProvider: query(), uri = 5 selection = getCookiesSetting
10-10 15:39:27.580  3962  5395 D SecContentProvider: called from com.android.chrome
10-10 15:39:27.580 17887 17903 I cr_LibraryLoader: Expected native library version number "77.0.3865.92", actual native library version number "77.0.3865.92"
10-10 15:39:27.580  3962  9029 D ConnectivityService: filterNetworkStateForUid() uid: 10095 networkInfo: [type: WIFI[] - WIFI, state: CONNECTED/CONNECTED, reason: (unspecified), extra: "Superman", failover: false, available: true, roaming: false, metered: false]
10-10 15:39:27.581  3962  9029 D ConnectivityService: filterNetworkStateForUid() uid: 10095 networkInfo: [type: WIFI[] - WIFI, state: CONNECTED/CONNECTED, reason: (unspecified), extra: "Superman", failover: false, available: true, roaming: false, metered: false]
10-10 15:39:27.581  3962  5395 D SecContentProvider: query(), uri = 5 selection = getHttpProxy
10-10 15:39:27.582  3962  5395 D SecContentProvider: called from com.android.chrome
10-10 15:39:27.583  3962  5395 D ConnectivityService: filterNetworkStateForUid() uid: 10095 networkInfo: [type: WIFI[] - WIFI, state: CONNECTED/CONNECTED, reason: (unspecified), extra: "Superman", failover: false, available: true, roaming: false, metered: false]
10-10 15:39:27.583  3962  9029 D SecContentProvider: query(), uri = 5 selection = getJavaScriptSetting
10-10 15:39:27.584  3962  9029 D SecContentProvider: called from com.android.chrome
10-10 15:39:27.585  3962  9029 D SecContentProvider: query(), uri = 5 selection = getPopupsSetting
10-10 15:39:27.586  3962  9029 I chatty  : uid=1000(system) Binder:3962_16 identical 1 line
10-10 15:39:27.587  3962  9029 D SecContentProvider: query(), uri = 22 selection = isAuthenticationEnabled
10-10 15:39:27.588  3962  9029 D SecContentProvider: called from com.android.chrome
10-10 15:39:27.591  3962  5395 D TaskSnapshotCache: removeRunningEntry taskId=4044 RunningCache size=0
10-10 15:39:27.591  5199  5199 D StageManager: does not restore remain-stages in stack : 5
10-10 15:39:27.591  5199  5199 D StageManager: saved stages : inStack [1] , outStack[2]
10-10 15:39:27.598  3962  9029 D SecContentProvider: query(), uri = 10 selection = getURLFilterList
10-10 15:39:27.599  3962  9029 D SecContentProvider: called from com.android.chrome
10-10 15:39:27.599 17804 17879 W cr_LibraryPrefetcher: Cannot get PinnerService.
10-10 15:39:27.600  3962  5395 D SecContentProvider: query(), uri = 10 selection = getURLFilterEnabled
10-10 15:39:27.601  3962  5395 D SecContentProvider: called from com.android.chrome
10-10 15:39:27.602  3962  9029 D SecContentProvider: query(), uri = 10 selection = getURLFilterReportEnabled
10-10 15:39:27.602  3962  9029 D SecContentProvider: called from com.android.chrome
10-10 15:39:27.604  3962  4553 D SecContentProvider: query(), uri = 2 selection = isAuditLogEnabled
10-10 15:39:27.604  3962  4553 D SecContentProvider: called from com.android.chrome
10-10 15:39:27.605  3962  4553 D SecContentProvider: query(), uri = 5 selection = getAutoFillSetting
10-10 15:39:27.606  3962  4553 I chatty  : uid=1000(system) Binder:3962_6 identical 1 line
10-10 15:39:27.607  3962  4553 D SecContentProvider: query(), uri = 5 selection = getCookiesSetting
10-10 15:39:27.608  3962  4553 D SecContentProvider: called from com.android.chrome
10-10 15:39:27.609  3962  5395 D SecContentProvider: query(), uri = 5 selection = getHttpProxy
10-10 15:39:27.610  3962  5395 D SecContentProvider: called from com.android.chrome
10-10 15:39:27.611  3962  9029 D SecContentProvider: query(), uri = 5 selection = getJavaScriptSetting
10-10 15:39:27.611  3962  9029 D SecContentProvider: called from com.android.chrome
10-10 15:39:27.612  3962  5395 D SecContentProvider: query(), uri = 5 selection = getPopupsSetting
10-10 15:39:27.613  3962  5395 D SecContentProvider: called from com.android.chrome
10-10 15:39:27.614  3962  5395 D SecContentProvider: query(), uri = 22 selection = isAuthenticationEnabled
10-10 15:39:27.615  3962  5395 D SecContentProvider: called from com.android.chrome
10-10 15:39:27.618  3962  9029 D SecContentProvider: query(), uri = 10 selection = getURLFilterList
10-10 15:39:27.619  3962  9029 D SecContentProvider: called from com.android.chrome
10-10 15:39:27.620  3962  5395 D SecContentProvider: query(), uri = 10 selection = getURLFilterEnabled
10-10 15:39:27.620  3962  5395 D SecContentProvider: called from com.android.chrome
10-10 15:39:27.621  3962  5395 D SecContentProvider: query(), uri = 10 selection = getURLFilterReportEnabled
10-10 15:39:27.622  3962  5395 D SecContentProvider: called from com.android.chrome
10-10 15:39:27.636 17887 17903 W AudioCapabilities: Unsupported mime audio/mpeg-L1
10-10 15:39:27.636 17887 17903 W AudioCapabilities: Unsupported mime audio/mpeg-L2
10-10 15:39:27.638 17887 17903 W AudioCapabilities: Unsupported mime audio/x-ms-wma
10-10 15:39:27.639 17887 17903 W AudioCapabilities: Unsupported mime audio/x-ima
10-10 15:39:27.643 17887 17903 W VideoCapabilities: Unrecognized profile 2130706433 for video/avc
10-10 15:39:27.643 17887 17903 W VideoCapabilities: Unrecognized profile 2130706434 for video/avc
10-10 15:39:27.645 17887 17903 W VideoCapabilities: Unrecognized profile 2130706433 for video/avc
10-10 15:39:27.645 17887 17903 W VideoCapabilities: Unrecognized profile 2130706434 for video/avc
10-10 15:39:27.654 17887 17903 W VideoCapabilities: Unrecognized profile 2130706433 for video/avc
10-10 15:39:27.654 17887 17903 W VideoCapabilities: Unrecognized profile 2130706434 for video/avc
10-10 15:39:27.656 17887 17903 W VideoCapabilities: Unsupported mime video/avc-wfd
10-10 15:39:27.672 17887 17903 I VideoCapabilities: Unsupported profile 4 for video/mp4v-es
10-10 15:39:27.686 17887 17903 W VideoCapabilities: Unrecognized profile/level 1/32 for video/mp4v-es
10-10 15:39:27.686 17887 17903 W VideoCapabilities: Unrecognized profile/level 32768/2 for video/mp4v-es
10-10 15:39:27.686 17887 17903 W VideoCapabilities: Unrecognized profile/level 32768/64 for video/mp4v-es
10-10 15:39:27.687 17887 17903 W VideoCapabilities: Unsupported mime video/wvc1
10-10 15:39:27.688 17887 17903 W VideoCapabilities: Unsupported mime video/x-ms-wmv
10-10 15:39:27.689 17887 17903 W VideoCapabilities: Unsupported mime video/x-ms-wmv7
10-10 15:39:27.690 17887 17903 W VideoCapabilities: Unsupported mime video/x-ms-wmv8
10-10 15:39:27.691 17887 17903 W VideoCapabilities: Unsupported mime video/mp43
10-10 15:39:27.699  3962  3962 D CustomFrequencyManagerService: releaseDVFSLockLocked : Getting Lock type frm List : DVFS_MIN_LIMIT  frequency : 1560000  uid : 1000  pid : 3962  tag : AMS_RESUME_TAIL@CPU_MIN@61
10-10 15:39:27.732  3962  4090 D MdnieScenarioControlService:  packageName : com.android.chrome    className : org.chromium.chrome.browser.firstrun.FirstRunActivity
10-10 15:39:27.978  5245  5384 D ContactsProvider_EventLog: contents_sample_state: [CONTACT contacts(0) data(0) accounts({}) accounts deleted({}) calls([]) countryIso(GB) userId(0)  ]
10-10 15:39:27.978  5245  5384 D ContactsProvider_EventLog: contents_sample_state: [ agr({})  ]
10-10 15:39:27.978  5245  5384 D ContactsProvider_EventLog: contents_sample_state: [ actCnt({android.process.acore(5245)=1})  ]
10-10 15:39:27.978  5245  5384 D ContactsProvider_EventLog: contents_sample_state: [PROFILE contacts(0) data(0) accounts({})  ]
10-10 15:39:27.978  5245  5384 D ContactsProvider_EventLog: contents_sample_state: [SAPROFILE contacts(1) data(2) accounts({vnd.sec.contact.phone (1)=1})  ]
10-10 15:39:27.984  5245  5384 E ContactsProvider_EventLog: Flush buffer to file cnt : 1 size : 0Kb duration : 3ms lastUpdatedAfter : 60113 ms mFlush_time_threasold : 2000 mCurrentSize : 437
10-10 15:39:28.726  3962  3962 D PreBindingService: handleMessage : 1
10-10 15:39:28.896  3962  3962 I chatty  : uid=1000 system_server identical 1 line
10-10 15:39:28.927  3962  3962 D PreBindingService: handleMessage : 1
10-10 15:39:29.144  3962  4086 D InputReader: Input event(3): value=1 when=42746283408000
10-10 15:39:29.145  3962  4086 D InputReader: Input event(3): value=1 when=42746283408000
10-10 15:39:29.145  3962  4086 I InputReader: Touch event's action is 0x0 (deviceType=0) [pCnt=1, s=0.564 ] when=42746283408000
10-10 15:39:29.146  3962  4085 I InputDispatcher: Delivering touch to (4347): action: 0x4, toolType: 1
10-10 15:39:29.146  3962  4085 I InputDispatcher: Delivering touch to (17804): action: 0x0, toolType: 1
10-10 15:39:29.146 17804 17804 D ViewRootImpl@3121241[FirstRunActivity]: ViewPostIme pointer 0
10-10 15:39:29.225  3962  4086 D InputReader: Input event(3): value=0 when=42746364286000
10-10 15:39:29.225  3962  4086 D InputReader: Input event(3): value=0 when=42746364286000
10-10 15:39:29.225  3962  4086 I InputReader: Touch event's action is 0x1 (deviceType=0) [pCnt=1, s=] when=42746364286000
10-10 15:39:29.226  3962  4085 I InputDispatcher: Delivering touch to (17804): action: 0x1, toolType: 1
10-10 15:39:29.226 17804 17804 D ViewRootImpl@3121241[FirstRunActivity]: ViewPostIme pointer 1
10-10 15:39:29.240  3962  5395 D ConnectivityService: filterNetworkStateForUid() uid: 10095 networkInfo: [type: WIFI[] - WIFI, state: CONNECTED/CONNECTED, reason: (unspecified), extra: "Superman", failover: false, available: true, roaming: false, metered: false]
10-10 15:39:29.262 17804 17804 D ScrollView: initGoToTop
10-10 15:39:29.271 17804 17804 E ResourcesCompat: Failed to find font-family tag
10-10 15:39:29.296 17804 17804 D ScrollView:  onsize change changed 
10-10 15:39:29.298  3962  4553 I ActivityManager: Killing 12196:com.samsung.android.lool/1000 (adj 906): empty for 1801s
10-10 15:39:29.334  5077  5095 I PeopleChimeraService: onService. callbacks = abaj@e63054b, request = com.google.android.gms.common.internal.GetServiceRequest@ec84b28
10-10 15:39:29.340  5077  7410 I PeopleChimeraService: onService. callbacks = abaj@88f9e6, request = com.google.android.gms.common.internal.GetServiceRequest@45aab27
10-10 15:39:29.456  4940  4940 D io_stats: !@ 179,0 r 231197 8450080 w 226401 3412156 d 20321 20196756 f 76331 78741 iot 236720 199719 th 51200 0 0 pt 0 inp 0 0 42746.594
10-10 15:39:29.661  3962  6349 D SSRM:k  : SIOP:: AP = 310, PST = 302 (W:28), BAT = 288, USB = 0, CHG = 0
10-10 15:39:30.699  3962  6349 D TelephonyManager: getAllCellInfo : Caller (PID / UID / TID): 3962 / 1000 / 6349
10-10 15:39:30.824  3962  4086 D InputReader: Input event(3): value=1 when=42747963341000
10-10 15:39:30.824  3962  4086 D InputReader: Input event(3): value=1 when=42747963341000
10-10 15:39:30.825  3962  4086 I InputReader: Touch event's action is 0x0 (deviceType=0) [pCnt=1, s=0.565 ] when=42747963341000
10-10 15:39:30.826  3962  4085 I InputDispatcher: Delivering touch to (4347): action: 0x4, toolType: 1
10-10 15:39:30.826  3962  4085 I InputDispatcher: Delivering touch to (17804): action: 0x0, toolType: 1
10-10 15:39:30.827 17804 17804 D ViewRootImpl@3121241[FirstRunActivity]: ViewPostIme pointer 0
10-10 15:39:30.879  3962  4086 D InputReader: Input event(3): value=0 when=42748017857000
10-10 15:39:30.879  3962  4086 D InputReader: Input event(3): value=0 when=42748017857000
10-10 15:39:30.879  3962  4086 I InputReader: Touch event's action is 0x1 (deviceType=0) [pCnt=1, s=] when=42748017857000
10-10 15:39:30.879  3962  4085 I InputDispatcher: Delivering touch to (17804): action: 0x1, toolType: 1
10-10 15:39:30.880 17804 17804 D ViewRootImpl@3121241[FirstRunActivity]: ViewPostIme pointer 1
10-10 15:39:30.904  3962  4553 I ActivityManager: START u0 {act=android.intent.action.VIEW typ=null flg=0x10008000 cmp=ComponentInfo{com.android.chrome/com.google.android.apps.chrome.Main}} from uid 10095
10-10 15:39:30.905  3962  4553 D CustomFrequencyManagerService: acquireDVFSLockLocked : type : DVFS_MIN_LIMIT  frequency : 1560000  uid : 1000  pid : 3962  pkgName : AMS_ACT_START@CPU_MIN@69
10-10 15:39:30.907  3962  4553 D ActivityManagerPerformance: AMP_acquire() ACT_START
10-10 15:39:30.916  3962  4028 D ViewRootImpl@4689bbe[chrome]: setView = DecorView@ab0436c[chrome] TM=true MM=false
10-10 15:39:30.916 17804 17804 D ConnectivityManager: unregisterNetworkCallback; CallingUid : 10095, CallingPid : 17804
10-10 15:39:30.916  3962  4161 D ConnectivityService: releasing NetworkRequest [ LISTEN id=181, [ Capabilities: INTERNET&NOT_RESTRICTED&TRUSTED&FOREGROUND] ] (CALLBACK_RELEASED)
10-10 15:39:30.917  3962  4161 D ConnectivityService: sending notification RELEASED for NetworkRequest [ LISTEN id=181, [ Capabilities: INTERNET&NOT_RESTRICTED&TRUSTED&FOREGROUND] ]
10-10 15:39:30.919  3962  4028 D ViewRootImpl@4689bbe[chrome]: dispatchAttachedToWindow
10-10 15:39:30.919  3962  4553 D ActivityManager: isScaleDownAnimationEnabled() : false
10-10 15:39:30.920  3962  4028 V WindowManager: Relayout Window{2f2641f u0 Splash Screen com.android.chrome}: viewVisibility=0 req=719x1237 WM.LayoutParams{(0,0)(fillxfill) sim=#20 ty=3 fl=#81830118 pfl=0x20011 wanim=0x10302fd vsysui=0x2600 needsMenuKey=2 colorMode=0 naviIconColor=0}
10-10 15:39:30.923  3445  3445 I SurfaceFlinger: id=549 createSurf (720x1280),1 flag=404, Splash Screen com.android.chrome#0
10-10 15:39:30.925  3962  4028 V Surface : sf_framedrop debug : 0x4f4c, game : false, logging : 0
10-10 15:39:30.928  3962  4028 D ViewRootImpl@4689bbe[chrome]: Relayout returned: old=[0,0][0,0] new=[0,0][720,1280] result=0x7 surface={valid=true 523607293952} changed=true
10-10 15:39:30.928  3962  4028 D ViewRootImpl@4689bbe[chrome]: MSG_RESIZED_REPORT: frame=Rect(0, 0 - 720, 1280) ci=Rect(0, 42 - 0, 0) vi=Rect(0, 42 - 0, 0) or=1
10-10 15:39:30.931  3962  4553 D PersonaManagerService: Current focused persona service handled id set to : 0
10-10 15:39:30.931  3962  4553 D InputDispatcher: Focused application set to: xxxx
10-10 15:39:30.932  3962  4553 D InputDispatcher: Focus left window: 17804
10-10 15:39:30.934  3962  4553 D MARsPolicyManager: onPackageResumedFG pkgName = com.android.chrome, userId = 0
10-10 15:39:30.934  3962  4224 D GameManagerService: handleForegroundChange(). pkgName: com.android.chrome, clsName: org.chromium.chrome.browser.ChromeTabbedActivity,FgActivityName:com.android.chrome/org.chromium.chrome.browser.ChromeTabbedActivity
10-10 15:39:30.934  3962  4224 D GameManagerService:   handleForegroundChange(). same package. game has never resumed yet. ignore
10-10 15:39:30.944  3962  4028 V WindowManager: finishDrawingLocked: mDrawState=COMMIT_DRAW_PENDING Window{2f2641f u0 Splash Screen com.android.chrome} in Surface(name=Splash Screen com.android.chrome)
10-10 15:39:30.952  3445  3445 V Surface : sf_framedrop debug : 0x4f4c, game : false, logging : 0
10-10 15:39:30.961  3962  4028 D TaskSnapshotCache: putSnapshot mTaskId=4045 RunningCache size=1
10-10 15:39:30.968  3962  3978 D WindowManager: set systemUiVisibility : systemUiFlags= 0x2608 fullscreenStackSysUiFlags= 0x2000
10-10 15:39:30.971  3962 19389 D WindowManager: adjustSystemUiVisibilityLw : vis= 0x2608
10-10 15:39:30.972  3962 19389 D ConnectivityService: filterNetworkStateForUid() uid: 10095 networkInfo: [type: WIFI[] - WIFI, state: CONNECTED/CONNECTED, reason: (unspecified), extra: "Superman", failover: false, available: true, roaming: false, metered: false]
10-10 15:39:30.975 17804 17804 D ConnectivityManager: requestNetwork; CallingUid : 10095, CallingPid : 17804
10-10 15:39:30.976  3962 19389 D ConnectivityService: listenForNetwork for uid/pid:10095/17804 NetworkRequest [ LISTEN id=183, [ Capabilities: INTERNET&NOT_RESTRICTED&TRUSTED&FOREGROUND] ]
10-10 15:39:30.977  3962  4161 D ConnectivityService: rematching NetworkAgentInfo [WIFI () - 503]
10-10 15:39:30.977  3962  4161 D ConnectivityService:  network has: [ Transports: WIFI Capabilities: NOT_METERED&INTERNET&NOT_RESTRICTED&TRUSTED&NOT_VPN&VALIDATED&FOREGROUND LinkUpBandwidth>=1048576Kbps LinkDnBandwidth>=1048576Kbps SignalStrength: -48]
10-10 15:39:30.977  3962  4161 D ConnectivityService: Network NetworkAgentInfo [WIFI () - 503] was already satisfying request 1. No change.
10-10 15:39:30.977  3962  4161 D ConnectivityService: Network NetworkAgentInfo [WIFI () - 503] was already satisfying request 3. No change.
10-10 15:39:30.977  3962  4161 D ConnectivityService: Network NetworkAgentInfo [WIFI () - 503] was already satisfying request 129. No change.
10-10 15:39:30.978  3962  4161 D ConnectivityService: sending notification AVAILABLE for NetworkRequest [ LISTEN id=183, [ Capabilities: INTERNET&NOT_RESTRICTED&TRUSTED&FOREGROUND] ]
10-10 15:39:30.978  3962  4161 D ConnectivityService: sending notification CAP_CHANGED for NetworkRequest [ LISTEN id=183, [ Capabilities: INTERNET&NOT_RESTRICTED&TRUSTED&FOREGROUND] ]
10-10 15:39:30.978  3962  4161 D ConnectivityService: sending notification IP_CHANGED for NetworkRequest [ LISTEN id=183, [ Capabilities: INTERNET&NOT_RESTRICTED&TRUSTED&FOREGROUND] ]
10-10 15:39:30.989  3445  3445 I SurfaceFlinger: Display 0 HWC layers:
10-10 15:39:30.989  3445  3445 I SurfaceFlinger:     type    |    handle    | flag |  format   |   source crop (l,t,r,b)    |         frame       | name 
10-10 15:39:30.989  3445  3445 I SurfaceFlinger: ------------+--------------+------+-----------+----------------------------+---------------------+------
10-10 15:39:30.989  3445  3445 I SurfaceFlinger:      Device | 0x7d0a624a80 | 0002 | RGBA_8888 |   0.0    0.0  720.0 1280.0 |    0    0  720 1280 | com.android.chrome/org.chromium.chrome.browser.firstrun.FirstRunActivity#0
10-10 15:39:30.989  3445  3445 I SurfaceFlinger:      Device | 0x7d04272880 | 0002 | RGBA_8888 |   0.0    0.0  720.0 1280.0 |    0    0  720 1280 | Splash Screen com.android.chrome#0
10-10 15:39:30.989  3445  3445 I SurfaceFlinger:      Device | 0x7d04272940 | 0000 | RGBA_8888 |   0.0    0.0  720.0   42.0 |    0    0  720   42 | StatusBar#0
10-10 15:39:30.989  3445  3445 I SurfaceFlinger:      Device | 0x7d0aa75c80 | 0000 | RGBA_8888 |   0.0    0.0  720.0 1280.0 |    0    0  720 1280 | PointerLocation#0
10-10 15:39:30.989  3445  3445 I SurfaceFlinger: 
10-10 15:39:31.040  4347  6549 D SystemServicesProxy: updateOverviewLastStackActiveTimeAsync: newTime=1633873170933
10-10 15:39:31.042  3962 19389 D SecContentProvider: query(), uri = 17 selection = isSettingsChangesAllowed
10-10 15:39:31.042  3962 19389 D SecContentProvider: called from android.uid.systemui:10009
10-10 15:39:31.043  4347  4677 D SystemServicesProxy: updateOverviewLastStackActiveTimeAsync: done.
10-10 15:39:31.048 17804 17880 W cr_tabmodel: Starting to perform legacy migration.
10-10 15:39:31.049 17804 17880 W cr_tabmodel: Finished performing legacy migration.
10-10 15:39:31.049 17804 17880 W cr_tabmodel: Starting to perform multi-instance migration.
10-10 15:39:31.049 17804 17880 W cr_tabmodel: Finished performing multi-instance migration.
10-10 15:39:31.049 17804 17880 I cr_tabmodel: Starting to fetch tab list for tab_state0
10-10 15:39:31.050 17804 17880 I cr_tabmodel: State file does not exist.
10-10 15:39:31.050 17804 17880 I cr_tabmodel: Starting to fetch tab list for tab_state1
10-10 15:39:31.050 17804 17880 I cr_tabmodel: State file does not exist.
10-10 15:39:31.074 17804 17804 D ViewRootImpl@246774e[Main]: setView = DecorView@4aec06f[Main] TM=true MM=false
10-10 15:39:31.077  3962 19389 D ActivityManager: post active user change for 0 fullscreen true isHomeActivity() false
10-10 15:39:31.078 17804 17804 D ViewRootImpl@3121241[FirstRunActivity]: MSG_WINDOW_FOCUS_CHANGED 0
10-10 15:39:31.085 17804 17804 D ViewRootImpl@246774e[Main]: dispatchAttachedToWindow
10-10 15:39:31.092  3962  4637 V WindowManager: Relayout Window{6d1706e u0 com.android.chrome/com.google.android.apps.chrome.Main}: viewVisibility=0 req=719x1237 WM.LayoutParams{(0,0)(fillxfill) sim=#113 ty=1 fl=#81810100 pfl=0x20000 wanim=0x10302fd vsysui=0x2600 sysuil=true needsMenuKey=2 colorMode=0 naviIconColor=0}
10-10 15:39:31.096  3445  3445 I SurfaceFlinger: id=550 createSurf (720x1280),1 flag=404, com.android.chrome/com.google.android.apps.chrome.Main#0
10-10 15:39:31.097  3962  4637 V Surface : sf_framedrop debug : 0x4f4c, game : false, logging : 0
10-10 15:39:31.100  3962  4637 D InputDispatcher: Focus entered window: 17804
10-10 15:39:31.101 17804 17804 V Surface : sf_framedrop debug : 0x4f4c, game : false, logging : 0
10-10 15:39:31.102 17804 17804 D ViewRootImpl@246774e[Main]: Relayout returned: old=[0,0][0,0] new=[0,0][720,1280] result=0x7 surface={valid=true 3158036480} changed=true
10-10 15:39:31.107 17804 17831 D mali_winsys: EGLint new_window_surface(egl_winsys_display *, void *, EGLSurface, EGLConfig, egl_winsys_surface **, egl_color_buffer_format *, EGLBoolean) returns 0x3000,  [720x1280]-format:1
10-10 15:39:31.107 17804 17831 D OpenGLRenderer: eglCreateWindowSurface = 0xbe1ad720
10-10 15:39:31.112  3962  4637 D ConnectivityService: filterNetworkStateForUid() uid: 10095 networkInfo: [type: WIFI[] - WIFI, state: CONNECTED/CONNECTED, reason: (unspecified), extra: "Superman", failover: false, available: true, roaming: false, metered: false]
10-10 15:39:31.113  3962  4637 D ConnectivityService: filterNetworkStateForUid() uid: 10095 networkInfo: [type: WIFI[] - WIFI, state: CONNECTED/CONNECTED, reason: (unspecified), extra: "Superman", failover: false, available: true, roaming: false, metered: false]
10-10 15:39:31.117 17804 17804 D ViewRootImpl@246774e[Main]: MSG_RESIZED_REPORT: frame=Rect(0, 0 - 720, 1280) ci=Rect(0, 42 - 0, 0) vi=Rect(0, 42 - 0, 0) or=1
10-10 15:39:31.117 17804 17804 D ViewRootImpl@246774e[Main]: MSG_WINDOW_FOCUS_CHANGED 1
10-10 15:39:31.126 17804 17804 V InputMethodManager: Starting input: tba=android.view.inputmethod.EditorInfo@e426e0a nm : com.android.chrome ic=null
10-10 15:39:31.126 17804 17804 I InputMethodManager: startInputInner - mService.startInputOrWindowGainedFocus
10-10 15:39:31.126  3962  4637 D InputMethodManagerService: startInputOrWindowGainedFocus : windowGainedFocus 
10-10 15:39:31.126  3962  4637 D InputMethodManagerService: windowGainedFocus: destinationUserId (getCallingUid) = 0
10-10 15:39:31.126  3962  4637 D InputMethodManagerService: windowGainedFocus: currentUserId=0
10-10 15:39:31.126  3962  4637 D InputMethodManagerService: windowGainedFocus: mCurrentFocusedUserId=0
10-10 15:39:31.126  3962  4637 D InputMethodManagerService: windowGainedFocus : lock - currentUserId = 0 destinationUserId = 0
10-10 15:39:31.126  3962  4637 D InputMethodManagerService: windowGainedFocus : mCurrentFocusedUserId - 0 and mSecureKeypadEnabled - false, userSwitched - false
10-10 15:39:31.126  3962  4637 V InputMethodManagerService: windowGainedFocus : reason=WINDOW_FOCUS_GAIN client=android.os.BinderProxy@fd25268 inputContext=null missingMethods= attribute=android.view.inputmethod.EditorInfo@f015f9c nm = com.android.chrome controlFlags=#104 softInputMode=#113 windowFlags=#81810100
10-10 15:39:31.126  3962  4637 V InputMethodManagerService: Window asks to hide input
10-10 15:39:31.126  3962  4637 V InputMethodManagerService: hideCurrentInputLocked : shouldHideSoftInput is false
10-10 15:39:31.126  3962  4637 D InputMethodManagerService: setCurrentInputInfo - inputContext : null eidtorInfo : android.view.inputmethod.EditorInfo@f015f9c missingMethods : 0
10-10 15:39:31.127  4337  4337 I InputMethodWrapper:  call dispatchStartInputWithToken
10-10 15:39:31.127  4337  4337 I InputMethodService: dispatchStartInputWithToken
10-10 15:39:31.127  4337  4337 I SKBD    : SamsungKeypad [IMI] onStartInput - caller pid : 17804, caller uid : 10095
10-10 15:39:31.156  3962  4637 V WindowManager: finishDrawingLocked: mDrawState=COMMIT_DRAW_PENDING Window{6d1706e u0 com.android.chrome/com.google.android.apps.chrome.Main} in Surface(name=com.android.chrome/com.google.android.apps.chrome.Main)
10-10 15:39:31.159 17804 17831 D OpenGLRenderer: eglDestroySurface = 0xc1cb7bc0
10-10 15:39:31.159 17804 17831 D OpenGLRenderer: endAllActiveAnimators on 0xbe343480 (InsetDrawable) with handle 0xbfc67a00
10-10 15:39:31.164  3962  4028 D ViewRootImpl@4689bbe[chrome]: dispatchDetachedFromWindow
10-10 15:39:31.164  3962  4028 D InputEventReceiver: channel '2f2641f Splash Screen com.android.chrome (client)' ~ Disposing input event receiver.
10-10 15:39:31.164  3962  4028 D InputEventReceiver: channel '2f2641f Splash Screen com.android.chrome (client)' ~NativeInputEventReceiver.
10-10 15:39:31.164  3962  4637 V WindowManager: Relayout Window{c827326 u0 com.android.chrome/org.chromium.chrome.browser.firstrun.FirstRunActivity}: viewVisibility=8 req=720x1280 WM.LayoutParams{(0,0)(fillxfill) sim=#122 ty=1 fl=#81810100 pfl=0x20000 wanim=0x10302fd vsysui=0x600 needsMenuKey=2 colorMode=0 naviIconColor=0}
10-10 15:39:31.168 17804 17804 D ViewRootImpl@3121241[FirstRunActivity]: Relayout returned: old=[0,0][720,1280] new=[0,0][720,1280] result=0x5 surface={valid=false 0} changed=true
10-10 15:39:31.170  3962  3978 D WindowManager: set systemUiVisibility : systemUiFlags= 0x2608 fullscreenStackSysUiFlags= 0x0
10-10 15:39:31.172  3445  3445 I SurfaceFlinger: id=551 createSurf (720x1238),4 flag=404, SurfaceView - com.android.chrome/com.google.android.apps.chrome.Main@9a13c98@0#0
10-10 15:39:31.173  4347  6549 D SystemServicesProxy: updateOverviewLastStackActiveTimeAsync: newTime=1633873170933
10-10 15:39:31.174  3962  3978 D WindowManager: set systemUiVisibility : systemUiFlags= 0x2608 fullscreenStackSysUiFlags= 0x2000
10-10 15:39:31.174  3962  4637 D SecContentProvider: query(), uri = 17 selection = isSettingsChangesAllowed
10-10 15:39:31.174  3445  3445 I SurfaceFlinger: id=552 createSurf (720x1238),-1 flag=20404, Background for - SurfaceView - com.android.chrome/com.google.android.apps.chrome.Main@9a13c98@0#0
10-10 15:39:31.174  3962  4637 D SecContentProvider: called from android.uid.systemui:10009
10-10 15:39:31.175  4347  4677 D SystemServicesProxy: updateOverviewLastStackActiveTimeAsync: done.
10-10 15:39:31.175 17804 17804 D SurfaceView: BG show() Surface(name=Background for - SurfaceView - com.android.chrome/com.google.android.apps.chrome.Main@9a13c98@0) android.view.SurfaceView{9a13c98 V.E...... ......ID 0,0-720,1238}
10-10 15:39:31.175 17804 17804 V Surface : sf_framedrop debug : 0x4f4c, game : false, logging : 0
10-10 15:39:31.175 17804 17804 D SurfaceView: surfaceCreated 1 android.view.SurfaceView{9a13c98 V.E...... ......ID 0,0-720,1238}
10-10 15:39:31.175 17804 17804 D SurfaceView: surfaceChanged (720,1238) 1 android.view.SurfaceView{9a13c98 V.E...... ......ID 0,0-720,1238}
10-10 15:39:31.176  3962  3986 I ActivityManager: Displayed com.android.chrome/com.google.android.apps.chrome.Main: +241ms
10-10 15:39:31.180 17804 17804 I cr_ContextualSearch: Tap suppression enabled: false
10-10 15:39:31.192  3445  3445 I SurfaceFlinger: Display 0 HWC layers:
10-10 15:39:31.192  3445  3445 I SurfaceFlinger:     type    |    handle    | flag |  format   |   source crop (l,t,r,b)    |         frame       | name 
10-10 15:39:31.192  3445  3445 I SurfaceFlinger: ------------+--------------+------+-----------+----------------------------+---------------------+------
10-10 15:39:31.192  3445  3445 I SurfaceFlinger:      Device | 0x7d0a624a80 | 0002 | RGBA_8888 |   0.0    0.0  720.0 1280.0 |    0    0  720 1280 | com.android.chrome/org.chromium.chrome.browser.firstrun.FirstRunActivity#0
10-10 15:39:31.192  3445  3445 I SurfaceFlinger:      Client |              | 0002 |  Unknown  |   0.0    0.0   -1.0   -1.0 |    0   42  720 1280 | Background for - SurfaceView - com.a[...]android.apps.chrome.Main@9a13c98@0#0
10-10 15:39:31.192  3445  3445 I SurfaceFlinger:      Device | 0x7d04302940 | 0002 | RGBA_8888 |   0.0    0.0  720.0 1280.0 |    0    0  720 1280 | com.android.chrome/com.google.android.apps.chrome.Main#0
10-10 15:39:31.192  3445  3445 I SurfaceFlinger:      Device | 0x7d04272880 | 0002 | RGBA_8888 |   0.0    0.0  720.0 1280.0 |    0    0  720 1280 | Splash Screen com.android.chrome#0
10-10 15:39:31.192  3445  3445 I SurfaceFlinger:      Device | 0x7d04272940 | 0000 | RGBA_8888 |   0.0    0.0  720.0   42.0 |    0    0  720   42 | StatusBar#0
10-10 15:39:31.192  3445  3445 I SurfaceFlinger:      Device | 0x7d0aa75c80 | 0000 | RGB
10-10 15:39:31.192  3445  3445 I SurfaceFlinger: A_8888 |   0.0    0.0  720.0 1280.0 |    0    0  720 1280 | PointerLocation#0
10-10 15:39:31.192  3445  3445 I SurfaceFlinger: 
10-10 15:39:31.214 17887 17903 D libGLESv2: STS_GLApi : DTS, ODTC are not allowed for Package : com.android.chrome:privileged_process0
10-10 15:39:31.254  3962  4637 D ConnectivityService: filterNetworkStateForUid() uid: 10095 networkInfo: [type: WIFI[] - WIFI, state: CONNECTED/CONNECTED, reason: (unspecified), extra: "Superman", failover: false, available: true, roaming: false, metered: false]
10-10 15:39:31.257 17804 17804 D ConnectivityManager: requestNetwork; CallingUid : 10095, CallingPid : 17804
10-10 15:39:31.259  3962  4637 D ConnectivityService: listenForNetwork for uid/pid:10095/17804 NetworkRequest [ LISTEN id=184, [ Capabilities: INTERNET&NOT_RESTRICTED&TRUSTED&FOREGROUND] ]
10-10 15:39:31.259  3962  4161 D ConnectivityService: rematching NetworkAgentInfo [WIFI () - 503]
10-10 15:39:31.259  3962  4161 D ConnectivityService:  network has: [ Transports: WIFI Capabilities: NOT_METERED&INTERNET&NOT_RESTRICTED&TRUSTED&NOT_VPN&VALIDATED&FOREGROUND LinkUpBandwidth>=1048576Kbps LinkDnBandwidth>=1048576Kbps SignalStrength: -48]
10-10 15:39:31.259  3962  4161 D ConnectivityService: Network NetworkAgentInfo [WIFI () - 503] was already satisfying request 1. No change.
10-10 15:39:31.259  3962  4161 D ConnectivityService: Network NetworkAgentInfo [WIFI () - 503] was already satisfying request 3. No change.
10-10 15:39:31.259  3962  4161 D ConnectivityService: Network NetworkAgentInfo [WIFI () - 503] was already satisfying request 129. No change.
10-10 15:39:31.259  3962  4161 D ConnectivityService: sending notification AVAILABLE for NetworkRequest [ LISTEN id=184, [ Capabilities: INTERNET&NOT_RESTRICTED&TRUSTED&FOREGROUND] ]
10-10 15:39:31.259  3962  4161 D ConnectivityService: sending notification CAP_CHANGED for NetworkRequest [ LISTEN id=184, [ Capabilities: INTERNET&NOT_RESTRICTED&TRUSTED&FOREGROUND] ]
10-10 15:39:31.260  3962  4161 D ConnectivityService: sending notification IP_CHANGED for NetworkRequest [ LISTEN id=184, [ Capabilities: INTERNET&NOT_RESTRICTED&TRUSTED&FOREGROUND] ]
10-10 15:39:31.275  3962  4637 D ConnectivityService: filterNetworkStateForUid() uid: 10095 networkInfo: [type: WIFI[] - WIFI, state: CONNECTED/CONNECTED, reason: (unspecified), extra: "Superman", failover: false, available: true, roaming: false, metered: false]
10-10 15:39:31.282 17804 17804 I SchedulerApiWrapper: Create SchedulerApiMainThreadWrapper
10-10 15:39:31.291 17804 17804 I FeedSessionManagerImpl: FeedSessionManagerImpl has been created
10-10 15:39:31.292 17804 17804 I FeedAppLifecycleLstnr: onEnterForeground called
10-10 15:39:31.292 17804 17804 I FeedSessionManagerImpl: onLifecycleEvent foreground
10-10 15:39:31.293 17804 17804 I FeedSessionManagerImpl: Lazy initialization triggered, getUpdateConsumer
10-10 15:39:31.293 17804 17804 I FeedRequestManagerImpl: trigger refresh 2
10-10 15:39:31.293 17804 17934 I TaskQueue: Execute task [IMMEDIATE - d: true, b: 0]: 30
10-10 15:39:31.294 17804 17804 I TaskQueue:  - task [HEAD_INVALIDATE - d: true, b: 0]: 26
10-10 15:39:31.294 17804 17804 I FeedAppLifecycleLstnr: initialize called
10-10 15:39:31.294 17804 17804 I FeedSessionManagerImpl: onLifecycleEvent initialize
10-10 15:39:31.294 17804 17804 W FeedSessionManagerImpl: FeedSessionManagerImpl has previously been initialized
10-10 15:39:31.294 17804 17934 I MainThreadRunner: Running task [MainThreadCaller ContentStorage.getAll] on the Main Thread
10-10 15:39:31.309 17804 17804 I BasicStream: Setting 2 header views, currently have 0 headers
10-10 15:39:31.323 17804 17804 I BasicStream: Setting 2 header views, currently have 2 headers
10-10 15:39:31.336  3962  4028 I WindowManager: Destroying surface Surface(name=Splash Screen com.android.chrome) called by com.android.server.wm.WindowStateAnimator.destroySurface:2501 com.android.server.wm.WindowStateAnimator.destroySurfaceLocked:985 com.android.server.wm.WindowState.destroyOrSaveSurfaceUnchecked:3670 com.android.server.wm.WindowState.destroySurface:3618 com.android.server.wm.AppWindowToken.destroySurfaces:722 com.android.server.wm.AppWindowToken.destroySurfaces:706 com.android.server.wm.WindowState.onExitAnimationDone:5316 com.android.server.wm.WindowStateAnimator.stepAnimationLocked:550 
10-10 15:39:31.336  3445  3488 I SurfaceFlinger: id=549 Removed Splash Screen com.android.chrome#0 (4/8)
10-10 15:39:31.340  3445  3445 I SurfaceFlinger: Display 0 HWC layers:
10-10 15:39:31.340  3445  3445 I SurfaceFlinger:     type    |    handle    | flag |  format   |   source crop (l,t,r,b)    |         frame       | name 
10-10 15:39:31.340  3445  3445 I SurfaceFlinger: ------------+--------------+------+-----------+----------------------------+---------------------+------
10-10 15:39:31.340  3445  3445 I SurfaceFlinger:      Device | 0x7d0a624a80 | 0002 | RGBA_8888 |   0.0    0.0  720.0 1280.0 |    0    0  720 1280 | com.android.chrome/org.chromium.chrome.browser.firstrun.FirstRunActivity#0
10-10 15:39:31.340  3445  3445 I SurfaceFlinger:      Client |              | 0002 |  Unknown  |   0.0    0.0   -1.0   -1.0 |    0   42  720 1280 | Background for - SurfaceView - com.a[...]android.apps.chrome.Main@9a13c98@0#0
10-10 15:39:31.340  3445  3445 I SurfaceFlinger:      Device | 0x7d04302940 | 0002 | RGBA_8888 |   0.0    0.0  720.0 1280.0 |    0    0  720 1280 | com.android.chrome/com.google.android.apps.chrome.Main#0
10-10 15:39:31.340  3445  3445 I SurfaceFlinger:      Device | 0x7d0a6243c0 | 0000 | RGBA_8888 |   0.0    0.0  720.0   42.0 |    0    0  720   42 | StatusBar#0
10-10 15:39:31.340  3445  3445 I SurfaceFlinger:      Device | 0x7d0aa75c80 | 0000 | RGBA_8888 |   0.0    0.0  720.0 1280.0 |    0    0  720 1280 | PointerLocation#0
10-10 15:39:31.340  3445  3445 I SurfaceFlinger: 
10-10 15:39:31.343  3445  3487 I SurfaceFlinger: id=549 Removed Splash Screen com.android.chrome#0 (-2/8)
10-10 15:39:31.352  3445  3445 I Layer   : id=549 onRemoved Splash Screen com.android.chrome#0 
10-10 15:39:31.355 17858 17902 I cr_LibraryLoader: Time to load native libraries: 0 ms (timestamps 8493-8493)
10-10 15:39:31.360 17804 17804 I TimeoutSessionImpl: Using TimeoutSessionImpl
10-10 15:39:31.360 17804 17804 I FeedSessionManagerImpl: Delaying populateSession until initialization is finished
10-10 15:39:31.360 17804 17804 I TaskQueue:  - task [IMMEDIATE - d: true, b: 1]: 13
10-10 15:39:31.361 17858 17902 I chromium: [INFO:library_loader_hooks.cc(51)] Chromium logging enabled: level = 0, default verbosity = 0
10-10 15:39:31.361 17804 17804 I MainThreadRunner: Running task [BasicStream onShow] on the Main Thread with a delay of 500 milliseconds
10-10 15:39:31.362 17858 17902 I cr_LibraryLoader: Expected native library version number "77.0.3865.92", actual native library version number "77.0.3865.92"
10-10 15:39:31.370  3962  4028 I WindowManager: Destroying surface Surface(name=com.android.chrome/org.chromium.chrome.browser.firstrun.FirstRunActivity) called by com.android.server.wm.WindowStateAnimator.destroySurface:2501 com.android.server.wm.WindowStateAnimator.destroySurfaceLocked:985 com.android.server.wm.WindowState.destroyOrSaveSurfaceUnchecked:3670 com.android.server.wm.WindowState.destroySurface:3618 com.android.server.wm.AppWindowToken.destroySurfaces:722 com.android.server.wm.AppWindowToken.destroySurfaces:706 com.android.server.wm.WindowState.onExitAnimationDone:5316 com.android.server.wm.WindowStateAnimator.stepAnimationLocked:550 
10-10 15:39:31.371  3445  3488 I SurfaceFlinger: id=548 Removed com.android.chrome/org.chromium.chrome.browser.firstrun.FirstRunActivity#0 (1/7)
10-10 15:39:31.373 17887 17903 V Surface : sf_framedrop debug : 0x4f4c, game : false, logging : 0
10-10 15:39:31.375  3445  3488 I SurfaceFlinger: id=548 Removed com.android.chrome/org.chromium.chrome.browser.firstrun.FirstRunActivity#0 (-2/7)
10-10 15:39:31.376 17887 17903 D mali_winsys: EGLint new_window_surface(egl_winsys_display *, void *, EGLSurface, EGLConfig, egl_winsys_surface **, egl_color_buffer_format *, EGLBoolean) returns 0x3000,  [720x1238]-format:1
10-10 15:39:31.376  3445  3445 I SurfaceFlinger: Display 0 HWC layers:
10-10 15:39:31.376  3445  3445 I SurfaceFlinger:     type    |    handle    | flag |  format   |   source crop (l,t,r,b)    |         frame       | name 
10-10 15:39:31.376  3445  3445 I SurfaceFlinger: ------------+--------------+------+-----------+----------------------------+---------------------+------
10-10 15:39:31.376  3445  3445 I SurfaceFlinger:      Client |              | 0002 |  Unknown  |   0.0    0.0   -1.0   -1.0 |    0   42  720 1280 | Background for - SurfaceView - com.a[...]android.apps.chrome.Main@9a13c98@0#0
10-10 15:39:31.376  3445  3445 I SurfaceFlinger:      Device | 0x7d04302940 | 0002 | RGBA_8888 |   0.0    0.0  720.0 1280.0 |    0    0  720 1280 | com.android.chrome/com.google.android.apps.chrome.Main#0
10-10 15:39:31.376  3445  3445 I SurfaceFlinger:      Device | 0x7d0a6243c0 | 0000 | RGBA_8888 |   0.0    0.0  720.0   42.0 |    0    0  720   42 | StatusBar#0
10-10 15:39:31.376  3445  3445 I SurfaceFlinger:      Device | 0x7d0aa75c80 | 0000 | RGBA_8888 |   0.0    0.0  720.0 1280.0 |    0    0  720 1280 | PointerLocation#0
10-10 15:39:31.376  3445  3445 I SurfaceFlinger: 
10-10 15:39:31.385  3445  3445 I Layer   : id=548 onRemoved com.android.chrome/org.chromium.chrome.browser.firstrun.FirstRunActivity#0 
10-10 15:39:31.427  3962  4553 D ConnectivityService: filterNetworkStateForUid() uid: 10095 networkInfo: [type: WIFI[] - WIFI, state: CONNECTED/CONNECTED, reason: (unspecified), extra: "Superman", failover: false, available: true, roaming: false, metered: false]
10-10 15:39:31.429  3962  4553 D ConnectivityService: filterNetworkStateForUid() uid: 10095 networkInfo: [type: WIFI[] - WIFI, state: CONNECTED/CONNECTED, reason: (unspecified), extra: "Superman", failover: false, available: true, roaming: false, metered: false]
10-10 15:39:31.449 17804 17804 I BasicStream: Setting 3 header views, currently have 2 headers
10-10 15:39:31.460  3962  4553 I ApplicationPolicy: isApplicationExternalStorageWhitelisted:com.android.chrome user:0
10-10 15:39:31.460  3962  4553 D ApplicationPolicy: isApplicationExternalStorageWhitelisted: DO is not enabled on user 0. Allowed.
10-10 15:39:31.460  3962  4553 D ActivityManager: package  com.android.chrome, user - 0 is SDcard whitelisted
10-10 15:39:31.460  3962  4553 I ApplicationPolicy: isApplicationExternalStorageBlacklisted:com.android.chrome user:0
10-10 15:39:31.460  3962  4553 D ApplicationPolicy: isApplicationExternalStorageBlacklisted: DO is not enabled on user 0. Allowed.
10-10 15:39:31.460  3962  4553 I ActivityManager: SA, print process name forked by webview_zygote : com.android.chrome:sandboxed_process1
10-10 15:39:31.463  4415  4415 E SchedPolicy: add_tid_to_cgroup failed; fd=-1
10-10 15:39:31.474  3445  3445 I SurfaceFlinger: Display 0 HWC layers:
10-10 15:39:31.474  3445  3445 I SurfaceFlinger:     type    |    handle    | flag |  format   |   source crop (l,t,r,b)    |         frame       | name 
10-10 15:39:31.474  3445  3445 I SurfaceFlinger: ------------+--------------+------+-----------+----------------------------+---------------------+------
10-10 15:39:31.474  3445  3445 I SurfaceFlinger:      Device | 0x7d04302940 | 0002 | RGBA_8888 |   0.0    0.0  720.0 1280.0 |    0    0  720 1280 | com.android.chrome/com.google.android.apps.chrome.Main#0
10-10 15:39:31.474  3445  3445 I SurfaceFlinger:      Device | 0x7d0a624540 | 0000 | RGBA_8888 |   0.0    0.0  720.0   42.0 |    0    0  720   42 | StatusBar#0
10-10 15:39:31.474  3445  3445 I SurfaceFlinger:      Device | 0x7d0aa75c80 | 0000 | RGBA_8888 |   0.0    0.0  720.0 1280.0 |    0    0  720 1280 | PointerLocation#0
10-10 15:39:31.474  3445  3445 I SurfaceFlinger: 
10-10 15:39:31.476 17943 17943 E /system/bin/webview_zygote32: failed to make and chown /acct/uid_99053: Permission denied
10-10 15:39:31.476 17943 17943 E Zygote  : createProcessGroup(99053, 0) failed: Permission denied
10-10 15:39:31.476 17943 17943 E libpersona: Couldn't open the File - /data/system/users/0.xml - Permission denied
10-10 15:39:31.477  3962  4553 I ActivityManager: Start proc 17943:com.android.chrome:sandboxed_process1/u0i53 for webview_service com.android.chrome/org.chromium.content.app.SandboxedProcessService1
10-10 15:39:31.478 17943 17943 W SELinux : SELinux selinux_android_compute_policy_index : Policy Index[2],  Con:u:r:webview_zygote:s0 RAM:SEPF_SM-J720F_8.0.0_0002, [-1 -1 -1 -1 0 1]
10-10 15:39:31.478  3962  3986 D CustomFrequencyManagerService: acquireDVFSLockLocked : type : DVFS_MIN_LIMIT  frequency : 1560000  uid : 1000  pid : 3962  pkgName : AMS_RESUME_TAIL@CPU_MIN@61
10-10 15:39:31.479  3962  3986 D ActivityManagerPerformance: AMP_acquire() TAIL
10-10 15:39:31.479 17943 17943 I SELinux : SELinux: seapp_context_lookup: seinfo=chrome, level=s0:c512,c768, pkgname=com.android.chrome:sandboxed_process1 
10-10 15:39:31.479  3962  3986 D CustomFrequencyManagerService: releaseDVFSLockLocked : Getting Lock type frm List : DVFS_MIN_LIMIT  frequency : 1560000  uid : 1000  pid : 3962  tag : AMS_ACT_START@CPU_MIN@69
10-10 15:39:31.480  3962  3986 D ActivityManagerPerformance: AMP_release() ACT_START
10-10 15:39:31.510 17943 17943 I SamplingProfilerIntegration: Profiling disabled.
10-10 15:39:31.515 17943 17943 D TimaKeyStoreProvider: TimaKeyStore is not enabled: cannot add TimaSignature Service and generateKeyPair Service
10-10 15:39:31.516 17943 17943 D ActivityThread: Added TimaKeyStore provider
10-10 15:39:31.523  3962 19389 I ActivityManager: DSS on for com.android.chrome and scale is 1.0
10-10 15:39:31.538  3962  4637 V WindowManager: Relayout Window{6d1706e u0 com.android.chrome/com.google.android.apps.chrome.Main}: viewVisibility=0 req=720x1280 WM.LayoutParams{(0,0)(fillxfill) sim=#13 ty=1 fl=#81810100 pfl=0x20000 wanim=0x10302fd vsysui=0x2600 sysuil=true needsMenuKey=2 colorMode=0 naviIconColor=0}
10-10 15:39:31.544 17804 17804 D ViewRootImpl@246774e[Main]: Relayout returned: old=[0,0][720,1280] new=[0,0][720,1280] result=0x1 surface={valid=true 3158036480} changed=false
10-10 15:39:31.565 17961 17961 E asset   : setgid: Operation not permitted
10-10 15:39:31.582  3962  4548 D ConnectivityService: filterNetworkStateForUid() uid: 10095 networkInfo: [type: WIFI[] - WIFI, state: CONNECTED/CONNECTED, reason: (unspecified), extra: "Superman", failover: false, available: true, roaming: false, metered: false]
10-10 15:39:31.584  3962  4548 D ConnectivityService: filterNetworkStateForUid() uid: 10095 networkInfo: [type: WIFI[] - WIFI, state: CONNECTED/CONNECTED, reason: (unspecified), extra: "Superman", failover: false, available: true, roaming: false, metered: false]
10-10 15:39:31.590  5077  7261 I PeopleChimeraService: onService. callbacks = abaj@7ef5740, request = com.google.android.gms.common.internal.GetServiceRequest@8fdd679
10-10 15:39:31.591  3962  3976 D ConnectivityService: filterNetworkStateForUid() uid: 1000 networkInfo: [type: WIFI[] - WIFI, state: CONNECTED/CONNECTED, reason: (unspecified), extra: "Superman", failover: false, available: true, roaming: false, metered: false]
10-10 15:39:31.602 17804 17804 W chromium: [WARNING:profile_downloader.cc(288)] ProfileDownloader: token request using refresh token failed:Request canceled.
10-10 15:39:31.604 17804 17804 I FeedAppLifecycleLstnr: onClearAllWithRefresh called
10-10 15:39:31.605 17804 17804 I FeedSessionManagerImpl: onLifecycleEvent clearAllWithRefresh
10-10 15:39:31.605 17804 17804 I FeedSessionManagerImpl: CLEAR_ALL_WITH_REFRESH will cancel 1 mutations
10-10 15:39:31.605 17804 17804 I TaskQueue:  - task [IMMEDIATE - d: true, b: 2]: 3
10-10 15:39:31.605 17804 17804 I BasicStream: Setting 2 header views, currently have 3 headers
10-10 15:39:31.629  3962  4548 V WindowManager: Relayout Window{6d1706e u0 com.android.chrome/com.google.android.apps.chrome.Main}: viewVisibility=0 req=720x1280 WM.LayoutParams{(0,0)(fillxfill) sim=#13 ty=1 fl=#81810100 pfl=0x20000 fmt=-3 wanim=0x10302fd vsysui=0x2600 sysuil=true needsMenuKey=2 colorMode=0 naviIconColor=0}
10-10 15:39:31.632 17804 17804 D ViewRootImpl@246774e[Main]: Relayout returned: old=[0,0][720,1280] new=[0,0][720,1280] result=0x1 surface={valid=true 3158036480} changed=false
10-10 15:39:31.642 17943 17943 V Monotype: fonts.xml take from : /system/etc/
10-10 15:39:31.642  4781 18921 E Auth    : [GoogleAccountDataServiceImpl] getToken() -> BAD_AUTHENTICATION. Account: <ELLIDED:-421322798>, App: com.android.chrome, Service: oauth2:https://www.googleapis.com/auth/userinfo.email https://www.googleapis.com/auth/userinfo.profile
10-10 15:39:31.642  4781 18921 E Auth    : slg: Long live credential not available.
10-10 15:39:31.642  4781 18921 E Auth    : 	at hde.a(:com.google.android.gms@20104019@20.1.04 (040400-288960190):133)
10-10 15:39:31.642  4781 18921 E Auth    : 	at gzm.a(:com.google.android.gms@20104019@20.1.04 (040400-288960190):38)
10-10 15:39:31.642  4781 18921 E Auth    : 	at gzm.a(:com.google.android.gms@20104019@20.1.04 (040400-288960190):129)
10-10 15:39:31.642  4781 18921 E Auth    : 	at dty.a(:com.google.android.gms@20104019@20.1.04 (040400-288960190):4)
10-10 15:39:31.642  4781 18921 E Auth    : 	at abbq.a(:com.google.android.gms@20104019@20.1.04 (040400-288960190):3)
10-10 15:39:31.642  4781 18921 E Auth    : 	at cmv.onTransact(:com.google.android.gms@20104019@20.1.04 (040400-288960190):4)
10-10 15:39:31.642  4781 18921 E Auth    : 	at android.os.Binder.transact(Binder.java:612)
10-10 15:39:31.642  4781 18921 E Auth    : 	at dvt.onTransact(:com.google.android.gms@20104019@20.1.04 (040400-288960190):2)
10-10 15:39:31.642  4781 18921 E Auth    : 	at android.os.Binder.transact(Binder.java:612)
10-10 15:39:31.642  4781 18921 E Auth    : 	at abch.onTransact(:com.google.android.gms@20104019@20.1.04 (040400-288960190):26)
10-10 15:39:31.642  4781 18921 E Auth    : 	at android.os.Binder.execTransact(Binder.java:682)
10-10 15:39:31.643  4781 18921 W Auth    : [GetToken] GetToken failed with status code: BadAuthentication
10-10 15:39:31.643  3445  3445 I SurfaceFlinger: Display 0 HWC layers:
10-10 15:39:31.643  3445  3445 I SurfaceFlinger:     type    |    handle    | flag |  format   |   source crop (l,t,r,b)    |         frame       | name 
